------------------------------------------------------------
TimeQuest Timing Analyzer Summary
------------------------------------------------------------

Type  : Slow 1200mV 85C Model Setup 'A[0]'
Slack : -17.869
TNS   : -220.577

Type  : Slow 1200mV 85C Model Setup 'da_test:inst3|CLK_out1'
Slack : -8.908
TNS   : -7651.422

Type  : Slow 1200mV 85C Model Setup 'inst|altpll_component|auto_generated|pll1|clk[0]'
Slack : -7.603
TNS   : -150.290

Type  : Slow 1200mV 85C Model Hold 'A[0]'
Slack : -3.713
TNS   : -27.617

Type  : Slow 1200mV 85C Model Hold 'da_test:inst3|CLK_out1'
Slack : -2.004
TNS   : -5.288

Type  : Slow 1200mV 85C Model Hold 'inst|altpll_component|auto_generated|pll1|clk[0]'
Slack : -0.114
TNS   : -0.114

Type  : Slow 1200mV 85C Model Minimum Pulse Width 'A[0]'
Slack : -3.000
TNS   : -289.723

Type  : Slow 1200mV 85C Model Minimum Pulse Width 'da_test:inst3|CLK_out1'
Slack : -1.487
TNS   : -1724.920

Type  : Slow 1200mV 85C Model Minimum Pulse Width 'inst|altpll_component|auto_generated|pll1|clk[0]'
Slack : 4.693
TNS   : 0.000

Type  : Slow 1200mV 85C Model Minimum Pulse Width 'EM1CLK'
Slack : 4.858
TNS   : 0.000

Type  : Slow 1200mV 0C Model Setup 'A[0]'
Slack : -17.087
TNS   : -212.377

Type  : Slow 1200mV 0C Model Setup 'da_test:inst3|CLK_out1'
Slack : -8.366
TNS   : -7052.767

Type  : Slow 1200mV 0C Model Setup 'inst|altpll_component|auto_generated|pll1|clk[0]'
Slack : -6.411
TNS   : -93.873

Type  : Slow 1200mV 0C Model Hold 'A[0]'
Slack : -3.503
TNS   : -26.949

Type  : Slow 1200mV 0C Model Hold 'da_test:inst3|CLK_out1'
Slack : -1.769
TNS   : -4.173

Type  : Slow 1200mV 0C Model Hold 'inst|altpll_component|auto_generated|pll1|clk[0]'
Slack : -0.240
TNS   : -0.240

Type  : Slow 1200mV 0C Model Minimum Pulse Width 'A[0]'
Slack : -3.000
TNS   : -270.671

Type  : Slow 1200mV 0C Model Minimum Pulse Width 'da_test:inst3|CLK_out1'
Slack : -1.487
TNS   : -1724.920

Type  : Slow 1200mV 0C Model Minimum Pulse Width 'inst|altpll_component|auto_generated|pll1|clk[0]'
Slack : 4.665
TNS   : 0.000

Type  : Slow 1200mV 0C Model Minimum Pulse Width 'EM1CLK'
Slack : 4.855
TNS   : 0.000

Type  : Fast 1200mV 0C Model Setup 'A[0]'
Slack : -8.339
TNS   : -99.861

Type  : Fast 1200mV 0C Model Setup 'da_test:inst3|CLK_out1'
Slack : -3.998
TNS   : -2627.687

Type  : Fast 1200mV 0C Model Setup 'inst|altpll_component|auto_generated|pll1|clk[0]'
Slack : -0.074
TNS   : -0.074

Type  : Fast 1200mV 0C Model Hold 'A[0]'
Slack : -2.167
TNS   : -18.974

Type  : Fast 1200mV 0C Model Hold 'da_test:inst3|CLK_out1'
Slack : -1.193
TNS   : -6.087

Type  : Fast 1200mV 0C Model Hold 'inst|altpll_component|auto_generated|pll1|clk[0]'
Slack : 0.079
TNS   : 0.000

Type  : Fast 1200mV 0C Model Minimum Pulse Width 'A[0]'
Slack : -3.000
TNS   : -452.273

Type  : Fast 1200mV 0C Model Minimum Pulse Width 'da_test:inst3|CLK_out1'
Slack : -1.000
TNS   : -1160.000

Type  : Fast 1200mV 0C Model Minimum Pulse Width 'EM1CLK'
Slack : 4.423
TNS   : 0.000

Type  : Fast 1200mV 0C Model Minimum Pulse Width 'inst|altpll_component|auto_generated|pll1|clk[0]'
Slack : 4.768
TNS   : 0.000

------------------------------------------------------------
