<?xml version="1.0"?>
<link_info>
   <banner>TMS320C2000 Linker PC v15.12.6.LTS</banner>
   <copyright>Copyright (c) 1996-2017 Texas Instruments Incorporated</copyright>
   <link_time>0x5f2c3fef</link_time>
   <link_errors>0x0</link_errors>
   <output_file>Micro_DIST.out</output_file>
   <entry_point>
      <name>code_start</name>
      <address>0x80000</address>
   </entry_point>
   <input_file_list>
      <input_file id="fl-2">
         <path>.\source\</path>
         <kind>object</kind>
         <file>F2837xS_Adc.obj</file>
         <name>F2837xS_Adc.obj</name>
      </input_file>
      <input_file id="fl-3">
         <path>.\source\</path>
         <kind>object</kind>
         <file>F2837xS_CodeStartBranch.obj</file>
         <name>F2837xS_CodeStartBranch.obj</name>
      </input_file>
      <input_file id="fl-4">
         <path>.\source\</path>
         <kind>object</kind>
         <file>F2837xS_CpuTimers.obj</file>
         <name>F2837xS_CpuTimers.obj</name>
      </input_file>
      <input_file id="fl-5">
         <path>.\source\</path>
         <kind>object</kind>
         <file>F2837xS_DA.obj</file>
         <name>F2837xS_DA.obj</name>
      </input_file>
      <input_file id="fl-6">
         <path>.\source\</path>
         <kind>object</kind>
         <file>F2837xS_DefaultISR.obj</file>
         <name>F2837xS_DefaultISR.obj</name>
      </input_file>
      <input_file id="fl-7">
         <path>.\source\</path>
         <kind>object</kind>
         <file>F2837xS_EPwm.obj</file>
         <name>F2837xS_EPwm.obj</name>
      </input_file>
      <input_file id="fl-8">
         <path>.\source\</path>
         <kind>object</kind>
         <file>F2837xS_Emif.obj</file>
         <name>F2837xS_Emif.obj</name>
      </input_file>
      <input_file id="fl-9">
         <path>.\source\</path>
         <kind>object</kind>
         <file>F2837xS_GlobalVariableDefs.obj</file>
         <name>F2837xS_GlobalVariableDefs.obj</name>
      </input_file>
      <input_file id="fl-a">
         <path>.\source\</path>
         <kind>object</kind>
         <file>F2837xS_Gpio.obj</file>
         <name>F2837xS_Gpio.obj</name>
      </input_file>
      <input_file id="fl-b">
         <path>.\source\</path>
         <kind>object</kind>
         <file>F2837xS_PieCtrl.obj</file>
         <name>F2837xS_PieCtrl.obj</name>
      </input_file>
      <input_file id="fl-c">
         <path>.\source\</path>
         <kind>object</kind>
         <file>F2837xS_PieVect.obj</file>
         <name>F2837xS_PieVect.obj</name>
      </input_file>
      <input_file id="fl-d">
         <path>.\source\</path>
         <kind>object</kind>
         <file>F2837xS_Spi.obj</file>
         <name>F2837xS_Spi.obj</name>
      </input_file>
      <input_file id="fl-e">
         <path>.\source\</path>
         <kind>object</kind>
         <file>F2837xS_SysCtrl.obj</file>
         <name>F2837xS_SysCtrl.obj</name>
      </input_file>
      <input_file id="fl-f">
         <path>.\source\</path>
         <kind>object</kind>
         <file>F2837xS_Xbar.obj</file>
         <name>F2837xS_Xbar.obj</name>
      </input_file>
      <input_file id="fl-10">
         <path>.\source\</path>
         <kind>object</kind>
         <file>F2837xS_fault.obj</file>
         <name>F2837xS_fault.obj</name>
      </input_file>
      <input_file id="fl-11">
         <path>.\source\</path>
         <kind>object</kind>
         <file>F2837xS_struct.obj</file>
         <name>F2837xS_struct.obj</name>
      </input_file>
      <input_file id="fl-12">
         <path>.\source\</path>
         <kind>object</kind>
         <file>F2837xS_usDelay.obj</file>
         <name>F2837xS_usDelay.obj</name>
      </input_file>
      <input_file id="fl-13">
         <path>.\source\</path>
         <kind>object</kind>
         <file>F2837xS_variable.obj</file>
         <name>F2837xS_variable.obj</name>
      </input_file>
      <input_file id="fl-14">
         <path>.\source\</path>
         <kind>object</kind>
         <file>Filter.obj</file>
         <name>Filter.obj</name>
      </input_file>
      <input_file id="fl-15">
         <path>.\source\</path>
         <kind>object</kind>
         <file>RingBuff.obj</file>
         <name>RingBuff.obj</name>
      </input_file>
      <input_file id="fl-16">
         <path>.\source\</path>
         <kind>object</kind>
         <file>cc.obj</file>
         <name>cc.obj</name>
      </input_file>
      <input_file id="fl-17">
         <path>.\source\</path>
         <kind>object</kind>
         <file>cc_spi_func.obj</file>
         <name>cc_spi_func.obj</name>
      </input_file>
      <input_file id="fl-18">
         <path>.\source\</path>
         <kind>object</kind>
         <file>data_form_change.obj</file>
         <name>data_form_change.obj</name>
      </input_file>
      <input_file id="fl-19">
         <path>.\source\</path>
         <kind>object</kind>
         <file>easy2837xS_sci_v8.4.obj</file>
         <name>easy2837xS_sci_v8.4.obj</name>
      </input_file>
      <input_file id="fl-1a">
         <path>.\source\</path>
         <kind>object</kind>
         <file>main.obj</file>
         <name>main.obj</name>
      </input_file>
      <input_file id="fl-1b">
         <path>.\source\</path>
         <kind>object</kind>
         <file>socket.obj</file>
         <name>socket.obj</name>
      </input_file>
      <input_file id="fl-1c">
         <path>.\source\</path>
         <kind>object</kind>
         <file>w5300.obj</file>
         <name>w5300.obj</name>
      </input_file>
      <input_file id="fl-21">
         <kind>object</kind>
         <file>&lt;internal&gt;</file>
         <name>&lt;internal&gt;</name>
      </input_file>
      <input_file id="fl-22">
         <path>C:\ti\ccsv7\tools\compiler\ti-cgt-c2000_15.12.6.LTS\lib\</path>
         <kind>archive</kind>
         <file>rts2800_fpu32.lib</file>
         <name>boot.obj</name>
      </input_file>
      <input_file id="fl-23">
         <path>C:\ti\ccsv7\tools\compiler\ti-cgt-c2000_15.12.6.LTS\lib\</path>
         <kind>archive</kind>
         <file>rts2800_fpu32.lib</file>
         <name>cpy_tbl.obj</name>
      </input_file>
      <input_file id="fl-24">
         <path>C:\ti\ccsv7\tools\compiler\ti-cgt-c2000_15.12.6.LTS\lib\</path>
         <kind>archive</kind>
         <file>rts2800_fpu32.lib</file>
         <name>cpy_utils.obj</name>
      </input_file>
      <input_file id="fl-25">
         <path>C:\ti\ccsv7\tools\compiler\ti-cgt-c2000_15.12.6.LTS\lib\</path>
         <kind>archive</kind>
         <file>rts2800_fpu32.lib</file>
         <name>exit.obj</name>
      </input_file>
      <input_file id="fl-26">
         <path>C:\ti\ccsv7\tools\compiler\ti-cgt-c2000_15.12.6.LTS\lib\</path>
         <kind>archive</kind>
         <file>rts2800_fpu32.lib</file>
         <name>fs_div.obj</name>
      </input_file>
      <input_file id="fl-27">
         <path>C:\ti\ccsv7\tools\compiler\ti-cgt-c2000_15.12.6.LTS\lib\</path>
         <kind>archive</kind>
         <file>rts2800_fpu32.lib</file>
         <name>ll_aox.obj</name>
      </input_file>
      <input_file id="fl-28">
         <path>C:\ti\ccsv7\tools\compiler\ti-cgt-c2000_15.12.6.LTS\lib\</path>
         <kind>archive</kind>
         <file>rts2800_fpu32.lib</file>
         <name>ll_cmp.obj</name>
      </input_file>
      <input_file id="fl-29">
         <path>C:\ti\ccsv7\tools\compiler\ti-cgt-c2000_15.12.6.LTS\lib\</path>
         <kind>archive</kind>
         <file>rts2800_fpu32.lib</file>
         <name>memcpy.obj</name>
      </input_file>
      <input_file id="fl-2a">
         <path>C:\ti\ccsv7\tools\compiler\ti-cgt-c2000_15.12.6.LTS\lib\</path>
         <kind>archive</kind>
         <file>rts2800_fpu32.lib</file>
         <name>pre_init.obj</name>
      </input_file>
      <input_file id="fl-2b">
         <path>C:\ti\ccsv7\tools\compiler\ti-cgt-c2000_15.12.6.LTS\lib\</path>
         <kind>archive</kind>
         <file>rts2800_fpu32.lib</file>
         <name>startup.obj</name>
      </input_file>
      <input_file id="fl-2c">
         <path>C:\ti\ccsv7\tools\compiler\ti-cgt-c2000_15.12.6.LTS\lib\</path>
         <kind>archive</kind>
         <file>rts2800_fpu32.lib</file>
         <name>_lock.obj</name>
      </input_file>
      <input_file id="fl-2d">
         <path>C:\ti\ccsv7\tools\compiler\ti-cgt-c2000_15.12.6.LTS\lib\</path>
         <kind>archive</kind>
         <file>rts2800_fpu32.lib</file>
         <name>args_main.obj</name>
      </input_file>
   </input_file_list>
   <object_component_list>
      <object_component id="oc-e1">
         <name>.cinit</name>
         <load_address>0x82000</load_address>
         <run_address>0x82000</run_address>
         <size>0x3c6</size>
         <input_file_ref idref="fl-13"/>
      </object_component>
      <object_component id="oc-de">
         <name>.cinit</name>
         <load_address>0x823c6</load_address>
         <run_address>0x823c6</run_address>
         <size>0x62</size>
         <input_file_ref idref="fl-11"/>
      </object_component>
      <object_component id="oc-e5">
         <name>.cinit</name>
         <load_address>0x82428</load_address>
         <run_address>0x82428</run_address>
         <size>0x61</size>
         <input_file_ref idref="fl-16"/>
      </object_component>
      <object_component id="oc-eb">
         <name>.cinit</name>
         <load_address>0x82489</load_address>
         <run_address>0x82489</run_address>
         <size>0x4e</size>
         <input_file_ref idref="fl-19"/>
      </object_component>
      <object_component id="oc-ee">
         <name>.cinit</name>
         <load_address>0x824d7</load_address>
         <run_address>0x824d7</run_address>
         <size>0x3a</size>
         <input_file_ref idref="fl-1a"/>
      </object_component>
      <object_component id="oc-db">
         <name>.cinit</name>
         <load_address>0x82511</load_address>
         <run_address>0x82511</run_address>
         <size>0x14</size>
         <input_file_ref idref="fl-10"/>
      </object_component>
      <object_component id="oc-106">
         <name>.cinit</name>
         <load_address>0x82525</load_address>
         <run_address>0x82525</run_address>
         <size>0xe</size>
         <input_file_ref idref="fl-25"/>
      </object_component>
      <object_component id="oc-e3">
         <name>.cinit</name>
         <load_address>0x82533</load_address>
         <run_address>0x82533</run_address>
         <size>0xc</size>
         <input_file_ref idref="fl-15"/>
      </object_component>
      <object_component id="oc-e9">
         <name>.cinit</name>
         <load_address>0x8253f</load_address>
         <run_address>0x8253f</run_address>
         <size>0xc</size>
         <input_file_ref idref="fl-17"/>
      </object_component>
      <object_component id="oc-143">
         <name>.cinit:__lock</name>
         <load_address>0x8254b</load_address>
         <run_address>0x8254b</run_address>
         <size>0x5</size>
         <input_file_ref idref="fl-2c"/>
      </object_component>
      <object_component id="oc-150">
         <name>.cinit:__unlock</name>
         <load_address>0x82550</load_address>
         <run_address>0x82550</run_address>
         <size>0x5</size>
         <input_file_ref idref="fl-2c"/>
      </object_component>
      <object_component id="oc-f0">
         <name>.cinit</name>
         <load_address>0x82555</load_address>
         <run_address>0x82555</run_address>
         <size>0x4</size>
         <input_file_ref idref="fl-1b"/>
      </object_component>
      <object_component id="oc-134">
         <name>.text</name>
         <load_address>0x8255c</load_address>
         <run_address>0x8255c</run_address>
         <size>0xdd3</size>
         <input_file_ref idref="fl-17"/>
      </object_component>
      <object_component id="oc-137">
         <name>.text</name>
         <load_address>0x8332f</load_address>
         <run_address>0x8332f</run_address>
         <size>0x9c4</size>
         <input_file_ref idref="fl-1c"/>
      </object_component>
      <object_component id="oc-144">
         <name>.text</name>
         <load_address>0x83cf3</load_address>
         <run_address>0x83cf3</run_address>
         <size>0x2e8</size>
         <input_file_ref idref="fl-e"/>
      </object_component>
      <object_component id="oc-116">
         <name>.text</name>
         <load_address>0x83fdb</load_address>
         <run_address>0x83fdb</run_address>
         <size>0x1e</size>
         <input_file_ref idref="fl-28"/>
      </object_component>
      <object_component id="oc-13b">
         <name>.text</name>
         <load_address>0x83ff9</load_address>
         <run_address>0x83ff9</run_address>
         <size>0x2</size>
         <input_file_ref idref="fl-2a"/>
      </object_component>
      <object_component id="oc-13d">
         <name>.text</name>
         <load_address>0x83ffb</load_address>
         <run_address>0x83ffb</run_address>
         <size>0x1</size>
         <input_file_ref idref="fl-2b"/>
      </object_component>
      <object_component id="oc-79">
         <name>.text:retain</name>
         <load_address>0x84000</load_address>
         <run_address>0x84000</run_address>
         <size>0x585</size>
         <input_file_ref idref="fl-6"/>
      </object_component>
      <object_component id="oc-147">
         <name>.text</name>
         <load_address>0x84585</load_address>
         <run_address>0x84585</run_address>
         <size>0x4c2</size>
         <input_file_ref idref="fl-a"/>
      </object_component>
      <object_component id="oc-ed">
         <name>.text:retain</name>
         <load_address>0x84a47</load_address>
         <run_address>0x84a47</run_address>
         <size>0x3bb</size>
         <input_file_ref idref="fl-19"/>
      </object_component>
      <object_component id="oc-139">
         <name>.text</name>
         <load_address>0x84e02</load_address>
         <run_address>0x84e02</run_address>
         <size>0x313</size>
         <input_file_ref idref="fl-1b"/>
      </object_component>
      <object_component id="oc-149">
         <name>.text</name>
         <load_address>0x85115</load_address>
         <run_address>0x85115</run_address>
         <size>0x1ee</size>
         <input_file_ref idref="fl-2"/>
      </object_component>
      <object_component id="oc-136">
         <name>.text</name>
         <load_address>0x85303</load_address>
         <run_address>0x85303</run_address>
         <size>0x1ea</size>
         <input_file_ref idref="fl-16"/>
      </object_component>
      <object_component id="oc-14a">
         <name>.text</name>
         <load_address>0x854ed</load_address>
         <run_address>0x854ed</run_address>
         <size>0x190</size>
         <input_file_ref idref="fl-5"/>
      </object_component>
      <object_component id="oc-e8">
         <name>.text:retain</name>
         <load_address>0x8567d</load_address>
         <run_address>0x8567d</run_address>
         <size>0x158</size>
         <input_file_ref idref="fl-16"/>
      </object_component>
      <object_component id="oc-14b">
         <name>.text</name>
         <load_address>0x857d5</load_address>
         <run_address>0x857d5</run_address>
         <size>0x13f</size>
         <input_file_ref idref="fl-7"/>
      </object_component>
      <object_component id="oc-140">
         <name>.text</name>
         <load_address>0x85914</load_address>
         <run_address>0x85914</run_address>
         <size>0x10f</size>
         <input_file_ref idref="fl-13"/>
      </object_component>
      <object_component id="oc-141">
         <name>.text</name>
         <load_address>0x85a23</load_address>
         <run_address>0x85a23</run_address>
         <size>0xc5</size>
         <input_file_ref idref="fl-1a"/>
      </object_component>
      <object_component id="oc-10c">
         <name>.text</name>
         <load_address>0x85ae8</load_address>
         <run_address>0x85ae8</run_address>
         <size>0x88</size>
         <input_file_ref idref="fl-26"/>
      </object_component>
      <object_component id="oc-13a">
         <name>.text</name>
         <load_address>0x85b70</load_address>
         <run_address>0x85b70</run_address>
         <size>0x85</size>
         <input_file_ref idref="fl-15"/>
      </object_component>
      <object_component id="oc-14c">
         <name>.text</name>
         <load_address>0x85bf5</load_address>
         <run_address>0x85bf5</run_address>
         <size>0x7b</size>
         <input_file_ref idref="fl-4"/>
      </object_component>
      <object_component id="oc-f4">
         <name>.text</name>
         <load_address>0x85c70</load_address>
         <run_address>0x85c70</run_address>
         <size>0x56</size>
         <input_file_ref idref="fl-22"/>
      </object_component>
      <object_component id="oc-14e">
         <name>.text</name>
         <load_address>0x85cc6</load_address>
         <run_address>0x85cc6</run_address>
         <size>0x50</size>
         <input_file_ref idref="fl-19"/>
      </object_component>
      <object_component id="oc-dd">
         <name>.text:retain</name>
         <load_address>0x85d16</load_address>
         <run_address>0x85d16</run_address>
         <size>0x4f</size>
         <input_file_ref idref="fl-10"/>
      </object_component>
      <object_component id="oc-13c">
         <name>.text</name>
         <load_address>0x85d65</load_address>
         <run_address>0x85d65</run_address>
         <size>0x46</size>
         <input_file_ref idref="fl-23"/>
      </object_component>
      <object_component id="oc-14d">
         <name>.text</name>
         <load_address>0x85dab</load_address>
         <run_address>0x85dab</run_address>
         <size>0x3f</size>
         <input_file_ref idref="fl-8"/>
      </object_component>
      <object_component id="oc-13f">
         <name>.text</name>
         <load_address>0x85dea</load_address>
         <run_address>0x85dea</run_address>
         <size>0x29</size>
         <input_file_ref idref="fl-25"/>
      </object_component>
      <object_component id="oc-145">
         <name>.text</name>
         <load_address>0x85e13</load_address>
         <run_address>0x85e13</run_address>
         <size>0x28</size>
         <input_file_ref idref="fl-b"/>
      </object_component>
      <object_component id="oc-146">
         <name>.text</name>
         <load_address>0x85e3b</load_address>
         <run_address>0x85e3b</run_address>
         <size>0x26</size>
         <input_file_ref idref="fl-c"/>
      </object_component>
      <object_component id="oc-151">
         <name>.text</name>
         <load_address>0x85e61</load_address>
         <run_address>0x85e61</run_address>
         <size>0x1e</size>
         <input_file_ref idref="fl-29"/>
      </object_component>
      <object_component id="oc-148">
         <name>.text</name>
         <load_address>0x85e7f</load_address>
         <run_address>0x85e7f</run_address>
         <size>0x1d</size>
         <input_file_ref idref="fl-f"/>
      </object_component>
      <object_component id="oc-100">
         <name>.text</name>
         <load_address>0x85e9c</load_address>
         <run_address>0x85e9c</run_address>
         <size>0x1a</size>
         <input_file_ref idref="fl-24"/>
      </object_component>
      <object_component id="oc-13e">
         <name>.text</name>
         <load_address>0x85eb6</load_address>
         <run_address>0x85eb6</run_address>
         <size>0x19</size>
         <input_file_ref idref="fl-2d"/>
      </object_component>
      <object_component id="oc-111">
         <name>.text</name>
         <load_address>0x85ecf</load_address>
         <run_address>0x85ecf</run_address>
         <size>0x18</size>
         <input_file_ref idref="fl-27"/>
      </object_component>
      <object_component id="oc-14f">
         <name>.text</name>
         <load_address>0x85ee7</load_address>
         <run_address>0x85ee7</run_address>
         <size>0x9</size>
         <input_file_ref idref="fl-2c"/>
      </object_component>
      <object_component id="oc-77">
         <name>.text</name>
         <load_address>0x85ef0</load_address>
         <run_address>0x85ef0</run_address>
         <size>0x8</size>
         <input_file_ref idref="fl-3"/>
      </object_component>
      <object_component id="oc-76">
         <name>codestart</name>
         <load_address>0x80000</load_address>
         <run_address>0x80000</run_address>
         <size>0x2</size>
         <input_file_ref idref="fl-3"/>
      </object_component>
      <object_component id="oc-e7">
         <name>ramfuncs:retain</name>
         <load_address>0x86000</load_address>
         <run_address>0x1a000</run_address>
         <size>0x536</size>
         <input_file_ref idref="fl-16"/>
      </object_component>
      <object_component id="oc-135">
         <name>ramfuncs</name>
         <load_address>0x86536</load_address>
         <run_address>0x1a536</run_address>
         <size>0x48f</size>
         <input_file_ref idref="fl-17"/>
      </object_component>
      <object_component id="oc-138">
         <name>ramfuncs</name>
         <load_address>0x869c5</load_address>
         <run_address>0x1a9c5</run_address>
         <size>0xda</size>
         <input_file_ref idref="fl-18"/>
      </object_component>
      <object_component id="oc-e0">
         <name>ramfuncs</name>
         <load_address>0x86a9f</load_address>
         <run_address>0x1aa9f</run_address>
         <size>0x4</size>
         <input_file_ref idref="fl-12"/>
      </object_component>
      <object_component id="oc-f5">
         <name>.stack</name>
         <uninitialized>true</uninitialized>
         <run_address>0x400</run_address>
         <size>0x0</size>
         <input_file_ref idref="fl-22"/>
      </object_component>
      <object_component id="oc-1d0">
         <name>.stack</name>
         <uninitialized>true</uninitialized>
         <run_address>0x400</run_address>
         <size>0x0</size>
      </object_component>
      <object_component id="oc-e2">
         <name>.ebss</name>
         <uninitialized>true</uninitialized>
         <run_address>0xa800</run_address>
         <size>0x486</size>
         <input_file_ref idref="fl-13"/>
      </object_component>
      <object_component id="oc-e4">
         <name>.ebss</name>
         <uninitialized>true</uninitialized>
         <run_address>0xac86</run_address>
         <size>0x35</size>
         <input_file_ref idref="fl-15"/>
      </object_component>
      <object_component id="oc-142">
         <name>.ebss:__lock</name>
         <uninitialized>true</uninitialized>
         <run_address>0xacbc</run_address>
         <size>0x2</size>
         <input_file_ref idref="fl-2c"/>
      </object_component>
      <object_component id="oc-153">
         <name>.ebss:__unlock</name>
         <uninitialized>true</uninitialized>
         <run_address>0xacbe</run_address>
         <size>0x2</size>
         <input_file_ref idref="fl-2c"/>
      </object_component>
      <object_component id="oc-df">
         <name>.ebss</name>
         <uninitialized>true</uninitialized>
         <run_address>0xacc0</run_address>
         <size>0x5a</size>
         <input_file_ref idref="fl-11"/>
      </object_component>
      <object_component id="oc-ef">
         <name>.ebss</name>
         <uninitialized>true</uninitialized>
         <run_address>0xad1a</run_address>
         <size>0x20</size>
         <input_file_ref idref="fl-1a"/>
      </object_component>
      <object_component id="oc-107">
         <name>.ebss</name>
         <uninitialized>true</uninitialized>
         <run_address>0xad3a</run_address>
         <size>0x6</size>
         <input_file_ref idref="fl-25"/>
      </object_component>
      <object_component id="oc-e6">
         <name>.ebss</name>
         <uninitialized>true</uninitialized>
         <run_address>0xad40</run_address>
         <size>0x32</size>
         <input_file_ref idref="fl-16"/>
      </object_component>
      <object_component id="oc-dc">
         <name>.ebss</name>
         <uninitialized>true</uninitialized>
         <run_address>0xad72</run_address>
         <size>0xa</size>
         <input_file_ref idref="fl-10"/>
      </object_component>
      <object_component id="oc-f3">
         <name>.ebss</name>
         <uninitialized>true</uninitialized>
         <run_address>0xad80</run_address>
         <size>0x30</size>
         <input_file_ref idref="fl-1c"/>
      </object_component>
      <object_component id="oc-f1">
         <name>.ebss</name>
         <uninitialized>true</uninitialized>
         <run_address>0xadb0</run_address>
         <size>0xa</size>
         <input_file_ref idref="fl-1b"/>
      </object_component>
      <object_component id="oc-ea">
         <name>.ebss</name>
         <uninitialized>true</uninitialized>
         <run_address>0xadc0</run_address>
         <size>0x1a</size>
         <input_file_ref idref="fl-17"/>
      </object_component>
      <object_component id="oc-78">
         <name>.ebss</name>
         <uninitialized>true</uninitialized>
         <run_address>0xadda</run_address>
         <size>0x18</size>
         <input_file_ref idref="fl-4"/>
      </object_component>
      <object_component id="oc-ec">
         <name>.ebss</name>
         <uninitialized>true</uninitialized>
         <run_address>0xae00</run_address>
         <size>0x18</size>
         <input_file_ref idref="fl-19"/>
      </object_component>
      <object_component id="oc-152">
         <name>.econst:_PieVectTableInit</name>
         <load_address>0x90000</load_address>
         <run_address>0x90000</run_address>
         <size>0x1c0</size>
         <input_file_ref idref="fl-c"/>
      </object_component>
      <object_component id="oc-f2">
         <name>.econst:.string</name>
         <load_address>0x901c0</load_address>
         <run_address>0x901c0</run_address>
         <size>0x2</size>
         <input_file_ref idref="fl-1b"/>
      </object_component>
      <object_component id="oc-f6">
         <name>.reset</name>
         <load_address>0x3fffc0</load_address>
         <run_address>0x3fffc0</run_address>
         <size>0x2</size>
         <input_file_ref idref="fl-22"/>
      </object_component>
      <object_component id="oc-da">
         <name>PieVectTableFile</name>
         <uninitialized>true</uninitialized>
         <run_address>0xd00</run_address>
         <size>0x1c0</size>
         <input_file_ref idref="fl-9"/>
      </object_component>
      <object_component id="oc-7a">
         <name>EmuKeyVar</name>
         <uninitialized>true</uninitialized>
         <run_address>0xd00</run_address>
         <size>0x1</size>
         <input_file_ref idref="fl-9"/>
      </object_component>
      <object_component id="oc-7b">
         <name>EmuBModeVar</name>
         <uninitialized>true</uninitialized>
         <run_address>0xd01</run_address>
         <size>0x1</size>
         <input_file_ref idref="fl-9"/>
      </object_component>
      <object_component id="oc-90">
         <name>AdcaResultFile</name>
         <uninitialized>true</uninitialized>
         <run_address>0xb00</run_address>
         <size>0x18</size>
         <input_file_ref idref="fl-9"/>
      </object_component>
      <object_component id="oc-91">
         <name>AdcbResultFile</name>
         <uninitialized>true</uninitialized>
         <run_address>0xb20</run_address>
         <size>0x18</size>
         <input_file_ref idref="fl-9"/>
      </object_component>
      <object_component id="oc-93">
         <name>AdccResultFile</name>
         <uninitialized>true</uninitialized>
         <run_address>0xb40</run_address>
         <size>0x18</size>
         <input_file_ref idref="fl-9"/>
      </object_component>
      <object_component id="oc-92">
         <name>AdcdResultFile</name>
         <uninitialized>true</uninitialized>
         <run_address>0xb60</run_address>
         <size>0x18</size>
         <input_file_ref idref="fl-9"/>
      </object_component>
      <object_component id="oc-c7">
         <name>AdcaRegsFile</name>
         <uninitialized>true</uninitialized>
         <run_address>0x7400</run_address>
         <size>0x80</size>
         <input_file_ref idref="fl-9"/>
      </object_component>
      <object_component id="oc-c3">
         <name>AdcbRegsFile</name>
         <uninitialized>true</uninitialized>
         <run_address>0x7480</run_address>
         <size>0x80</size>
         <input_file_ref idref="fl-9"/>
      </object_component>
      <object_component id="oc-c4">
         <name>AdccRegsFile</name>
         <uninitialized>true</uninitialized>
         <run_address>0x7500</run_address>
         <size>0x80</size>
         <input_file_ref idref="fl-9"/>
      </object_component>
      <object_component id="oc-c1">
         <name>AdcdRegsFile</name>
         <uninitialized>true</uninitialized>
         <run_address>0x7580</run_address>
         <size>0x80</size>
         <input_file_ref idref="fl-9"/>
      </object_component>
      <object_component id="oc-be">
         <name>AnalogSubsysRegsFile</name>
         <uninitialized>true</uninitialized>
         <run_address>0x5d180</run_address>
         <size>0x48</size>
         <input_file_ref idref="fl-9"/>
      </object_component>
      <object_component id="oc-b8">
         <name>Cla1RegsFile</name>
         <uninitialized>true</uninitialized>
         <run_address>0x1400</run_address>
         <size>0x3e</size>
         <input_file_ref idref="fl-9"/>
      </object_component>
      <object_component id="oc-7e">
         <name>Cla1SoftIntRegsFile</name>
         <uninitialized>true</uninitialized>
         <run_address>0xce0</run_address>
         <size>0x4</size>
         <input_file_ref idref="fl-9"/>
      </object_component>
      <object_component id="oc-a1">
         <name>Cmpss1RegsFile</name>
         <uninitialized>true</uninitialized>
         <run_address>0x5c80</run_address>
         <size>0x20</size>
         <input_file_ref idref="fl-9"/>
      </object_component>
      <object_component id="oc-9e">
         <name>Cmpss2RegsFile</name>
         <uninitialized>true</uninitialized>
         <run_address>0x5ca0</run_address>
         <size>0x20</size>
         <input_file_ref idref="fl-9"/>
      </object_component>
      <object_component id="oc-9f">
         <name>Cmpss3RegsFile</name>
         <uninitialized>true</uninitialized>
         <run_address>0x5cc0</run_address>
         <size>0x20</size>
         <input_file_ref idref="fl-9"/>
      </object_component>
      <object_component id="oc-a4">
         <name>Cmpss4RegsFile</name>
         <uninitialized>true</uninitialized>
         <run_address>0x5ce0</run_address>
         <size>0x20</size>
         <input_file_ref idref="fl-9"/>
      </object_component>
      <object_component id="oc-a0">
         <name>Cmpss5RegsFile</name>
         <uninitialized>true</uninitialized>
         <run_address>0x5d00</run_address>
         <size>0x20</size>
         <input_file_ref idref="fl-9"/>
      </object_component>
      <object_component id="oc-a5">
         <name>Cmpss6RegsFile</name>
         <uninitialized>true</uninitialized>
         <run_address>0x5d20</run_address>
         <size>0x20</size>
         <input_file_ref idref="fl-9"/>
      </object_component>
      <object_component id="oc-a2">
         <name>Cmpss7RegsFile</name>
         <uninitialized>true</uninitialized>
         <run_address>0x5d40</run_address>
         <size>0x20</size>
         <input_file_ref idref="fl-9"/>
      </object_component>
      <object_component id="oc-a3">
         <name>Cmpss8RegsFile</name>
         <uninitialized>true</uninitialized>
         <run_address>0x5d60</run_address>
         <size>0x20</size>
         <input_file_ref idref="fl-9"/>
      </object_component>
      <object_component id="oc-85">
         <name>CpuTimer0RegsFile</name>
         <uninitialized>true</uninitialized>
         <run_address>0xc00</run_address>
         <size>0x8</size>
         <input_file_ref idref="fl-9"/>
      </object_component>
      <object_component id="oc-84">
         <name>CpuTimer1RegsFile</name>
         <uninitialized>true</uninitialized>
         <run_address>0xc08</run_address>
         <size>0x8</size>
         <input_file_ref idref="fl-9"/>
      </object_component>
      <object_component id="oc-87">
         <name>CpuTimer2RegsFile</name>
         <uninitialized>true</uninitialized>
         <run_address>0xc10</run_address>
         <size>0x8</size>
         <input_file_ref idref="fl-9"/>
      </object_component>
      <object_component id="oc-86">
         <name>DacaRegsFile</name>
         <uninitialized>true</uninitialized>
         <run_address>0x5c00</run_address>
         <size>0x8</size>
         <input_file_ref idref="fl-9"/>
      </object_component>
      <object_component id="oc-81">
         <name>DacbRegsFile</name>
         <uninitialized>true</uninitialized>
         <run_address>0x5c10</run_address>
         <size>0x8</size>
         <input_file_ref idref="fl-9"/>
      </object_component>
      <object_component id="oc-82">
         <name>DaccRegsFile</name>
         <uninitialized>true</uninitialized>
         <run_address>0x5c20</run_address>
         <size>0x8</size>
         <input_file_ref idref="fl-9"/>
      </object_component>
      <object_component id="oc-b2">
         <name>DcsmZ1RegsFile</name>
         <uninitialized>true</uninitialized>
         <run_address>0x5f000</run_address>
         <size>0x24</size>
         <input_file_ref idref="fl-9"/>
      </object_component>
      <object_component id="oc-b1">
         <name>DcsmZ2RegsFile</name>
         <uninitialized>true</uninitialized>
         <run_address>0x5f040</run_address>
         <size>0x24</size>
         <input_file_ref idref="fl-9"/>
      </object_component>
      <object_component id="oc-83">
         <name>DcsmCommonRegsFile</name>
         <uninitialized>true</uninitialized>
         <run_address>0x5f070</run_address>
         <size>0x8</size>
         <input_file_ref idref="fl-9"/>
      </object_component>
      <object_component id="oc-a6">
         <name>DcsmZ1OtpFile</name>
         <uninitialized>true</uninitialized>
         <run_address>0x78000</run_address>
         <size>0x20</size>
         <input_file_ref idref="fl-9"/>
      </object_component>
      <object_component id="oc-a9">
         <name>DcsmZ2OtpFile</name>
         <uninitialized>true</uninitialized>
         <run_address>0x78200</run_address>
         <size>0x20</size>
         <input_file_ref idref="fl-9"/>
      </object_component>
      <object_component id="oc-c9">
         <name>DmaRegsFile</name>
         <uninitialized>true</uninitialized>
         <run_address>0x1000</run_address>
         <size>0xe0</size>
         <input_file_ref idref="fl-9"/>
      </object_component>
      <object_component id="oc-94">
         <name>DmaClaSrcSelRegsFile</name>
         <uninitialized>true</uninitialized>
         <run_address>0x7980</run_address>
         <size>0x1a</size>
         <input_file_ref idref="fl-9"/>
      </object_component>
      <object_component id="oc-a7">
         <name>ECap1RegsFile</name>
         <uninitialized>true</uninitialized>
         <run_address>0x5000</run_address>
         <size>0x20</size>
         <input_file_ref idref="fl-9"/>
      </object_component>
      <object_component id="oc-99">
         <name>ECap2RegsFile</name>
         <uninitialized>true</uninitialized>
         <run_address>0x5020</run_address>
         <size>0x20</size>
         <input_file_ref idref="fl-9"/>
      </object_component>
      <object_component id="oc-97">
         <name>ECap3RegsFile</name>
         <uninitialized>true</uninitialized>
         <run_address>0x5040</run_address>
         <size>0x20</size>
         <input_file_ref idref="fl-9"/>
      </object_component>
      <object_component id="oc-98">
         <name>ECap4RegsFile</name>
         <uninitialized>true</uninitialized>
         <run_address>0x5060</run_address>
         <size>0x20</size>
         <input_file_ref idref="fl-9"/>
      </object_component>
      <object_component id="oc-96">
         <name>ECap5RegsFile</name>
         <uninitialized>true</uninitialized>
         <run_address>0x5080</run_address>
         <size>0x20</size>
         <input_file_ref idref="fl-9"/>
      </object_component>
      <object_component id="oc-a8">
         <name>ECap6RegsFile</name>
         <uninitialized>true</uninitialized>
         <run_address>0x50a0</run_address>
         <size>0x20</size>
         <input_file_ref idref="fl-9"/>
      </object_component>
      <object_component id="oc-bf">
         <name>Emif1RegsFile</name>
         <uninitialized>true</uninitialized>
         <run_address>0x47000</run_address>
         <size>0x70</size>
         <input_file_ref idref="fl-9"/>
      </object_component>
      <object_component id="oc-c0">
         <name>Emif2RegsFile</name>
         <uninitialized>true</uninitialized>
         <run_address>0x47800</run_address>
         <size>0x70</size>
         <input_file_ref idref="fl-9"/>
      </object_component>
      <object_component id="oc-ce">
         <name>EPwm1RegsFile</name>
         <uninitialized>true</uninitialized>
         <run_address>0x4000</run_address>
         <size>0x100</size>
         <input_file_ref idref="fl-9"/>
      </object_component>
      <object_component id="oc-cd">
         <name>EPwm2RegsFile</name>
         <uninitialized>true</uninitialized>
         <run_address>0x4100</run_address>
         <size>0x100</size>
         <input_file_ref idref="fl-9"/>
      </object_component>
      <object_component id="oc-d0">
         <name>EPwm3RegsFile</name>
         <uninitialized>true</uninitialized>
         <run_address>0x4200</run_address>
         <size>0x100</size>
         <input_file_ref idref="fl-9"/>
      </object_component>
      <object_component id="oc-cb">
         <name>EPwm4RegsFile</name>
         <uninitialized>true</uninitialized>
         <run_address>0x4300</run_address>
         <size>0x100</size>
         <input_file_ref idref="fl-9"/>
      </object_component>
      <object_component id="oc-ca">
         <name>EPwm5RegsFile</name>
         <uninitialized>true</uninitialized>
         <run_address>0x4400</run_address>
         <size>0x100</size>
         <input_file_ref idref="fl-9"/>
      </object_component>
      <object_component id="oc-cf">
         <name>EPwm6RegsFile</name>
         <uninitialized>true</uninitialized>
         <run_address>0x4500</run_address>
         <size>0x100</size>
         <input_file_ref idref="fl-9"/>
      </object_component>
      <object_component id="oc-cc">
         <name>EPwm7RegsFile</name>
         <uninitialized>true</uninitialized>
         <run_address>0x4600</run_address>
         <size>0x100</size>
         <input_file_ref idref="fl-9"/>
      </object_component>
      <object_component id="oc-d5">
         <name>EPwm8RegsFile</name>
         <uninitialized>true</uninitialized>
         <run_address>0x4700</run_address>
         <size>0x100</size>
         <input_file_ref idref="fl-9"/>
      </object_component>
      <object_component id="oc-d3">
         <name>EPwm9RegsFile</name>
         <uninitialized>true</uninitialized>
         <run_address>0x4800</run_address>
         <size>0x100</size>
         <input_file_ref idref="fl-9"/>
      </object_component>
      <object_component id="oc-d4">
         <name>EPwm10RegsFile</name>
         <uninitialized>true</uninitialized>
         <run_address>0x4900</run_address>
         <size>0x100</size>
         <input_file_ref idref="fl-9"/>
      </object_component>
      <object_component id="oc-d1">
         <name>EPwm11RegsFile</name>
         <uninitialized>true</uninitialized>
         <run_address>0x4a00</run_address>
         <size>0x100</size>
         <input_file_ref idref="fl-9"/>
      </object_component>
      <object_component id="oc-d2">
         <name>EPwm12RegsFile</name>
         <uninitialized>true</uninitialized>
         <run_address>0x4b00</run_address>
         <size>0x100</size>
         <input_file_ref idref="fl-9"/>
      </object_component>
      <object_component id="oc-bc">
         <name>EPwmXbarRegsFile</name>
         <uninitialized>true</uninitialized>
         <run_address>0x7a00</run_address>
         <size>0x40</size>
         <input_file_ref idref="fl-9"/>
      </object_component>
      <object_component id="oc-ae">
         <name>EQep1RegsFile</name>
         <uninitialized>true</uninitialized>
         <run_address>0x5100</run_address>
         <size>0x22</size>
         <input_file_ref idref="fl-9"/>
      </object_component>
      <object_component id="oc-ad">
         <name>EQep2RegsFile</name>
         <uninitialized>true</uninitialized>
         <run_address>0x5140</run_address>
         <size>0x22</size>
         <input_file_ref idref="fl-9"/>
      </object_component>
      <object_component id="oc-ac">
         <name>EQep3RegsFile</name>
         <uninitialized>true</uninitialized>
         <run_address>0x5180</run_address>
         <size>0x22</size>
         <input_file_ref idref="fl-9"/>
      </object_component>
      <object_component id="oc-d9">
         <name>Flash0CtrlRegsFile</name>
         <uninitialized>true</uninitialized>
         <run_address>0x5f800</run_address>
         <size>0x182</size>
         <input_file_ref idref="fl-9"/>
      </object_component>
      <object_component id="oc-b4">
         <name>Flash0EccRegsFile</name>
         <uninitialized>true</uninitialized>
         <run_address>0x5fb00</run_address>
         <size>0x28</size>
         <input_file_ref idref="fl-9"/>
      </object_component>
      <object_component id="oc-d8">
         <name>Flash1CtrlRegsFile</name>
         <uninitialized>true</uninitialized>
         <run_address>0x5fc00</run_address>
         <size>0x182</size>
         <input_file_ref idref="fl-9"/>
      </object_component>
      <object_component id="oc-b3">
         <name>Flash1EccRegsFile</name>
         <uninitialized>true</uninitialized>
         <run_address>0x5ff00</run_address>
         <size>0x28</size>
         <input_file_ref idref="fl-9"/>
      </object_component>
      <object_component id="oc-d7">
         <name>GpioCtrlRegsFile</name>
         <uninitialized>true</uninitialized>
         <run_address>0x7c00</run_address>
         <size>0x180</size>
         <input_file_ref idref="fl-9"/>
      </object_component>
      <object_component id="oc-b6">
         <name>GpioDataRegsFile</name>
         <uninitialized>true</uninitialized>
         <run_address>0x7f00</run_address>
         <size>0x30</size>
         <input_file_ref idref="fl-9"/>
      </object_component>
      <object_component id="oc-ba">
         <name>OutputXbarRegsFile</name>
         <uninitialized>true</uninitialized>
         <run_address>0x7a80</run_address>
         <size>0x40</size>
         <input_file_ref idref="fl-9"/>
      </object_component>
      <object_component id="oc-ab">
         <name>I2caRegsFile</name>
         <uninitialized>true</uninitialized>
         <run_address>0x7300</run_address>
         <size>0x22</size>
         <input_file_ref idref="fl-9"/>
      </object_component>
      <object_component id="oc-aa">
         <name>I2cbRegsFile</name>
         <uninitialized>true</uninitialized>
         <run_address>0x7340</run_address>
         <size>0x22</size>
         <input_file_ref idref="fl-9"/>
      </object_component>
      <object_component id="oc-9c">
         <name>InputXbarRegsFile</name>
         <uninitialized>true</uninitialized>
         <run_address>0x7900</run_address>
         <size>0x20</size>
         <input_file_ref idref="fl-9"/>
      </object_component>
      <object_component id="oc-9d">
         <name>XbarRegsFile</name>
         <uninitialized>true</uninitialized>
         <run_address>0x7920</run_address>
         <size>0x20</size>
         <input_file_ref idref="fl-9"/>
      </object_component>
      <object_component id="oc-7c">
         <name>RomPrefetchRegsFile</name>
         <uninitialized>true</uninitialized>
         <run_address>0x5e608</run_address>
         <size>0x2</size>
         <input_file_ref idref="fl-9"/>
      </object_component>
      <object_component id="oc-c5">
         <name>MemCfgRegsFile</name>
         <uninitialized>true</uninitialized>
         <run_address>0x5f400</run_address>
         <size>0x80</size>
         <input_file_ref idref="fl-9"/>
      </object_component>
      <object_component id="oc-9a">
         <name>Emif1ConfigRegsFile</name>
         <uninitialized>true</uninitialized>
         <run_address>0x5f480</run_address>
         <size>0x20</size>
         <input_file_ref idref="fl-9"/>
      </object_component>
      <object_component id="oc-9b">
         <name>Emif2ConfigRegsFile</name>
         <uninitialized>true</uninitialized>
         <run_address>0x5f4a0</run_address>
         <size>0x20</size>
         <input_file_ref idref="fl-9"/>
      </object_component>
      <object_component id="oc-bb">
         <name>AccessProtectionRegsFile</name>
         <uninitialized>true</uninitialized>
         <run_address>0x5f4c0</run_address>
         <size>0x40</size>
         <input_file_ref idref="fl-9"/>
      </object_component>
      <object_component id="oc-b9">
         <name>MemoryErrorRegsFile</name>
         <uninitialized>true</uninitialized>
         <run_address>0x5f500</run_address>
         <size>0x40</size>
         <input_file_ref idref="fl-9"/>
      </object_component>
      <object_component id="oc-7d">
         <name>RomWaitStateRegsFile</name>
         <uninitialized>true</uninitialized>
         <run_address>0x5f540</run_address>
         <size>0x2</size>
         <input_file_ref idref="fl-9"/>
      </object_component>
      <object_component id="oc-af">
         <name>McbspaRegsFile</name>
         <uninitialized>true</uninitialized>
         <run_address>0x6000</run_address>
         <size>0x24</size>
         <input_file_ref idref="fl-9"/>
      </object_component>
      <object_component id="oc-b0">
         <name>McbspbRegsFile</name>
         <uninitialized>true</uninitialized>
         <run_address>0x6040</run_address>
         <size>0x24</size>
         <input_file_ref idref="fl-9"/>
      </object_component>
      <object_component id="oc-bd">
         <name>UppRegsFile</name>
         <uninitialized>true</uninitialized>
         <run_address>0x6200</run_address>
         <size>0x48</size>
         <input_file_ref idref="fl-9"/>
      </object_component>
      <object_component id="oc-80">
         <name>NmiIntruptRegsFile</name>
         <uninitialized>true</uninitialized>
         <run_address>0x7060</run_address>
         <size>0x7</size>
         <input_file_ref idref="fl-9"/>
      </object_component>
      <object_component id="oc-95">
         <name>PieCtrlRegsFile</name>
         <uninitialized>true</uninitialized>
         <run_address>0xce0</run_address>
         <size>0x1a</size>
         <input_file_ref idref="fl-9"/>
      </object_component>
      <object_component id="oc-8f">
         <name>SciaRegsFile</name>
         <uninitialized>true</uninitialized>
         <run_address>0x7200</run_address>
         <size>0x10</size>
         <input_file_ref idref="fl-9"/>
      </object_component>
      <object_component id="oc-89">
         <name>ScibRegsFile</name>
         <uninitialized>true</uninitialized>
         <run_address>0x7210</run_address>
         <size>0x10</size>
         <input_file_ref idref="fl-9"/>
      </object_component>
      <object_component id="oc-8a">
         <name>ScicRegsFile</name>
         <uninitialized>true</uninitialized>
         <run_address>0x7220</run_address>
         <size>0x10</size>
         <input_file_ref idref="fl-9"/>
      </object_component>
      <object_component id="oc-8d">
         <name>ScidRegsFile</name>
         <uninitialized>true</uninitialized>
         <run_address>0x7230</run_address>
         <size>0x10</size>
         <input_file_ref idref="fl-9"/>
      </object_component>
      <object_component id="oc-c2">
         <name>Sdfm1RegsFile</name>
         <uninitialized>true</uninitialized>
         <run_address>0x5e00</run_address>
         <size>0x80</size>
         <input_file_ref idref="fl-9"/>
      </object_component>
      <object_component id="oc-c6">
         <name>Sdfm2RegsFile</name>
         <uninitialized>true</uninitialized>
         <run_address>0x5e80</run_address>
         <size>0x80</size>
         <input_file_ref idref="fl-9"/>
      </object_component>
      <object_component id="oc-8c">
         <name>SpiaRegsFile</name>
         <uninitialized>true</uninitialized>
         <run_address>0x6100</run_address>
         <size>0x10</size>
         <input_file_ref idref="fl-9"/>
      </object_component>
      <object_component id="oc-8e">
         <name>SpibRegsFile</name>
         <uninitialized>true</uninitialized>
         <run_address>0x6110</run_address>
         <size>0x10</size>
         <input_file_ref idref="fl-9"/>
      </object_component>
      <object_component id="oc-8b">
         <name>SpicRegsFile</name>
         <uninitialized>true</uninitialized>
         <run_address>0x6120</run_address>
         <size>0x10</size>
         <input_file_ref idref="fl-9"/>
      </object_component>
      <object_component id="oc-d6">
         <name>DevCfgRegsFile</name>
         <uninitialized>true</uninitialized>
         <run_address>0x5d000</run_address>
         <size>0x12e</size>
         <input_file_ref idref="fl-9"/>
      </object_component>
      <object_component id="oc-b7">
         <name>ClkCfgRegsFile</name>
         <uninitialized>true</uninitialized>
         <run_address>0x5d200</run_address>
         <size>0x32</size>
         <input_file_ref idref="fl-9"/>
      </object_component>
      <object_component id="oc-c8">
         <name>CpuSysRegsFile</name>
         <uninitialized>true</uninitialized>
         <run_address>0x5d300</run_address>
         <size>0x82</size>
         <input_file_ref idref="fl-9"/>
      </object_component>
      <object_component id="oc-7f">
         <name>TrigRegsFile</name>
         <uninitialized>true</uninitialized>
         <run_address>0x7940</run_address>
         <size>0x6</size>
         <input_file_ref idref="fl-9"/>
      </object_component>
      <object_component id="oc-b5">
         <name>WdRegsFile</name>
         <uninitialized>true</uninitialized>
         <run_address>0x7000</run_address>
         <size>0x2b</size>
         <input_file_ref idref="fl-9"/>
      </object_component>
      <object_component id="oc-88">
         <name>XintRegsFile</name>
         <uninitialized>true</uninitialized>
         <run_address>0x7070</run_address>
         <size>0xb</size>
         <input_file_ref idref="fl-9"/>
      </object_component>
      <object_component id="oc-f7">
         <name>.debug_info</name>
         <load_address>0x0</load_address>
         <run_address>0x0</run_address>
         <size>0x16c</size>
         <input_file_ref idref="fl-22"/>
      </object_component>
      <object_component id="oc-fb">
         <name>.debug_info</name>
         <load_address>0x16c</load_address>
         <run_address>0x16c</run_address>
         <size>0x628</size>
         <input_file_ref idref="fl-23"/>
      </object_component>
      <object_component id="oc-101">
         <name>.debug_info</name>
         <load_address>0x794</load_address>
         <run_address>0x794</run_address>
         <size>0x113</size>
         <input_file_ref idref="fl-24"/>
      </object_component>
      <object_component id="oc-105">
         <name>.debug_info</name>
         <load_address>0x8a7</load_address>
         <run_address>0x8a7</run_address>
         <size>0x5ac</size>
         <input_file_ref idref="fl-25"/>
      </object_component>
      <object_component id="oc-10d">
         <name>.debug_info</name>
         <load_address>0xe53</load_address>
         <run_address>0xe53</run_address>
         <size>0x10d</size>
         <input_file_ref idref="fl-26"/>
      </object_component>
      <object_component id="oc-112">
         <name>.debug_info</name>
         <load_address>0xf60</load_address>
         <run_address>0xf60</run_address>
         <size>0x16f</size>
         <input_file_ref idref="fl-27"/>
      </object_component>
      <object_component id="oc-117">
         <name>.debug_info</name>
         <load_address>0x10cf</load_address>
         <run_address>0x10cf</run_address>
         <size>0x147</size>
         <input_file_ref idref="fl-28"/>
      </object_component>
      <object_component id="oc-11b">
         <name>.debug_info</name>
         <load_address>0x1216</load_address>
         <run_address>0x1216</run_address>
         <size>0x470</size>
         <input_file_ref idref="fl-29"/>
      </object_component>
      <object_component id="oc-120">
         <name>.debug_info</name>
         <load_address>0x1686</load_address>
         <run_address>0x1686</run_address>
         <size>0x3e3</size>
         <input_file_ref idref="fl-2a"/>
      </object_component>
      <object_component id="oc-125">
         <name>.debug_info</name>
         <load_address>0x1a69</load_address>
         <run_address>0x1a69</run_address>
         <size>0x3e0</size>
         <input_file_ref idref="fl-2b"/>
      </object_component>
      <object_component id="oc-12a">
         <name>.debug_info</name>
         <load_address>0x1e49</load_address>
         <run_address>0x1e49</run_address>
         <size>0x502</size>
         <input_file_ref idref="fl-2c"/>
      </object_component>
      <object_component id="oc-12f">
         <name>.debug_info</name>
         <load_address>0x234b</load_address>
         <run_address>0x234b</run_address>
         <size>0x4cf</size>
         <input_file_ref idref="fl-2d"/>
      </object_component>
      <object_component id="oc-1d8">
         <name>.debug_info</name>
         <load_address>0x281a</load_address>
         <run_address>0x281a</run_address>
         <size>0xba</size>
      </object_component>
      <object_component id="oc-f8">
         <name>.debug_line</name>
         <load_address>0x0</load_address>
         <run_address>0x0</run_address>
         <size>0x7e</size>
         <input_file_ref idref="fl-22"/>
      </object_component>
      <object_component id="oc-fd">
         <name>.debug_line</name>
         <load_address>0x7e</load_address>
         <run_address>0x7e</run_address>
         <size>0x6a</size>
         <input_file_ref idref="fl-23"/>
      </object_component>
      <object_component id="oc-102">
         <name>.debug_line</name>
         <load_address>0xe8</load_address>
         <run_address>0xe8</run_address>
         <size>0x50</size>
         <input_file_ref idref="fl-24"/>
      </object_component>
      <object_component id="oc-109">
         <name>.debug_line</name>
         <load_address>0x138</load_address>
         <run_address>0x138</run_address>
         <size>0x65</size>
         <input_file_ref idref="fl-25"/>
      </object_component>
      <object_component id="oc-10e">
         <name>.debug_line</name>
         <load_address>0x19d</load_address>
         <run_address>0x19d</run_address>
         <size>0xad</size>
         <input_file_ref idref="fl-26"/>
      </object_component>
      <object_component id="oc-113">
         <name>.debug_line</name>
         <load_address>0x24a</load_address>
         <run_address>0x24a</run_address>
         <size>0x6c</size>
         <input_file_ref idref="fl-27"/>
      </object_component>
      <object_component id="oc-118">
         <name>.debug_line</name>
         <load_address>0x2b6</load_address>
         <run_address>0x2b6</run_address>
         <size>0x63</size>
         <input_file_ref idref="fl-28"/>
      </object_component>
      <object_component id="oc-11d">
         <name>.debug_line</name>
         <load_address>0x319</load_address>
         <run_address>0x319</run_address>
         <size>0x62</size>
         <input_file_ref idref="fl-29"/>
      </object_component>
      <object_component id="oc-122">
         <name>.debug_line</name>
         <load_address>0x37b</load_address>
         <run_address>0x37b</run_address>
         <size>0x3e</size>
         <input_file_ref idref="fl-2a"/>
      </object_component>
      <object_component id="oc-127">
         <name>.debug_line</name>
         <load_address>0x3b9</load_address>
         <run_address>0x3b9</run_address>
         <size>0x3a</size>
         <input_file_ref idref="fl-2b"/>
      </object_component>
      <object_component id="oc-12c">
         <name>.debug_line</name>
         <load_address>0x3f3</load_address>
         <run_address>0x3f3</run_address>
         <size>0x5e</size>
         <input_file_ref idref="fl-2c"/>
      </object_component>
      <object_component id="oc-131">
         <name>.debug_line</name>
         <load_address>0x451</load_address>
         <run_address>0x451</run_address>
         <size>0x55</size>
         <input_file_ref idref="fl-2d"/>
      </object_component>
      <object_component id="oc-f9">
         <name>.debug_abbrev</name>
         <load_address>0x0</load_address>
         <run_address>0x0</run_address>
         <size>0x46</size>
         <input_file_ref idref="fl-22"/>
      </object_component>
      <object_component id="oc-fe">
         <name>.debug_abbrev</name>
         <load_address>0x46</load_address>
         <run_address>0x46</run_address>
         <size>0xfa</size>
         <input_file_ref idref="fl-23"/>
      </object_component>
      <object_component id="oc-103">
         <name>.debug_abbrev</name>
         <load_address>0x140</load_address>
         <run_address>0x140</run_address>
         <size>0x32</size>
         <input_file_ref idref="fl-24"/>
      </object_component>
      <object_component id="oc-10a">
         <name>.debug_abbrev</name>
         <load_address>0x172</load_address>
         <run_address>0x172</run_address>
         <size>0x142</size>
         <input_file_ref idref="fl-25"/>
      </object_component>
      <object_component id="oc-10f">
         <name>.debug_abbrev</name>
         <load_address>0x2b4</load_address>
         <run_address>0x2b4</run_address>
         <size>0x38</size>
         <input_file_ref idref="fl-26"/>
      </object_component>
      <object_component id="oc-114">
         <name>.debug_abbrev</name>
         <load_address>0x2ec</load_address>
         <run_address>0x2ec</run_address>
         <size>0x38</size>
         <input_file_ref idref="fl-27"/>
      </object_component>
      <object_component id="oc-119">
         <name>.debug_abbrev</name>
         <load_address>0x324</load_address>
         <run_address>0x324</run_address>
         <size>0x38</size>
         <input_file_ref idref="fl-28"/>
      </object_component>
      <object_component id="oc-11e">
         <name>.debug_abbrev</name>
         <load_address>0x35c</load_address>
         <run_address>0x35c</run_address>
         <size>0xa8</size>
         <input_file_ref idref="fl-29"/>
      </object_component>
      <object_component id="oc-123">
         <name>.debug_abbrev</name>
         <load_address>0x404</load_address>
         <run_address>0x404</run_address>
         <size>0x68</size>
         <input_file_ref idref="fl-2a"/>
      </object_component>
      <object_component id="oc-128">
         <name>.debug_abbrev</name>
         <load_address>0x46c</load_address>
         <run_address>0x46c</run_address>
         <size>0x66</size>
         <input_file_ref idref="fl-2b"/>
      </object_component>
      <object_component id="oc-12d">
         <name>.debug_abbrev</name>
         <load_address>0x4d2</load_address>
         <run_address>0x4d2</run_address>
         <size>0xb2</size>
         <input_file_ref idref="fl-2c"/>
      </object_component>
      <object_component id="oc-132">
         <name>.debug_abbrev</name>
         <load_address>0x584</load_address>
         <run_address>0x584</run_address>
         <size>0xfe</size>
         <input_file_ref idref="fl-2d"/>
      </object_component>
      <object_component id="oc-1d9">
         <name>.debug_abbrev</name>
         <load_address>0x682</load_address>
         <run_address>0x682</run_address>
         <size>0xf</size>
      </object_component>
      <object_component id="oc-fa">
         <name>.debug_aranges</name>
         <load_address>0x0</load_address>
         <run_address>0x0</run_address>
         <size>0x20</size>
         <input_file_ref idref="fl-22"/>
      </object_component>
      <object_component id="oc-ff">
         <name>.debug_aranges</name>
         <load_address>0x20</load_address>
         <run_address>0x20</run_address>
         <size>0x20</size>
         <input_file_ref idref="fl-23"/>
      </object_component>
      <object_component id="oc-104">
         <name>.debug_aranges</name>
         <load_address>0x40</load_address>
         <run_address>0x40</run_address>
         <size>0x20</size>
         <input_file_ref idref="fl-24"/>
      </object_component>
      <object_component id="oc-10b">
         <name>.debug_aranges</name>
         <load_address>0x60</load_address>
         <run_address>0x60</run_address>
         <size>0x28</size>
         <input_file_ref idref="fl-25"/>
      </object_component>
      <object_component id="oc-110">
         <name>.debug_aranges</name>
         <load_address>0x88</load_address>
         <run_address>0x88</run_address>
         <size>0x20</size>
         <input_file_ref idref="fl-26"/>
      </object_component>
      <object_component id="oc-115">
         <name>.debug_aranges</name>
         <load_address>0xa8</load_address>
         <run_address>0xa8</run_address>
         <size>0x30</size>
         <input_file_ref idref="fl-27"/>
      </object_component>
      <object_component id="oc-11a">
         <name>.debug_aranges</name>
         <load_address>0xd8</load_address>
         <run_address>0xd8</run_address>
         <size>0x28</size>
         <input_file_ref idref="fl-28"/>
      </object_component>
      <object_component id="oc-11f">
         <name>.debug_aranges</name>
         <load_address>0x100</load_address>
         <run_address>0x100</run_address>
         <size>0x20</size>
         <input_file_ref idref="fl-29"/>
      </object_component>
      <object_component id="oc-124">
         <name>.debug_aranges</name>
         <load_address>0x120</load_address>
         <run_address>0x120</run_address>
         <size>0x20</size>
         <input_file_ref idref="fl-2a"/>
      </object_component>
      <object_component id="oc-129">
         <name>.debug_aranges</name>
         <load_address>0x140</load_address>
         <run_address>0x140</run_address>
         <size>0x20</size>
         <input_file_ref idref="fl-2b"/>
      </object_component>
      <object_component id="oc-12e">
         <name>.debug_aranges</name>
         <load_address>0x160</load_address>
         <run_address>0x160</run_address>
         <size>0x30</size>
         <input_file_ref idref="fl-2c"/>
      </object_component>
      <object_component id="oc-133">
         <name>.debug_aranges</name>
         <load_address>0x190</load_address>
         <run_address>0x190</run_address>
         <size>0x20</size>
         <input_file_ref idref="fl-2d"/>
      </object_component>
      <object_component id="oc-fc">
         <name>.debug_frame</name>
         <load_address>0x0</load_address>
         <run_address>0x0</run_address>
         <size>0xba</size>
         <input_file_ref idref="fl-23"/>
      </object_component>
      <object_component id="oc-108">
         <name>.debug_frame</name>
         <load_address>0xba</load_address>
         <run_address>0xba</run_address>
         <size>0xbf</size>
         <input_file_ref idref="fl-25"/>
      </object_component>
      <object_component id="oc-11c">
         <name>.debug_frame</name>
         <load_address>0x179</load_address>
         <run_address>0x179</run_address>
         <size>0xa1</size>
         <input_file_ref idref="fl-29"/>
      </object_component>
      <object_component id="oc-121">
         <name>.debug_frame</name>
         <load_address>0x21a</load_address>
         <run_address>0x21a</run_address>
         <size>0xa1</size>
         <input_file_ref idref="fl-2a"/>
      </object_component>
      <object_component id="oc-126">
         <name>.debug_frame</name>
         <load_address>0x2bb</load_address>
         <run_address>0x2bb</run_address>
         <size>0xa1</size>
         <input_file_ref idref="fl-2b"/>
      </object_component>
      <object_component id="oc-12b">
         <name>.debug_frame</name>
         <load_address>0x35c</load_address>
         <run_address>0x35c</run_address>
         <size>0xcb</size>
         <input_file_ref idref="fl-2c"/>
      </object_component>
      <object_component id="oc-130">
         <name>.debug_frame</name>
         <load_address>0x427</load_address>
         <run_address>0x427</run_address>
         <size>0xa1</size>
         <input_file_ref idref="fl-2d"/>
      </object_component>
   </object_component_list>
   <logical_group_list>
      <logical_group id="lg-2" display="no" color="cyan">
         <name>.cinit</name>
         <load_address>0x82000</load_address>
         <run_address>0x82000</run_address>
         <size>0x55b</size>
         <contents>
            <object_component_ref idref="oc-e1"/>
            <object_component_ref idref="oc-de"/>
            <object_component_ref idref="oc-e5"/>
            <object_component_ref idref="oc-eb"/>
            <object_component_ref idref="oc-ee"/>
            <object_component_ref idref="oc-db"/>
            <object_component_ref idref="oc-106"/>
            <object_component_ref idref="oc-e3"/>
            <object_component_ref idref="oc-e9"/>
            <object_component_ref idref="oc-143"/>
            <object_component_ref idref="oc-150"/>
            <object_component_ref idref="oc-f0"/>
         </contents>
      </logical_group>
      <logical_group id="lg-3" display="no" color="cyan">
         <name>.pinit</name>
         <run_address>0x0</run_address>
         <size>0x0</size>
         <contents>
         </contents>
      </logical_group>
      <logical_group id="lg-1d1" display="no" color="cyan">
         <name>.text.1</name>
         <load_address>0x8255c</load_address>
         <run_address>0x8255c</run_address>
         <size>0x1aa0</size>
         <contents>
            <object_component_ref idref="oc-134"/>
            <object_component_ref idref="oc-137"/>
            <object_component_ref idref="oc-144"/>
            <object_component_ref idref="oc-116"/>
            <object_component_ref idref="oc-13b"/>
            <object_component_ref idref="oc-13d"/>
         </contents>
      </logical_group>
      <logical_group id="lg-1d2" display="no" color="cyan">
         <name>.text.2</name>
         <load_address>0x84000</load_address>
         <run_address>0x84000</run_address>
         <size>0x1ef8</size>
         <contents>
            <object_component_ref idref="oc-79"/>
            <object_component_ref idref="oc-147"/>
            <object_component_ref idref="oc-ed"/>
            <object_component_ref idref="oc-139"/>
            <object_component_ref idref="oc-149"/>
            <object_component_ref idref="oc-136"/>
            <object_component_ref idref="oc-14a"/>
            <object_component_ref idref="oc-e8"/>
            <object_component_ref idref="oc-14b"/>
            <object_component_ref idref="oc-140"/>
            <object_component_ref idref="oc-141"/>
            <object_component_ref idref="oc-10c"/>
            <object_component_ref idref="oc-13a"/>
            <object_component_ref idref="oc-14c"/>
            <object_component_ref idref="oc-f4"/>
            <object_component_ref idref="oc-14e"/>
            <object_component_ref idref="oc-dd"/>
            <object_component_ref idref="oc-13c"/>
            <object_component_ref idref="oc-14d"/>
            <object_component_ref idref="oc-13f"/>
            <object_component_ref idref="oc-145"/>
            <object_component_ref idref="oc-146"/>
            <object_component_ref idref="oc-151"/>
            <object_component_ref idref="oc-148"/>
            <object_component_ref idref="oc-100"/>
            <object_component_ref idref="oc-13e"/>
            <object_component_ref idref="oc-111"/>
            <object_component_ref idref="oc-14f"/>
            <object_component_ref idref="oc-77"/>
         </contents>
      </logical_group>
      <split_section id="lg-4" display="no" color="cyan">
         <name>.text</name>
         <contents>
            <logical_group_ref idref="lg-1d1"/>
            <logical_group_ref idref="lg-1d2"/>
         </contents>
      </split_section>
      <logical_group id="lg-5" display="no" color="cyan">
         <name>codestart</name>
         <load_address>0x80000</load_address>
         <run_address>0x80000</run_address>
         <size>0x2</size>
         <contents>
            <object_component_ref idref="oc-76"/>
         </contents>
      </logical_group>
      <logical_group id="lg-6" display="no" color="cyan">
         <name>ramfuncs</name>
         <load_address>0x86000</load_address>
         <run_address>0x1a000</run_address>
         <size>0xaa3</size>
         <contents>
            <object_component_ref idref="oc-e7"/>
            <object_component_ref idref="oc-135"/>
            <object_component_ref idref="oc-138"/>
            <object_component_ref idref="oc-e0"/>
         </contents>
      </logical_group>
      <logical_group id="lg-7" display="no" color="cyan">
         <name>.stack</name>
         <run_address>0x400</run_address>
         <size>0x300</size>
         <contents>
            <object_component_ref idref="oc-f5"/>
            <object_component_ref idref="oc-1d0"/>
         </contents>
      </logical_group>
      <logical_group id="lg-1d3" display="no" color="cyan">
         <name>.ebss.1</name>
         <run_address>0xa800</run_address>
         <size>0x57c</size>
         <contents>
            <object_component_ref idref="oc-e2"/>
            <object_component_ref idref="oc-e4"/>
            <object_component_ref idref="oc-142"/>
            <object_component_ref idref="oc-153"/>
            <object_component_ref idref="oc-df"/>
            <object_component_ref idref="oc-ef"/>
            <object_component_ref idref="oc-107"/>
            <object_component_ref idref="oc-e6"/>
            <object_component_ref idref="oc-dc"/>
         </contents>
      </logical_group>
      <logical_group id="lg-1d4" display="no" color="cyan">
         <name>.ebss.2</name>
         <run_address>0xad80</run_address>
         <size>0x3a</size>
         <contents>
            <object_component_ref idref="oc-f3"/>
            <object_component_ref idref="oc-f1"/>
         </contents>
      </logical_group>
      <logical_group id="lg-1d5" display="no" color="cyan">
         <name>.ebss.3</name>
         <run_address>0xadc0</run_address>
         <size>0x32</size>
         <contents>
            <object_component_ref idref="oc-ea"/>
            <object_component_ref idref="oc-78"/>
         </contents>
      </logical_group>
      <logical_group id="lg-1d6" display="no" color="cyan">
         <name>.ebss.4</name>
         <run_address>0xae00</run_address>
         <size>0x18</size>
         <contents>
            <object_component_ref idref="oc-ec"/>
         </contents>
      </logical_group>
      <split_section id="lg-8" display="no" color="cyan">
         <name>.ebss</name>
         <contents>
            <logical_group_ref idref="lg-1d3"/>
            <logical_group_ref idref="lg-1d4"/>
            <logical_group_ref idref="lg-1d5"/>
            <logical_group_ref idref="lg-1d6"/>
         </contents>
      </split_section>
      <logical_group id="lg-9" display="no" color="cyan">
         <name>.esysmem</name>
         <run_address>0x0</run_address>
         <size>0x0</size>
         <contents>
         </contents>
      </logical_group>
      <logical_group id="lg-1d7" display="no" color="cyan">
         <name>.econst</name>
         <load_address>0x90000</load_address>
         <run_address>0x90000</run_address>
         <size>0x1c2</size>
         <contents>
            <object_component_ref idref="oc-152"/>
            <object_component_ref idref="oc-f2"/>
         </contents>
      </logical_group>
      <split_section id="lg-a" display="no" color="cyan">
         <name>.econst</name>
         <contents>
            <logical_group_ref idref="lg-1d7"/>
         </contents>
      </split_section>
      <logical_group id="lg-b" display="no" color="cyan">
         <name>.switch</name>
         <run_address>0x0</run_address>
         <size>0x0</size>
         <contents>
         </contents>
      </logical_group>
      <logical_group id="lg-c" display="no" color="cyan">
         <name>.reset</name>
         <load_address>0x3fffc0</load_address>
         <run_address>0x3fffc0</run_address>
         <size>0x2</size>
         <contents>
            <object_component_ref idref="oc-f6"/>
         </contents>
      </logical_group>
      <logical_group id="lg-e" display="no" color="cyan">
         <name>PieVectTableFile</name>
         <run_address>0xd00</run_address>
         <size>0x1c0</size>
         <contents>
            <object_component_ref idref="oc-da"/>
         </contents>
      </logical_group>
      <logical_group id="lg-10" display="no" color="cyan">
         <name>EmuKeyVar</name>
         <run_address>0xd00</run_address>
         <size>0x1</size>
         <contents>
            <object_component_ref idref="oc-7a"/>
         </contents>
      </logical_group>
      <logical_group id="lg-11" display="no" color="cyan">
         <name>EmuBModeVar</name>
         <run_address>0xd01</run_address>
         <size>0x1</size>
         <contents>
            <object_component_ref idref="oc-7b"/>
         </contents>
      </logical_group>
      <logical_group id="lg-12" display="no" color="cyan">
         <name>FlashCallbackVar</name>
         <run_address>0xd02</run_address>
         <size>0x0</size>
         <contents>
         </contents>
      </logical_group>
      <logical_group id="lg-13" display="no" color="cyan">
         <name>FlashScalingVar</name>
         <run_address>0xd02</run_address>
         <size>0x0</size>
         <contents>
         </contents>
      </logical_group>
      <logical_group id="lg-f" display="no" color="cyan">
         <name>GROUP_2</name>
         <run_address>0xd00</run_address>
         <size>0x2</size>
         <contents>
            <logical_group_ref idref="lg-10"/>
            <logical_group_ref idref="lg-11"/>
            <logical_group_ref idref="lg-12"/>
            <logical_group_ref idref="lg-13"/>
         </contents>
      </logical_group>
      <overlay id="lg-d" display="no" color="cyan">
         <name>UNION_1</name>
         <run_address>0xd00</run_address>
         <size>0x1c0</size>
         <contents>
            <logical_group_ref idref="lg-e"/>
            <logical_group_ref idref="lg-f"/>
         </contents>
      </overlay>
      <logical_group id="lg-14" display="no" color="cyan">
         <name>AdcaResultFile</name>
         <run_address>0xb00</run_address>
         <size>0x18</size>
         <contents>
            <object_component_ref idref="oc-90"/>
         </contents>
      </logical_group>
      <logical_group id="lg-15" display="no" color="cyan">
         <name>AdcbResultFile</name>
         <run_address>0xb20</run_address>
         <size>0x18</size>
         <contents>
            <object_component_ref idref="oc-91"/>
         </contents>
      </logical_group>
      <logical_group id="lg-16" display="no" color="cyan">
         <name>AdccResultFile</name>
         <run_address>0xb40</run_address>
         <size>0x18</size>
         <contents>
            <object_component_ref idref="oc-93"/>
         </contents>
      </logical_group>
      <logical_group id="lg-17" display="no" color="cyan">
         <name>AdcdResultFile</name>
         <run_address>0xb60</run_address>
         <size>0x18</size>
         <contents>
            <object_component_ref idref="oc-92"/>
         </contents>
      </logical_group>
      <logical_group id="lg-18" display="no" color="cyan">
         <name>AdcaRegsFile</name>
         <run_address>0x7400</run_address>
         <size>0x80</size>
         <contents>
            <object_component_ref idref="oc-c7"/>
         </contents>
      </logical_group>
      <logical_group id="lg-19" display="no" color="cyan">
         <name>AdcbRegsFile</name>
         <run_address>0x7480</run_address>
         <size>0x80</size>
         <contents>
            <object_component_ref idref="oc-c3"/>
         </contents>
      </logical_group>
      <logical_group id="lg-1a" display="no" color="cyan">
         <name>AdccRegsFile</name>
         <run_address>0x7500</run_address>
         <size>0x80</size>
         <contents>
            <object_component_ref idref="oc-c4"/>
         </contents>
      </logical_group>
      <logical_group id="lg-1b" display="no" color="cyan">
         <name>AdcdRegsFile</name>
         <run_address>0x7580</run_address>
         <size>0x80</size>
         <contents>
            <object_component_ref idref="oc-c1"/>
         </contents>
      </logical_group>
      <logical_group id="lg-1c" display="no" color="cyan">
         <name>AnalogSubsysRegsFile</name>
         <run_address>0x5d180</run_address>
         <size>0x48</size>
         <contents>
            <object_component_ref idref="oc-be"/>
         </contents>
      </logical_group>
      <logical_group id="lg-1d" display="no" color="cyan">
[...]
      <symbol id="sm-79a7">
         <name>_sn_veri</name>
         <value>0xad30</value>
         <object_component_ref idref="oc-ef"/>
      </symbol>
      <symbol id="sm-79a9">
         <name>_mac_veri</name>
         <value>0xad34</value>
         <object_component_ref idref="oc-ef"/>
      </symbol>
      <symbol id="sm-79ad">
         <name>_socket</name>
         <value>0x84e02</value>
         <object_component_ref idref="oc-139"/>
      </symbol>
      <symbol id="sm-79c5">
         <name>__close</name>
         <value>0x84e63</value>
         <object_component_ref idref="oc-139"/>
      </symbol>
      <symbol id="sm-79e0">
         <name>_connect</name>
         <value>0x84eae</value>
         <object_component_ref idref="oc-139"/>
      </symbol>
      <symbol id="sm-79fa">
         <name>_disconnect</name>
         <value>0x84f69</value>
         <object_component_ref idref="oc-139"/>
      </symbol>
      <symbol id="sm-7a04">
         <name>_listen</name>
         <value>0x84f70</value>
         <object_component_ref idref="oc-139"/>
      </symbol>
      <symbol id="sm-7a10">
         <name>_send</name>
         <value>0x84f7f</value>
         <object_component_ref idref="oc-139"/>
      </symbol>
      <symbol id="sm-7a2f">
         <name>_recv</name>
         <value>0x84fca</value>
         <object_component_ref idref="oc-139"/>
      </symbol>
      <symbol id="sm-7a48">
         <name>_sendto</name>
         <value>0x85012</value>
         <object_component_ref idref="oc-139"/>
      </symbol>
      <symbol id="sm-7a6e">
         <name>_recvfrom</name>
         <value>0x850bf</value>
         <object_component_ref idref="oc-139"/>
      </symbol>
      <symbol id="sm-7a95">
         <name>_UPDATE_ADDR_PORT</name>
         <value>0xadb0</value>
         <object_component_ref idref="oc-f1"/>
      </symbol>
      <symbol id="sm-7a97">
         <name>_iinchip_source_port</name>
         <value>0xadb1</value>
         <object_component_ref idref="oc-f1"/>
      </symbol>
      <symbol id="sm-7a99">
         <name>_check_sendok_flag</name>
         <value>0xadb2</value>
         <object_component_ref idref="oc-f1"/>
      </symbol>
      <symbol id="sm-7aa3">
         <name>_IINCHIP_READ</name>
         <value>0x8332f</value>
         <object_component_ref idref="oc-137"/>
      </symbol>
      <symbol id="sm-7aad">
         <name>_IINCHIP_WRITE</name>
         <value>0x83335</value>
         <object_component_ref idref="oc-137"/>
      </symbol>
      <symbol id="sm-7abb">
         <name>_getMR</name>
         <value>0x8333d</value>
         <object_component_ref idref="oc-137"/>
      </symbol>
      <symbol id="sm-7ac1">
         <name>_setMR</name>
         <value>0x83341</value>
         <object_component_ref idref="oc-137"/>
      </symbol>
      <symbol id="sm-7acb">
         <name>_getIR</name>
         <value>0x83349</value>
         <object_component_ref idref="oc-137"/>
      </symbol>
      <symbol id="sm-7ad1">
         <name>_setIR</name>
         <value>0x8334f</value>
         <object_component_ref idref="oc-137"/>
      </symbol>
      <symbol id="sm-7adb">
         <name>_getIMR</name>
         <value>0x83359</value>
         <object_component_ref idref="oc-137"/>
      </symbol>
      <symbol id="sm-7ae1">
         <name>_setIMR</name>
         <value>0x8335f</value>
         <object_component_ref idref="oc-137"/>
      </symbol>
      <symbol id="sm-7aeb">
         <name>_getSHAR</name>
         <value>0x83369</value>
         <object_component_ref idref="oc-137"/>
      </symbol>
      <symbol id="sm-7af5">
         <name>_setSHAR</name>
         <value>0x8339d</value>
         <object_component_ref idref="oc-137"/>
      </symbol>
      <symbol id="sm-7aff">
         <name>_getGAR</name>
         <value>0x833c1</value>
         <object_component_ref idref="oc-137"/>
      </symbol>
      <symbol id="sm-7b0b">
         <name>_setGAR</name>
         <value>0x833df</value>
         <object_component_ref idref="oc-137"/>
      </symbol>
      <symbol id="sm-7b15">
         <name>_getSUBR</name>
         <value>0x833f8</value>
         <object_component_ref idref="oc-137"/>
      </symbol>
      <symbol id="sm-7b1f">
         <name>_saveSUBR</name>
         <value>0x83409</value>
         <object_component_ref idref="oc-137"/>
      </symbol>
      <symbol id="sm-7b29">
         <name>_setSUBR</name>
         <value>0x83418</value>
         <object_component_ref idref="oc-137"/>
      </symbol>
      <symbol id="sm-7b2f">
         <name>_clearSUBR</name>
         <value>0x8342d</value>
         <object_component_ref idref="oc-137"/>
      </symbol>
      <symbol id="sm-7b36">
         <name>_getSIPR</name>
         <value>0x83448</value>
         <object_component_ref idref="oc-137"/>
      </symbol>
      <symbol id="sm-7b40">
         <name>_setSIPR</name>
         <value>0x8346c</value>
         <object_component_ref idref="oc-137"/>
      </symbol>
      <symbol id="sm-7b4a">
         <name>_getRTR</name>
         <value>0x83485</value>
         <object_component_ref idref="oc-137"/>
      </symbol>
      <symbol id="sm-7b50">
         <name>_setRTR</name>
         <value>0x8348b</value>
         <object_component_ref idref="oc-137"/>
      </symbol>
      <symbol id="sm-7b5a">
         <name>_getRCR</name>
         <value>0x83495</value>
         <object_component_ref idref="oc-137"/>
      </symbol>
      <symbol id="sm-7b60">
         <name>_setRCR</name>
         <value>0x8349b</value>
         <object_component_ref idref="oc-137"/>
      </symbol>
      <symbol id="sm-7b6a">
         <name>_getPATR</name>
         <value>0x834a5</value>
         <object_component_ref idref="oc-137"/>
      </symbol>
      <symbol id="sm-7b70">
         <name>_getPTIMER</name>
         <value>0x834ab</value>
         <object_component_ref idref="oc-137"/>
      </symbol>
      <symbol id="sm-7b76">
         <name>_setPTIMER</name>
         <value>0x834b1</value>
         <object_component_ref idref="oc-137"/>
      </symbol>
      <symbol id="sm-7b80">
         <name>_getPMAGICR</name>
         <value>0x834bb</value>
         <object_component_ref idref="oc-137"/>
      </symbol>
      <symbol id="sm-7b86">
         <name>_setPMAGICR</name>
         <value>0x834c1</value>
         <object_component_ref idref="oc-137"/>
      </symbol>
      <symbol id="sm-7b90">
         <name>_getPSIDR</name>
         <value>0x834cb</value>
         <object_component_ref idref="oc-137"/>
      </symbol>
      <symbol id="sm-7b96">
         <name>_getPDHAR</name>
         <value>0x834d1</value>
         <object_component_ref idref="oc-137"/>
      </symbol>
      <symbol id="sm-7ba0">
         <name>_getUIPR</name>
         <value>0x83502</value>
         <object_component_ref idref="oc-137"/>
      </symbol>
      <symbol id="sm-7baa">
         <name>_getUPORTR</name>
         <value>0x83524</value>
         <object_component_ref idref="oc-137"/>
      </symbol>
      <symbol id="sm-7bb0">
         <name>_getFMTUR</name>
         <value>0x8352a</value>
         <object_component_ref idref="oc-137"/>
      </symbol>
      <symbol id="sm-7bb6">
         <name>_getPn_BRDYR</name>
         <value>0x83530</value>
         <object_component_ref idref="oc-137"/>
      </symbol>
      <symbol id="sm-7bc0">
         <name>_setPn_BRDYR</name>
         <value>0x8354b</value>
         <object_component_ref idref="oc-137"/>
      </symbol>
      <symbol id="sm-7bce">
         <name>_getPn_BDPTHR</name>
         <value>0x83568</value>
         <object_component_ref idref="oc-137"/>
      </symbol>
      <symbol id="sm-7bd8">
         <name>_setPn_BDPTHR</name>
         <value>0x83583</value>
         <object_component_ref idref="oc-137"/>
      </symbol>
      <symbol id="sm-7be6">
         <name>_getIDR</name>
         <value>0x835a0</value>
         <object_component_ref idref="oc-137"/>
      </symbol>
      <symbol id="sm-7bec">
         <name>_getSn_MR</name>
         <value>0x835a6</value>
         <object_component_ref idref="oc-137"/>
      </symbol>
      <symbol id="sm-7bf6">
         <name>_setSn_MR</name>
         <value>0x835bf</value>
         <object_component_ref idref="oc-137"/>
      </symbol>
      <symbol id="sm-7c04">
         <name>_getSn_CR</name>
         <value>0x835da</value>
         <object_component_ref idref="oc-137"/>
      </symbol>
      <symbol id="sm-7c0e">
         <name>_setSn_CR</name>
         <value>0x835f5</value>
         <object_component_ref idref="oc-137"/>
      </symbol>
      <symbol id="sm-7c1d">
         <name>_getSn_IMR</name>
         <value>0x8362b</value>
         <object_component_ref idref="oc-137"/>
      </symbol>
      <symbol id="sm-7c27">
         <name>_setSn_IMR</name>
         <value>0x83646</value>
         <object_component_ref idref="oc-137"/>
      </symbol>
      <symbol id="sm-7c35">
         <name>_getSn_IR</name>
         <value>0x83663</value>
         <object_component_ref idref="oc-137"/>
      </symbol>
      <symbol id="sm-7c3f">
         <name>_setSn_IR</name>
         <value>0x8367e</value>
         <object_component_ref idref="oc-137"/>
      </symbol>
      <symbol id="sm-7c4d">
         <name>_getSn_SSR</name>
         <value>0x8369b</value>
         <object_component_ref idref="oc-137"/>
      </symbol>
      <symbol id="sm-7c5d">
         <name>_getSn_DHAR</name>
         <value>0x836d8</value>
         <object_component_ref idref="oc-137"/>
      </symbol>
      <symbol id="sm-7c6b">
         <name>_setSn_DHAR</name>
         <value>0x83776</value>
         <object_component_ref idref="oc-137"/>
      </symbol>
      <symbol id="sm-7c79">
         <name>_setSn_DPORTR</name>
         <value>0x837d8</value>
         <object_component_ref idref="oc-137"/>
      </symbol>
      <symbol id="sm-7c87">
         <name>_getSn_DIPR</name>
         <value>0x837f5</value>
         <object_component_ref idref="oc-137"/>
      </symbol>
      <symbol id="sm-7c95">
         <name>_setSn_DIPR</name>
         <value>0x83860</value>
         <object_component_ref idref="oc-137"/>
      </symbol>
      <symbol id="sm-7ca3">
         <name>_getSn_MSSR</name>
         <value>0x838a3</value>
         <object_component_ref idref="oc-137"/>
      </symbol>
      <symbol id="sm-7cad">
         <name>_setSn_MSSR</name>
         <value>0x838be</value>
         <object_component_ref idref="oc-137"/>
      </symbol>
      <symbol id="sm-7cbb">
         <name>_getSn_KPALVTR</name>
         <value>0x838db</value>
         <object_component_ref idref="oc-137"/>
      </symbol>
      <symbol id="sm-7cc5">
         <name>_setSn_KPALVTR</name>
         <value>0x838f7</value>
         <object_component_ref idref="oc-137"/>
      </symbol>
      <symbol id="sm-7cd5">
         <name>_getSn_TX_WRSR</name>
         <value>0x8392f</value>
         <object_component_ref idref="oc-137"/>
      </symbol>
      <symbol id="sm-7ce1">
         <name>_setSn_TX_WRSR</name>
         <value>0x8396a</value>
         <object_component_ref idref="oc-137"/>
      </symbol>
      <symbol id="sm-7cef">
         <name>_getSn_TX_FSR</name>
         <value>0x839a3</value>
         <object_component_ref idref="oc-137"/>
      </symbol>
      <symbol id="sm-7cff">
         <name>_getSn_RX_RSR</name>
         <value>0x839e6</value>
         <object_component_ref idref="oc-137"/>
      </symbol>
      <symbol id="sm-7d0f">
         <name>_setSn_TX_FIFOR</name>
         <value>0x83a2a</value>
         <object_component_ref idref="oc-137"/>
      </symbol>
      <symbol id="sm-7d1d">
         <name>_getSn_RX_FIFOR</name>
         <value>0x83a47</value>
         <object_component_ref idref="oc-137"/>
      </symbol>
      <symbol id="sm-7d27">
         <name>_getSn_PROTOR</name>
         <value>0x83a62</value>
         <object_component_ref idref="oc-137"/>
      </symbol>
      <symbol id="sm-7d31">
         <name>_setSn_PROTOR</name>
         <value>0x83a7d</value>
         <object_component_ref idref="oc-137"/>
      </symbol>
      <symbol id="sm-7d41">
         <name>_getSn_TOSR</name>
         <value>0x83ab6</value>
         <object_component_ref idref="oc-137"/>
      </symbol>
      <symbol id="sm-7d4b">
         <name>_setSn_TOSR</name>
         <value>0x83ad1</value>
         <object_component_ref idref="oc-137"/>
      </symbol>
      <symbol id="sm-7d59">
         <name>_getSn_TTLR</name>
         <value>0x83aee</value>
         <object_component_ref idref="oc-137"/>
      </symbol>
      <symbol id="sm-7d63">
         <name>_setSn_TTLR</name>
         <value>0x83b09</value>
         <object_component_ref idref="oc-137"/>
      </symbol>
      <symbol id="sm-7d71">
         <name>_getSn_FRAGR</name>
         <value>0x83b26</value>
         <object_component_ref idref="oc-137"/>
      </symbol>
      <symbol id="sm-7d7b">
         <name>_setSn_FRAGR</name>
         <value>0x83b41</value>
         <object_component_ref idref="oc-137"/>
      </symbol>
      <symbol id="sm-7d89">
         <name>_iinchip_init</name>
         <value>0x83b5e</value>
         <object_component_ref idref="oc-137"/>
      </symbol>
      <symbol id="sm-7d8f">
         <name>_sysinit</name>
         <value>0x83b63</value>
         <object_component_ref idref="oc-137"/>
      </symbol>
      <symbol id="sm-7dae">
         <name>_wiz_write_buf</name>
         <value>0x83c12</value>
         <object_component_ref idref="oc-137"/>
      </symbol>
      <symbol id="sm-7dc4">
         <name>_wiz_read_buf</name>
         <value>0x83c41</value>
         <object_component_ref idref="oc-137"/>
      </symbol>
      <symbol id="sm-7ddf">
         <name>_getIINCHIP_TxMAX</name>
         <value>0x83c9f</value>
         <object_component_ref idref="oc-137"/>
      </symbol>
      <symbol id="sm-7de9">
         <name>_getIINCHIP_RxMAX</name>
         <value>0x83cab</value>
         <object_component_ref idref="oc-137"/>
      </symbol>
      <symbol id="sm-7df3">
         <name>_wait_1us</name>
         <value>0x83cb7</value>
         <object_component_ref idref="oc-137"/>
      </symbol>
      <symbol id="sm-7e05">
         <name>_wait_1ms</name>
         <value>0x83ccf</value>
         <object_component_ref idref="oc-137"/>
      </symbol>
      <symbol id="sm-7e13">
         <name>_wait_10ms</name>
         <value>0x83ce2</value>
         <object_component_ref idref="oc-137"/>
      </symbol>
      <symbol id="sm-7e29">
         <name>_SOCK_INT</name>
         <value>0xad88</value>
         <object_component_ref idref="oc-f3"/>
      </symbol>
      <symbol id="sm-7e2b">
         <name>_TXMEM_SIZE</name>
         <value>0xad90</value>
         <object_component_ref idref="oc-f3"/>
      </symbol>
      <symbol id="sm-7e2d">
         <name>_RXMEM_SIZE</name>
         <value>0xada0</value>
         <object_component_ref idref="oc-f3"/>
      </symbol>
      <symbol id="sm-7e4b">
         <name>_c_int00</name>
         <value>0x85c70</value>
         <object_component_ref idref="oc-f4"/>
      </symbol>
      <symbol id="sm-7e4c">
         <name>__stack</name>
         <value>0x400</value>
         <object_component_ref idref="oc-f5"/>
      </symbol>
      <symbol id="sm-7e62">
         <name>_copy_in</name>
         <value>0x85d65</value>
         <object_component_ref idref="oc-13c"/>
      </symbol>
      <symbol id="sm-7e71">
         <name>_ppcopy</name>
         <value>0x85e9c</value>
         <object_component_ref idref="oc-100"/>
      </symbol>
      <symbol id="sm-7e72">
         <name>_dpcopy</name>
         <value>0x85e9c</value>
         <object_component_ref idref="oc-100"/>
      </symbol>
      <symbol id="sm-7e73">
         <name>_pdcopy</name>
         <value>0x85e9c</value>
         <object_component_ref idref="oc-100"/>
      </symbol>
      <symbol id="sm-7e74">
         <name>_ddcopy</name>
         <value>0x85e9c</value>
         <object_component_ref idref="oc-100"/>
      </symbol>
      <symbol id="sm-7e89">
         <name>C$$EXIT</name>
         <value>0x85dea</value>
         <object_component_ref idref="oc-13f"/>
      </symbol>
      <symbol id="sm-7e8a">
         <name>_exit</name>
         <value>0x85dec</value>
         <object_component_ref idref="oc-13f"/>
      </symbol>
      <symbol id="sm-7e8b">
         <name>___TI_cleanup_ptr</name>
         <value>0xad3c</value>
         <object_component_ref idref="oc-107"/>
      </symbol>
      <symbol id="sm-7e8c">
         <name>___TI_enable_exit_profile_output</name>
         <value>0xad3a</value>
         <object_component_ref idref="oc-107"/>
      </symbol>
      <symbol id="sm-7e8d">
         <name>_abort</name>
         <value>0x85dea</value>
         <object_component_ref idref="oc-13f"/>
      </symbol>
      <symbol id="sm-7e8e">
         <name>___TI_dtors_ptr</name>
         <value>0xad3e</value>
         <object_component_ref idref="oc-107"/>
      </symbol>
      <symbol id="sm-7e9f">
         <name>FS$$DIV</name>
         <value>0x85ae8</value>
         <object_component_ref idref="oc-10c"/>
      </symbol>
      <symbol id="sm-7eab">
         <name>LL$$AND</name>
         <value>0x85ecf</value>
         <object_component_ref idref="oc-111"/>
      </symbol>
      <symbol id="sm-7eac">
         <name>LL$$OR</name>
         <value>0x85ed7</value>
         <object_component_ref idref="oc-111"/>
      </symbol>
      <symbol id="sm-7ead">
         <name>LL$$XOR</name>
         <value>0x85edf</value>
         <object_component_ref idref="oc-111"/>
      </symbol>
      <symbol id="sm-7ebb">
         <name>ULL$$CMP</name>
         <value>0x83fed</value>
         <object_component_ref idref="oc-116"/>
      </symbol>
      <symbol id="sm-7ebc">
         <name>LL$$CMP</name>
         <value>0x83fdb</value>
         <object_component_ref idref="oc-116"/>
      </symbol>
      <symbol id="sm-7ece">
         <name>_memcpy</name>
         <value>0x85e61</value>
         <object_component_ref idref="oc-151"/>
      </symbol>
      <symbol id="sm-7edb">
         <name>__system_pre_init</name>
         <value>0x83ff9</value>
         <object_component_ref idref="oc-13b"/>
      </symbol>
      <symbol id="sm-7ee8">
         <name>__system_post_cinit</name>
         <value>0x83ffb</value>
         <object_component_ref idref="oc-13d"/>
      </symbol>
      <symbol id="sm-7efd">
         <name>__unlock</name>
         <value>0xacbe</value>
         <object_component_ref idref="oc-153"/>
      </symbol>
      <symbol id="sm-7efe">
         <name>__lock</name>
         <value>0xacbc</value>
         <object_component_ref idref="oc-142"/>
      </symbol>
      <symbol id="sm-7eff">
         <name>__register_lock</name>
         <value>0x85eeb</value>
         <object_component_ref idref="oc-14f"/>
      </symbol>
      <symbol id="sm-7f00">
         <name>__nop</name>
         <value>0x85eef</value>
         <object_component_ref idref="oc-14f"/>
      </symbol>
      <symbol id="sm-7f01">
         <name>__register_unlock</name>
         <value>0x85ee7</value>
         <object_component_ref idref="oc-14f"/>
      </symbol>
      <symbol id="sm-7f11">
         <name>__args_main</name>
         <value>0x85eb6</value>
         <object_component_ref idref="oc-13e"/>
      </symbol>
   </symbol_table>
   <title>Link successful</title>
</link_info>
