******************************************************************************
             TMS320C2000 Linker PC v15.12.6                    
******************************************************************************
>> Linked Sat Apr 04 04:31:17 2020

OUTPUT FILE NAME:   <Micro_INV.out>
ENTRY POINT SYMBOL: "code_start"  address: 00080000


MEMORY CONFIGURATION

         name            origin    length      used     unused   attr    fill
----------------------  --------  ---------  --------  --------  ----  --------
PAGE 0:
  RAMM0                 00000122   000002de  00000000  000002de  RWIX
  RAMLS0                00008000   00000800  00000004  000007fc  RWIX
  RAMLS1                00008800   00000800  00000000  00000800  RWIX
  RAMLS2                00009000   00000800  00000000  00000800  RWIX
  RAMLS3                00009800   00000800  00000000  00000800  RWIX
  RAMLS4                0000a000   00000800  00000000  00000800  RWIX
  RAMD0                 0000b000   00000800  00000000  00000800  RWIX
  RAMGS14               0001a000   00001000  00000000  00001000  RWIX
  RAMGS15               0001b000   00001000  00000000  00001000  RWIX
  BEGIN                 00080000   00000002  00000002  00000000  RWIX
  FLASHA                00080002   00001ffe  00000000  00001ffe  RWIX
  FLASHB                00082000   00002000  00001ffd  00000003  RWIX
  FLASHC                00084000   00002000  00000852  000017ae  RWIX
  FLASHD                00086000   00002000  00000004  00001ffc  RWIX
  FLASHE                00088000   00008000  00000000  00008000  RWIX
  FLASHF                00090000   00008000  00000204  00007dfc  RWIX
  FLASHG                00098000   00008000  00000000  00008000  RWIX
  FLASHH                000a0000   00008000  00000000  00008000  RWIX
  FLASHI                000a8000   00008000  00000000  00008000  RWIX
  FLASHJ                000b0000   00008000  00000000  00008000  RWIX
  FLASHK                000b8000   00002000  00000000  00002000  RWIX
  FLASHL                000ba000   00002000  00000000  00002000  RWIX
  FLASHM                000bc000   00002000  00000000  00002000  RWIX
  FLASHN                000be000   00002000  00000000  00002000  RWIX
  FLASHO                000c0000   00002000  00000000  00002000  RWIX
  FLASHP                000c2000   00002000  00000000  00002000  RWIX
  FLASHQ                000c4000   00002000  00000000  00002000  RWIX
  FLASHR                000c6000   00002000  00000000  00002000  RWIX
  FLASHS                000c8000   00008000  00000000  00008000  RWIX
  FLASHT                000d0000   00008000  00000000  00008000  RWIX
  FLASHU                000d8000   00008000  00000000  00008000  RWIX
  FLASHV                000e0000   00008000  00000000  00008000  RWIX
  FLASHW                000e8000   00008000  00000000  00008000  RWIX
  FLASHX                000f0000   00008000  00000000  00008000  RWIX
  FLASHY                000f8000   00002000  00000000  00002000  RWIX
  FLASHZ                000fa000   00002000  00000000  00002000  RWIX
  FLASHAA               000fc000   00002000  00000000  00002000  RWIX
  FLASHAB               000fe000   00002000  00000000  00002000  RWIX
  RESET                 003fffc0   00000002  00000000  00000002  RWIX

PAGE 1:
  BOOT_RSVD             00000002   00000120  00000000  00000120  RWIX
  RAMM1                 00000400   00000400  00000300  00000100  RWIX
  ADCA_RESULT           00000b00   00000020  00000018  00000008  RWIX
  ADCB_RESULT           00000b20   00000020  00000018  00000008  RWIX
  ADCC_RESULT           00000b40   00000020  00000018  00000008  RWIX
  ADCD_RESULT           00000b60   00000020  00000018  00000008  RWIX
  CPU_TIMER0            00000c00   00000008  00000008  00000000  RWIX
  CPU_TIMER1            00000c08   00000008  00000008  00000000  RWIX
  CPU_TIMER2            00000c10   00000008  00000008  00000000  RWIX
  PIE_CTRL              00000ce0   00000020  0000001a  00000006  RWIX
  PIE_VECT              00000d00   00000200  000001c0  00000040  RWIX
  DMA                   00001000   00000200  000000e0  00000120  RWIX
  CLA1                  00001400   00000040  0000003e  00000002  RWIX
  EPWM1                 00004000   00000100  00000100  00000000  RWIX
  EPWM2                 00004100   00000100  00000100  00000000  RWIX
  EPWM3                 00004200   00000100  00000100  00000000  RWIX
  EPWM4                 00004300   00000100  00000100  00000000  RWIX
  EPWM5                 00004400   00000100  00000100  00000000  RWIX
  EPWM6                 00004500   00000100  00000100  00000000  RWIX
  EPWM7                 00004600   00000100  00000100  00000000  RWIX
  EPWM8                 00004700   00000100  00000100  00000000  RWIX
  EPWM9                 00004800   00000100  00000100  00000000  RWIX
  EPWM10                00004900   00000100  00000100  00000000  RWIX
  EPWM11                00004a00   00000100  00000100  00000000  RWIX
  EPWM12                00004b00   00000100  00000100  00000000  RWIX
  ECAP1                 00005000   00000020  00000020  00000000  RWIX
  ECAP2                 00005020   00000020  00000020  00000000  RWIX
  ECAP3                 00005040   00000020  00000020  00000000  RWIX
  ECAP4                 00005060   00000020  00000020  00000000  RWIX
  ECAP5                 00005080   00000020  00000020  00000000  RWIX
  ECAP6                 000050a0   00000020  00000020  00000000  RWIX
  EQEP1                 00005100   00000040  00000022  0000001e  RWIX
  EQEP2                 00005140   00000040  00000022  0000001e  RWIX
  EQEP3                 00005180   00000040  00000022  0000001e  RWIX
  DACA                  00005c00   00000010  00000008  00000008  RWIX
  DACB                  00005c10   00000010  00000008  00000008  RWIX
  DACC                  00005c20   00000010  00000008  00000008  RWIX
  CMPSS1                00005c80   00000020  00000020  00000000  RWIX
  CMPSS2                00005ca0   00000020  00000020  00000000  RWIX
  CMPSS3                00005cc0   00000020  00000020  00000000  RWIX
  CMPSS4                00005ce0   00000020  00000020  00000000  RWIX
  CMPSS5                00005d00   00000020  00000020  00000000  RWIX
  CMPSS6                00005d20   00000020  00000020  00000000  RWIX
  CMPSS7                00005d40   00000020  00000020  00000000  RWIX
  CMPSS8                00005d60   00000020  00000020  00000000  RWIX
  SDFM1                 00005e00   00000080  00000080  00000000  RWIX
  SDFM2                 00005e80   00000080  00000080  00000000  RWIX
  MCBSPA                00006000   00000040  00000024  0000001c  RWIX
  MCBSPB                00006040   00000040  00000024  0000001c  RWIX
  SPIA                  00006100   00000010  00000010  00000000  RWIX
  SPIB                  00006110   00000010  00000010  00000000  RWIX
  SPIC                  00006120   00000010  00000010  00000000  RWIX
  SPID                  00006130   00000010  00000000  00000010  RWIX
  UPP                   00006200   00000100  00000048  000000b8  RWIX
  WD                    00007000   00000040  0000002b  00000015  RWIX
  NMIINTRUPT            00007060   00000010  00000007  00000009  RWIX
  XINT                  00007070   00000010  0000000b  00000005  RWIX
  SCIA                  00007200   00000010  00000010  00000000  RWIX
  SCIB                  00007210   00000010  00000010  00000000  RWIX
  SCIC                  00007220   00000010  00000010  00000000  RWIX
  SCID                  00007230   00000010  00000010  00000000  RWIX
  I2CA                  00007300   00000040  00000022  0000001e  RWIX
  I2CB                  00007340   00000040  00000022  0000001e  RWIX
  ADCA                  00007400   00000080  00000080  00000000  RWIX
  ADCB                  00007480   00000080  00000080  00000000  RWIX
  ADCC                  00007500   00000080  00000080  00000000  RWIX
  ADCD                  00007580   00000080  00000080  00000000  RWIX
  INPUT_XBAR            00007900   00000020  00000020  00000000  RWIX
  XBAR                  00007920   00000020  00000020  00000000  RWIX
  TRIG                  00007940   00000010  00000006  0000000a  RWIX
  DMACLASRCSEL          00007980   00000040  0000001a  00000026  RWIX
  EPWM_XBAR             00007a00   00000040  00000040  00000000  RWIX
  CLB_XBAR              00007a40   00000040  00000000  00000040  RWIX
  OUTPUT_XBAR           00007a80   00000040  00000040  00000000  RWIX
  GPIOCTRL              00007c00   00000180  00000180  00000000  RWIX
  GPIODAT               00007f00   00000030  00000030  00000000  RWIX
  RAMLS5                0000a800   00000800  0000034d  000004b3  RWIX
  RAMD1                 0000b800   00000800  00000000  00000800  RWIX
  RAMGS0                0000c000   00001000  00000000  00001000  RWIX
  RAMGS1                0000d000   00001000  00000000  00001000  RWIX
  RAMGS2                0000e000   00001000  00000000  00001000  RWIX
  RAMGS3                0000f000   00001000  00000000  00001000  RWIX
  RAMGS4                00010000   00001000  00000000  00001000  RWIX
  RAMGS5                00011000   00001000  00000000  00001000  RWIX
  RAMGS6                00012000   00001000  00000000  00001000  RWIX
  RAMGS7                00013000   00001000  00000000  00001000  RWIX
  RAMGS8                00014000   00001000  00000000  00001000  RWIX
  RAMGS9                00015000   00001000  00000000  00001000  RWIX
  RAMGS10               00016000   00001000  00000000  00001000  RWIX
  RAMGS11               00017000   00001000  00000000  00001000  RWIX
  RAMGS12               00018000   00001000  00000000  00001000  RWIX
  RAMGS13               00019000   00001000  00000000  00001000  RWIX
  EMIF1                 00047000   00000800  00000070  00000790  RWIX
  EMIF2                 00047800   00000800  00000070  00000790  RWIX
  DEV_CFG               0005d000   00000180  0000012e  00000052  RWIX
  ANALOG_SUBSYS         0005d180   00000080  00000048  00000038  RWIX
  CLK_CFG               0005d200   00000100  00000032  000000ce  RWIX
  CPU_SYS               0005d300   00000100  00000082  0000007e  RWIX
  ROMPREFETCH           0005e608   00000002  00000002  00000000  RWIX
  DCSM_Z1               0005f000   00000030  00000024  0000000c  RWIX
  DCSM_Z2               0005f040   00000030  00000024  0000000c  RWIX
  DCSM_COMMON           0005f070   00000010  00000008  00000008  RWIX
  MEMCFG                0005f400   00000080  00000080  00000000  RWIX
  EMIF1CONFIG           0005f480   00000020  00000020  00000000  RWIX
  EMIF2CONFIG           0005f4a0   00000020  00000020  00000000  RWIX
  ACCESSPROTECTION      0005f4c0   00000040  00000040  00000000  RWIX
  MEMORYERROR           0005f500   00000040  00000040  00000000  RWIX
  ROMWAITSTATE          0005f540   00000002  00000002  00000000  RWIX
  FLASH0_CTRL           0005f800   00000300  00000182  0000017e  RWIX
  FLASH0_ECC            0005fb00   00000040  00000028  00000018  RWIX
  FLASH1_CTRL           0005fc00   00000300  00000182  0000017e  RWIX
  FLASH1_ECC            0005ff00   00000040  00000028  00000018  RWIX
  DCSM_Z1_OTP           00078000   00000020  00000020  00000000  RWIX
  DCSM_Z2_OTP           00078200   00000020  00000020  00000000  RWIX


SECTION ALLOCATION MAP

 output                                  attributes/
section   page    origin      length       input sections
--------  ----  ----------  ----------   ----------------
codestart 
*          0    00080000    00000002     
                  00080000    00000002     F2837xS_CodeStartBranch.obj (codestart)

.cinit     0    00082000    000002c1     
                  00082000    00000156     F2837xS_variable.obj (.cinit)
                  00082156    00000062     F2837xS_struct.obj (.cinit)
                  000821b8    0000005c     cc.obj (.cinit)
                  00082214    0000004e     easy2837xS_sci_v8.4.obj (.cinit)
                  00082262    0000001c     F2837xS_offset.obj (.cinit)
                  0008227e    00000010     F2837xS_fault.obj (.cinit)
                  0008228e    0000000e     rts2800_fpu32.lib : exit.obj (.cinit)
                  0008229c    0000000c     RingBuff.obj (.cinit)
                  000822a8    00000009     main.obj (.cinit)
                  000822b1    00000005     rts2800_fpu32.lib : _lock.obj (.cinit:__lock)
                  000822b6    00000005                       : _lock.obj (.cinit:__unlock)
                  000822bb    00000004                       : errno.obj (.cinit)
                  000822bf    00000002     --HOLE-- [fill = 0]

.pinit     0    00082000    00000000     UNINITIALIZED

ramfuncs   0    00086000    00000004     RUN ADDR = 00008000
                  00086000    00000004     F2837xS_usDelay.obj (ramfuncs)

.stack     1    00000400    00000300     UNINITIALIZED
                  00000400    00000300     --HOLE--

.reset     0    003fffc0    00000002     DSECT
                  003fffc0    00000002     rts2800_fpu32.lib : boot.obj (.reset)

.text.1    0    000822c4    00001d3c     
                  000822c4    00000585     F2837xS_DefaultISR.obj (.text:retain)
                  00082849    000003f5     cc.obj (.text:retain)
                  00082c3e    000003ee     cc.obj (.text)
                  0008302c    000003b2     easy2837xS_sci_v8.4.obj (.text:retain)
                  000833de    0000037f     rts2800_fpu32.lib : e_powf.obj (.text)
                  0008375d    000002dc     F2837xS_SysCtrl.obj (.text)
                  00083a39    000002d3     F2837xS_Gpio.obj (.text)
                  00083d0c    000001ee     F2837xS_Adc.obj (.text)
                  00083efa    000000f4     F2837xS_variable.obj (.text)
                  00083fee    00000011     F2837xS_Xbar.obj (.text)
                  00083fff    00000001     rts2800_fpu32.lib : startup.obj (.text)

.text.2    0    00084000    00000852     
                  00084000    000001c4     F2837xS_EPwm.obj (.text)
                  000841c4    000000b0     F2837xS_fault.obj (.text)
                  00084274    000000ad     F2837xS_offset.obj (.text:retain)
                  00084321    000000a7     main.obj (.text)
                  000843c8    00000088     rts2800_fpu32.lib : fs_div.obj (.text)
                  00084450    00000085     RingBuff.obj (.text)
                  000844d5    0000007b     F2837xS_CpuTimers.obj (.text)
                  00084550    00000067     rts2800_fpu32.lib : s_scalbnf.obj (.text)
                  000845b7    00000056                       : boot.obj (.text)
                  0008460d    00000050     easy2837xS_sci_v8.4.obj (.text)
                  0008465d    0000004e     F2837xS_fault.obj (.text:retain)
                  000846ab    00000046     rts2800_fpu32.lib : cpy_tbl.obj (.text)
                  000846f1    00000037     F2837xS_Spi.obj (.text)
                  00084728    00000029     rts2800_fpu32.lib : exit.obj (.text)
                  00084751    00000028     F2837xS_PieCtrl.obj (.text)
                  00084779    00000026     F2837xS_PieVect.obj (.text)
                  0008479f    00000001     --HOLE-- [fill = 0]
                  000847a0    00000025     rts2800_fpu32.lib : e_sqrtf.obj (.text)
                  000847c5    0000001e                       : ll_cmp.obj (.text)
                  000847e3    0000001a                       : cpy_utils.obj (.text)
                  000847fd    00000019                       : args_main.obj (.text)
                  00084816    00000018                       : ll_aox.obj (.text)
                  0008482e    00000011                       : s_copysignf.obj (.text)
                  0008483f    00000009                       : _lock.obj (.text)
                  00084848    00000008     F2837xS_CodeStartBranch.obj (.text)
                  00084850    00000002     rts2800_fpu32.lib : pre_init.obj (.text)

.econst    0    00090000    00000204     
                  00090000    000001c0     F2837xS_PieVect.obj (.econst:_PieVectTableInit)
                  000901c0    00000032     rts2800_fpu32.lib : e_powf.obj (.econst)
                  000901f2    00000006                       : s_scalbnf.obj (.econst)
                  000901f8    00000004                       : e_powf.obj (.econst:_bp)
                  000901fc    00000004                       : e_powf.obj (.econst:_dp_h)
                  00090200    00000004                       : e_powf.obj (.econst:_dp_l)

AdcaResultFile 
*          1    00000b00    00000018     UNINITIALIZED
                  00000b00    00000018     F2837xS_GlobalVariableDefs.obj (AdcaResultFile)

AdcbResultFile 
*          1    00000b20    00000018     UNINITIALIZED
                  00000b20    00000018     F2837xS_GlobalVariableDefs.obj (AdcbResultFile)

AdccResultFile 
*          1    00000b40    00000018     UNINITIALIZED
                  00000b40    00000018     F2837xS_GlobalVariableDefs.obj (AdccResultFile)

AdcdResultFile 
*          1    00000b60    00000018     UNINITIALIZED
                  00000b60    00000018     F2837xS_GlobalVariableDefs.obj (AdcdResultFile)

CpuTimer0RegsFile 
*          1    00000c00    00000008     UNINITIALIZED
                  00000c00    00000008     F2837xS_GlobalVariableDefs.obj (CpuTimer0RegsFile)

CpuTimer1RegsFile 
*          1    00000c08    00000008     UNINITIALIZED
                  00000c08    00000008     F2837xS_GlobalVariableDefs.obj (CpuTimer1RegsFile)

CpuTimer2RegsFile 
*          1    00000c10    00000008     UNINITIALIZED
                  00000c10    00000008     F2837xS_GlobalVariableDefs.obj (CpuTimer2RegsFile)

PieCtrlRegsFile 
*          1    00000ce0    0000001a     UNINITIALIZED
                  00000ce0    0000001a     F2837xS_GlobalVariableDefs.obj (PieCtrlRegsFile)

PieVectTableFile 
*          1    00000d00    000001c0     UNINITIALIZED
                  00000d00    000001c0     F2837xS_GlobalVariableDefs.obj (PieVectTableFile)

EmuKeyVar 
*          1    00000d00    00000001     UNINITIALIZED
                  00000d00    00000001     F2837xS_GlobalVariableDefs.obj (EmuKeyVar)

EmuBModeVar 
*          1    00000d01    00000001     UNINITIALIZED
                  00000d01    00000001     F2837xS_GlobalVariableDefs.obj (EmuBModeVar)

FlashCallbackVar 
*          1    00000d02    00000000     UNINITIALIZED

FlashScalingVar 
*          1    00000d02    00000000     UNINITIALIZED

DmaRegsFile 
*          1    00001000    000000e0     UNINITIALIZED
                  00001000    000000e0     F2837xS_GlobalVariableDefs.obj (DmaRegsFile)

Cla1RegsFile 
*          1    00001400    0000003e     UNINITIALIZED
                  00001400    0000003e     F2837xS_GlobalVariableDefs.obj (Cla1RegsFile)

EPwm1RegsFile 
*          1    00004000    00000100     UNINITIALIZED
                  00004000    00000100     F2837xS_GlobalVariableDefs.obj (EPwm1RegsFile)

EPwm2RegsFile 
*          1    00004100    00000100     UNINITIALIZED
                  00004100    00000100     F2837xS_GlobalVariableDefs.obj (EPwm2RegsFile)

EPwm3RegsFile 
*          1    00004200    00000100     UNINITIALIZED
                  00004200    00000100     F2837xS_GlobalVariableDefs.obj (EPwm3RegsFile)

EPwm4RegsFile 
*          1    00004300    00000100     UNINITIALIZED
                  00004300    00000100     F2837xS_GlobalVariableDefs.obj (EPwm4RegsFile)

EPwm5RegsFile 
*          1    00004400    00000100     UNINITIALIZED
                  00004400    00000100     F2837xS_GlobalVariableDefs.obj (EPwm5RegsFile)

EPwm6RegsFile 
*          1    00004500    00000100     UNINITIALIZED
                  00004500    00000100     F2837xS_GlobalVariableDefs.obj (EPwm6RegsFile)

EPwm7RegsFile 
*          1    00004600    00000100     UNINITIALIZED
                  00004600    00000100     F2837xS_GlobalVariableDefs.obj (EPwm7RegsFile)

EPwm8RegsFile 
*          1    00004700    00000100     UNINITIALIZED
                  00004700    00000100     F2837xS_GlobalVariableDefs.obj (EPwm8RegsFile)

EPwm9RegsFile 
*          1    00004800    00000100     UNINITIALIZED
                  00004800    00000100     F2837xS_GlobalVariableDefs.obj (EPwm9RegsFile)

EPwm10RegsFile 
*          1    00004900    00000100     UNINITIALIZED
                  00004900    00000100     F2837xS_GlobalVariableDefs.obj (EPwm10RegsFile)

EPwm11RegsFile 
*          1    00004a00    00000100     UNINITIALIZED
                  00004a00    00000100     F2837xS_GlobalVariableDefs.obj (EPwm11RegsFile)

EPwm12RegsFile 
*          1    00004b00    00000100     UNINITIALIZED
                  00004b00    00000100     F2837xS_GlobalVariableDefs.obj (EPwm12RegsFile)

ECap1RegsFile 
*          1    00005000    00000020     UNINITIALIZED
                  00005000    00000020     F2837xS_GlobalVariableDefs.obj (ECap1RegsFile)

ECap2RegsFile 
*          1    00005020    00000020     UNINITIALIZED
                  00005020    00000020     F2837xS_GlobalVariableDefs.obj (ECap2RegsFile)

ECap3RegsFile 
*          1    00005040    00000020     UNINITIALIZED
                  00005040    00000020     F2837xS_GlobalVariableDefs.obj (ECap3RegsFile)

ECap4RegsFile 
*          1    00005060    00000020     UNINITIALIZED
                  00005060    00000020     F2837xS_GlobalVariableDefs.obj (ECap4RegsFile)

ECap5RegsFile 
*          1    00005080    00000020     UNINITIALIZED
                  00005080    00000020     F2837xS_GlobalVariableDefs.obj (ECap5RegsFile)

ECap6RegsFile 
*          1    000050a0    00000020     UNINITIALIZED
                  000050a0    00000020     F2837xS_GlobalVariableDefs.obj (ECap6RegsFile)

EQep1RegsFile 
*          1    00005100    00000022     UNINITIALIZED
                  00005100    00000022     F2837xS_GlobalVariableDefs.obj (EQep1RegsFile)

EQep2RegsFile 
*          1    00005140    00000022     UNINITIALIZED
                  00005140    00000022     F2837xS_GlobalVariableDefs.obj (EQep2RegsFile)

EQep3RegsFile 
*          1    00005180    00000022     UNINITIALIZED
                  00005180    00000022     F2837xS_GlobalVariableDefs.obj (EQep3RegsFile)

DacaRegsFile 
*          1    00005c00    00000008     UNINITIALIZED
                  00005c00    00000008     F2837xS_GlobalVariableDefs.obj (DacaRegsFile)

DacbRegsFile 
*          1    00005c10    00000008     UNINITIALIZED
                  00005c10    00000008     F2837xS_GlobalVariableDefs.obj (DacbRegsFile)

DaccRegsFile 
*          1    00005c20    00000008     UNINITIALIZED
                  00005c20    00000008     F2837xS_GlobalVariableDefs.obj (DaccRegsFile)

Cmpss1RegsFile 
*          1    00005c80    00000020     UNINITIALIZED
                  00005c80    00000020     F2837xS_GlobalVariableDefs.obj (Cmpss1RegsFile)

Cmpss2RegsFile 
*          1    00005ca0    00000020     UNINITIALIZED
                  00005ca0    00000020     F2837xS_GlobalVariableDefs.obj (Cmpss2RegsFile)

Cmpss3RegsFile 
*          1    00005cc0    00000020     UNINITIALIZED
                  00005cc0    00000020     F2837xS_GlobalVariableDefs.obj (Cmpss3RegsFile)

Cmpss4RegsFile 
*          1    00005ce0    00000020     UNINITIALIZED
                  00005ce0    00000020     F2837xS_GlobalVariableDefs.obj (Cmpss4RegsFile)

Cmpss5RegsFile 
*          1    00005d00    00000020     UNINITIALIZED
                  00005d00    00000020     F2837xS_GlobalVariableDefs.obj (Cmpss5RegsFile)

Cmpss6RegsFile 
*          1    00005d20    00000020     UNINITIALIZED
                  00005d20    00000020     F2837xS_GlobalVariableDefs.obj (Cmpss6RegsFile)

Cmpss7RegsFile 
*          1    00005d40    00000020     UNINITIALIZED
                  00005d40    00000020     F2837xS_GlobalVariableDefs.obj (Cmpss7RegsFile)

Cmpss8RegsFile 
*          1    00005d60    00000020     UNINITIALIZED
                  00005d60    00000020     F2837xS_GlobalVariableDefs.obj (Cmpss8RegsFile)

Sdfm1RegsFile 
*          1    00005e00    00000080     UNINITIALIZED
                  00005e00    00000080     F2837xS_GlobalVariableDefs.obj (Sdfm1RegsFile)

Sdfm2RegsFile 
*          1    00005e80    00000080     UNINITIALIZED
                  00005e80    00000080     F2837xS_GlobalVariableDefs.obj (Sdfm2RegsFile)

McbspaRegsFile 
*          1    00006000    00000024     UNINITIALIZED
                  00006000    00000024     F2837xS_GlobalVariableDefs.obj (McbspaRegsFile)

McbspbRegsFile 
*          1    00006040    00000024     UNINITIALIZED
                  00006040    00000024     F2837xS_GlobalVariableDefs.obj (McbspbRegsFile)

SpiaRegsFile 
*          1    00006100    00000010     UNINITIALIZED
                  00006100    00000010     F2837xS_GlobalVariableDefs.obj (SpiaRegsFile)

SpibRegsFile 
*          1    00006110    00000010     UNINITIALIZED
                  00006110    00000010     F2837xS_GlobalVariableDefs.obj (SpibRegsFile)

SpicRegsFile 
*          1    00006120    00000010     UNINITIALIZED
                  00006120    00000010     F2837xS_GlobalVariableDefs.obj (SpicRegsFile)

UppRegsFile 
*          1    00006200    00000048     UNINITIALIZED
                  00006200    00000048     F2837xS_GlobalVariableDefs.obj (UppRegsFile)

WdRegsFile 
*          1    00007000    0000002b     UNINITIALIZED
                  00007000    0000002b     F2837xS_GlobalVariableDefs.obj (WdRegsFile)

NmiIntruptRegsFile 
*          1    00007060    00000007     UNINITIALIZED
                  00007060    00000007     F2837xS_GlobalVariableDefs.obj (NmiIntruptRegsFile)

XintRegsFile 
*          1    00007070    0000000b     UNINITIALIZED
                  00007070    0000000b     F2837xS_GlobalVariableDefs.obj (XintRegsFile)

SciaRegsFile 
*          1    00007200    00000010     UNINITIALIZED
                  00007200    00000010     F2837xS_GlobalVariableDefs.obj (SciaRegsFile)

ScibRegsFile 
*          1    00007210    00000010     UNINITIALIZED
                  00007210    00000010     F2837xS_GlobalVariableDefs.obj (ScibRegsFile)

ScicRegsFile 
*          1    00007220    00000010     UNINITIALIZED
                  00007220    00000010     F2837xS_GlobalVariableDefs.obj (ScicRegsFile)

ScidRegsFile 
*          1    00007230    00000010     UNINITIALIZED
                  00007230    00000010     F2837xS_GlobalVariableDefs.obj (ScidRegsFile)

I2caRegsFile 
*          1    00007300    00000022     UNINITIALIZED
                  00007300    00000022     F2837xS_GlobalVariableDefs.obj (I2caRegsFile)

I2cbRegsFile 
*          1    00007340    00000022     UNINITIALIZED
                  00007340    00000022     F2837xS_GlobalVariableDefs.obj (I2cbRegsFile)

AdcaRegsFile 
*          1    00007400    00000080     UNINITIALIZED
                  00007400    00000080     F2837xS_GlobalVariableDefs.obj (AdcaRegsFile)

AdcbRegsFile 
*          1    00007480    00000080     UNINITIALIZED
                  00007480    00000080     F2837xS_GlobalVariableDefs.obj (AdcbRegsFile)

AdccRegsFile 
*          1    00007500    00000080     UNINITIALIZED
                  00007500    00000080     F2837xS_GlobalVariableDefs.obj (AdccRegsFile)

AdcdRegsFile 
*          1    00007580    00000080     UNINITIALIZED
                  00007580    00000080     F2837xS_GlobalVariableDefs.obj (AdcdRegsFile)

InputXbarRegsFile 
*          1    00007900    00000020     UNINITIALIZED
                  00007900    00000020     F2837xS_GlobalVariableDefs.obj (InputXbarRegsFile)

XbarRegsFile 
*          1    00007920    00000020     UNINITIALIZED
                  00007920    00000020     F2837xS_GlobalVariableDefs.obj (XbarRegsFile)

TrigRegsFile 
*          1    00007940    00000006     UNINITIALIZED
                  00007940    00000006     F2837xS_GlobalVariableDefs.obj (TrigRegsFile)

DmaClaSrcSelRegsFile 
*          1    00007980    0000001a     UNINITIALIZED
                  00007980    0000001a     F2837xS_GlobalVariableDefs.obj (DmaClaSrcSelRegsFile)

EPwmXbarRegsFile 
*          1    00007a00    00000040     UNINITIALIZED
                  00007a00    00000040     F2837xS_GlobalVariableDefs.obj (EPwmXbarRegsFile)

OutputXbarRegsFile 
*          1    00007a80    00000040     UNINITIALIZED
                  00007a80    00000040     F2837xS_GlobalVariableDefs.obj (OutputXbarRegsFile)

GpioCtrlRegsFile 
*          1    00007c00    00000180     UNINITIALIZED
                  00007c00    00000180     F2837xS_GlobalVariableDefs.obj (GpioCtrlRegsFile)

GpioDataRegsFile 
*          1    00007f00    00000030     UNINITIALIZED
                  00007f00    00000030     F2837xS_GlobalVariableDefs.obj (GpioDataRegsFile)

.ebss      1    0000a800    0000034d     UNINITIALIZED
                  0000a800    00000240     F2837xS_variable.obj (.ebss)
                  0000aa40    0000005a     F2837xS_struct.obj (.ebss)
                  0000aa9a    00000018     F2837xS_CpuTimers.obj (.ebss)
                  0000aab2    0000000e     F2837xS_offset.obj (.ebss)
                  0000aac0    00000035     RingBuff.obj (.ebss)
                  0000aaf5    00000009     F2837xS_fault.obj (.ebss)
                  0000aafe    00000002     rts2800_fpu32.lib : _lock.obj (.ebss:__lock)
                  0000ab00    00000028     cc.obj (.ebss)
                  0000ab28    00000018     easy2837xS_sci_v8.4.obj (.ebss)
                  0000ab40    00000006     rts2800_fpu32.lib : exit.obj (.ebss)
                  0000ab46    00000004     main.obj (.ebss)
                  0000ab4a    00000002     rts2800_fpu32.lib : _lock.obj (.ebss:__unlock)
                  0000ab4c    00000001                       : errno.obj (.ebss)

Emif1RegsFile 
*          1    00047000    00000070     UNINITIALIZED
                  00047000    00000070     F2837xS_GlobalVariableDefs.obj (Emif1RegsFile)

Emif2RegsFile 
*          1    00047800    00000070     UNINITIALIZED
                  00047800    00000070     F2837xS_GlobalVariableDefs.obj (Emif2RegsFile)

DevCfgRegsFile 
*          1    0005d000    0000012e     UNINITIALIZED
                  0005d000    0000012e     F2837xS_GlobalVariableDefs.obj (DevCfgRegsFile)

AnalogSubsysRegsFile 
*          1    0005d180    00000048     UNINITIALIZED
                  0005d180    00000048     F2837xS_GlobalVariableDefs.obj (AnalogSubsysRegsFile)

Cla1SoftIntRegsFile 
*          1    00000ce0    00000004     DSECT
                  00000ce0    00000004     F2837xS_GlobalVariableDefs.obj (Cla1SoftIntRegsFile)

ClkCfgRegsFile 
*          1    0005d200    00000032     UNINITIALIZED
                  0005d200    00000032     F2837xS_GlobalVariableDefs.obj (ClkCfgRegsFile)

CpuSysRegsFile 
*          1    0005d300    00000082     UNINITIALIZED
                  0005d300    00000082     F2837xS_GlobalVariableDefs.obj (CpuSysRegsFile)

RomPrefetchRegsFile 
*          1    0005e608    00000002     UNINITIALIZED
                  0005e608    00000002     F2837xS_GlobalVariableDefs.obj (RomPrefetchRegsFile)

DcsmZ1RegsFile 
*          1    0005f000    00000024     UNINITIALIZED
                  0005f000    00000024     F2837xS_GlobalVariableDefs.obj (DcsmZ1RegsFile)

DcsmZ2RegsFile 
*          1    0005f040    00000024     UNINITIALIZED
                  0005f040    00000024     F2837xS_GlobalVariableDefs.obj (DcsmZ2RegsFile)

DcsmCommonRegsFile 
*          1    0005f070    00000008     UNINITIALIZED
                  0005f070    00000008     F2837xS_GlobalVariableDefs.obj (DcsmCommonRegsFile)

MemCfgRegsFile 
*          1    0005f400    00000080     UNINITIALIZED
                  0005f400    00000080     F2837xS_GlobalVariableDefs.obj (MemCfgRegsFile)

Emif1ConfigRegsFile 
*          1    0005f480    00000020     UNINITIALIZED
                  0005f480    00000020     F2837xS_GlobalVariableDefs.obj (Emif1ConfigRegsFile)

Emif2ConfigRegsFile 
*          1    0005f4a0    00000020     UNINITIALIZED
                  0005f4a0    00000020     F2837xS_GlobalVariableDefs.obj (Emif2ConfigRegsFile)

AccessProtectionRegsFile 
*          1    0005f4c0    00000040     UNINITIALIZED
                  0005f4c0    00000040     F2837xS_GlobalVariableDefs.obj (AccessProtectionRegsFile)

MemoryErrorRegsFile 
*          1    0005f500    00000040     UNINITIALIZED
                  0005f500    00000040     F2837xS_GlobalVariableDefs.obj (MemoryErrorRegsFile)

RomWaitStateRegsFile 
*          1    0005f540    00000002     UNINITIALIZED
                  0005f540    00000002     F2837xS_GlobalVariableDefs.obj (RomWaitStateRegsFile)

Flash0CtrlRegsFile 
*          1    0005f800    00000182     UNINITIALIZED
                  0005f800    00000182     F2837xS_GlobalVariableDefs.obj (Flash0CtrlRegsFile)

Flash0EccRegsFile 
*          1    0005fb00    00000028     UNINITIALIZED
                  0005fb00    00000028     F2837xS_GlobalVariableDefs.obj (Flash0EccRegsFile)

Flash1CtrlRegsFile 
*          1    0005fc00    00000182     UNINITIALIZED
                  0005fc00    00000182     F2837xS_GlobalVariableDefs.obj (Flash1CtrlRegsFile)

Flash1EccRegsFile 
*          1    0005ff00    00000028     UNINITIALIZED
                  0005ff00    00000028     F2837xS_GlobalVariableDefs.obj (Flash1EccRegsFile)

DcsmZ1OtpFile 
*          1    00078000    00000020     NOLOAD SECTION
                  00078000    00000020     F2837xS_GlobalVariableDefs.obj (DcsmZ1OtpFile)

DcsmZ2OtpFile 
*          1    00078200    00000020     NOLOAD SECTION
                  00078200    00000020     F2837xS_GlobalVariableDefs.obj (DcsmZ2OtpFile)

MODULE SUMMARY

       Module                           code   ro data   rw data
       ------                           ----   -------   -------
    .\source\
       F2837xS_GlobalVariableDefs.obj   0      0         8435   
       cc.obj                           2019   0         132    
       F2837xS_DefaultISR.obj           1413   0         0      
       F2837xS_variable.obj             244    0         918    
       easy2837xS_sci_v8.4.obj          1026   0         102    
       F2837xS_SysCtrl.obj              732    0         0      
       F2837xS_Gpio.obj                 723    0         0      
       F2837xS_Adc.obj                  494    0         0      
       F2837xS_PieVect.obj              38     0         448    
       F2837xS_EPwm.obj                 452    0         0      
       F2837xS_fault.obj                254    0         25     
       F2837xS_offset.obj               173    0         42     
       RingBuff.obj                     133    0         65     
       F2837xS_struct.obj               0      0         188    
       main.obj                         167    0         13     
       F2837xS_CpuTimers.obj            123    0         24     
       F2837xS_Spi.obj                  55     0         0      
       F2837xS_PieCtrl.obj              40     0         0      
       F2837xS_Xbar.obj                 17     0         0      
       F2837xS_CodeStartBranch.obj      10     0         0      
       F2837xS_usDelay.obj              8      0         0      
    +--+--------------------------------+------+---------+---------+
       Total:                           8121   0         10392  
                                                                
    C:/ti/ccsv7/tools/compiler/ti-cgt-c2000_15.12.6.LTS/lib/rts2800_fpu32.lib
       e_powf.obj                       895    0         62     
       fs_div.obj                       136    0         0      
       s_scalbnf.obj                    103    0         6      
       boot.obj                         86     0         0      
       cpy_tbl.obj                      70     0         0      
       exit.obj                         41     0         20     
       e_sqrtf.obj                      37     0         0      
       ll_cmp.obj                       30     0         0      
       cpy_utils.obj                    26     0         0      
       args_main.obj                    25     0         0      
       ll_aox.obj                       24     0         0      
       _lock.obj                        9      0         14     
       s_copysignf.obj                  17     0         0      
       errno.obj                        0      0         5      
       pre_init.obj                     2      0         0      
       startup.obj                      1      0         0      
    +--+--------------------------------+------+---------+---------+
       Total:                           1502   0         107    
                                                                
       Stack:                           0      0         768    
    +--+--------------------------------+------+---------+---------+
       Grand Total:                     9623   0         11267  


GLOBAL DATA SYMBOLS: SORTED BY DATA PAGE

address     data page           name
--------    ----------------    ----
00000400      10 (00000400)     __stack

00000b00      2c (00000b00)     _AdcaResultRegs
00000b20      2c (00000b00)     _AdcbResultRegs

00000b40      2d (00000b40)     _AdccResultRegs
00000b60      2d (00000b40)     _AdcdResultRegs

00000c00      30 (00000c00)     _CpuTimer0Regs
00000c08      30 (00000c00)     _CpuTimer1Regs
00000c10      30 (00000c00)     _CpuTimer2Regs

00000ce0      33 (00000cc0)     _Cla1SoftIntRegs
00000ce0      33 (00000cc0)     _PieCtrlRegs

00000d00      34 (00000d00)     _EmuKey
00000d00      34 (00000d00)     _PieVectTable
00000d01      34 (00000d00)     _EmuBMode

00001000      40 (00001000)     _DmaRegs

00001400      50 (00001400)     _Cla1Regs

00004000     100 (00004000)     _EPwm1Regs

00004100     104 (00004100)     _EPwm2Regs

00004200     108 (00004200)     _EPwm3Regs

00004300     10c (00004300)     _EPwm4Regs

00004400     110 (00004400)     _EPwm5Regs

00004500     114 (00004500)     _EPwm6Regs

00004600     118 (00004600)     _EPwm7Regs

00004700     11c (00004700)     _EPwm8Regs

00004800     120 (00004800)     _EPwm9Regs

00004900     124 (00004900)     _EPwm10Regs

00004a00     128 (00004a00)     _EPwm11Regs

00004b00     12c (00004b00)     _EPwm12Regs

00005000     140 (00005000)     _ECap1Regs
00005020     140 (00005000)     _ECap2Regs

00005040     141 (00005040)     _ECap3Regs
00005060     141 (00005040)     _ECap4Regs

00005080     142 (00005080)     _ECap5Regs
000050a0     142 (00005080)     _ECap6Regs

00005100     144 (00005100)     _EQep1Regs

00005140     145 (00005140)     _EQep2Regs

00005180     146 (00005180)     _EQep3Regs

00005c00     170 (00005c00)     _DacaRegs
00005c10     170 (00005c00)     _DacbRegs
00005c20     170 (00005c00)     _DaccRegs

00005c80     172 (00005c80)     _Cmpss1Regs
00005ca0     172 (00005c80)     _Cmpss2Regs

00005cc0     173 (00005cc0)     _Cmpss3Regs
00005ce0     173 (00005cc0)     _Cmpss4Regs

00005d00     174 (00005d00)     _Cmpss5Regs
00005d20     174 (00005d00)     _Cmpss6Regs

00005d40     175 (00005d40)     _Cmpss7Regs
00005d60     175 (00005d40)     _Cmpss8Regs

00005e00     178 (00005e00)     _Sdfm1Regs

00005e80     17a (00005e80)     _Sdfm2Regs

00006000     180 (00006000)     _McbspaRegs

00006040     181 (00006040)     _McbspbRegs

00006100     184 (00006100)     _SpiaRegs
00006110     184 (00006100)     _SpibRegs
00006120     184 (00006100)     _SpicRegs

00006200     188 (00006200)     _UppRegs

00007000     1c0 (00007000)     _WdRegs

00007060     1c1 (00007040)     _NmiIntruptRegs
00007070     1c1 (00007040)     _XintRegs

00007200     1c8 (00007200)     _SciaRegs
00007210     1c8 (00007200)     _ScibRegs
00007220     1c8 (00007200)     _ScicRegs
00007230     1c8 (00007200)     _ScidRegs

00007300     1cc (00007300)     _I2caRegs

00007340     1cd (00007340)     _I2cbRegs

00007400     1d0 (00007400)     _AdcaRegs

00007480     1d2 (00007480)     _AdcbRegs

00007500     1d4 (00007500)     _AdccRegs

00007580     1d6 (00007580)     _AdcdRegs

00007900     1e4 (00007900)     _InputXbarRegs
00007920     1e4 (00007900)     _XbarRegs

00007940     1e5 (00007940)     _TrigRegs

00007980     1e6 (00007980)     _DmaClaSrcSelRegs

00007a00     1e8 (00007a00)     _EPwmXbarRegs

00007a80     1ea (00007a80)     _OutputXbarRegs

00007c00     1f0 (00007c00)     _GpioCtrlRegs

00007f00     1fc (00007f00)     _GpioDataRegs

0000a800     2a0 (0000a800)     _temp_sum_h
0000a801     2a0 (0000a800)     _temp_sum_l
0000a802     2a0 (0000a800)     _disconnect_cnt
0000a803     2a0 (0000a800)     _SPI_test1
0000a804     2a0 (0000a800)     _SPI_test
0000a805     2a0 (0000a800)     _maxCount_ePWM_safe
0000a806     2a0 (0000a800)     _minCount_ePWM_safe
0000a807     2a0 (0000a800)     _maxCount_ePWM
0000a808     2a0 (0000a800)     _cnt_delay
0000a809     2a0 (0000a800)     _PWM_style
0000a80a     2a0 (0000a800)     _test_spi_d
0000a80b     2a0 (0000a800)     _test_spi_c
0000a80c     2a0 (0000a800)     _DacOffset
0000a80d     2a0 (0000a800)     _input_relay_on
0000a80e     2a0 (0000a800)     _SPI_test2
0000a80f     2a0 (0000a800)     _SPI_DAT_FILL
0000a810     2a0 (0000a800)     _test_spi_b
0000a811     2a0 (0000a800)     _test_spi_a
0000a812     2a0 (0000a800)     _fault_cnt
0000a814     2a0 (0000a800)     _test_fault_a
0000a816     2a0 (0000a800)     _INV_Vdc
0000a818     2a0 (0000a800)     _test_f
0000a81a     2a0 (0000a800)     _half_Vdc
0000a81c     2a0 (0000a800)     _temp_sum
0000a81e     2a0 (0000a800)     _test_fault_c
0000a820     2a0 (0000a800)     _test_theta
0000a822     2a0 (0000a800)     _iden_duty
0000a824     2a0 (0000a800)     _Ih_ref_w
0000a826     2a0 (0000a800)     _Ih_ref_offset
0000a828     2a0 (0000a800)     _Ih_ref
0000a82a     2a0 (0000a800)     _Ih_ref_theta
0000a82c     2a0 (0000a800)     _Ih_ref_CC
0000a82e     2a0 (0000a800)     _Fsw
0000a830     2a0 (0000a800)     _Ih_ref_amp
0000a832     2a0 (0000a800)     _d_ext
0000a834     2a0 (0000a800)     _Ih_ref_old
0000a836     2a0 (0000a800)     _present_current_ratio
0000a838     2a0 (0000a800)     _Ic_present
0000a83a     2a0 (0000a800)     _Fsamp
0000a83c     2a0 (0000a800)     _INV_Tsamp
0000a83e     2a0 (0000a800)     _Tsamp

0000a840     2a1 (0000a840)     _Ia_present
0000a842     2a1 (0000a840)     _V_ff
0000a844     2a1 (0000a840)     _Ib_present
0000a846     2a1 (0000a840)     _test_fault_b
0000a848     2a1 (0000a840)     _da_data
0000a84c     2a1 (0000a840)     _da_type
0000a850     2a1 (0000a840)     _ScaleAin_adc_A
0000a856     2a1 (0000a840)     _OffsetAin_adc_A
0000a85c     2a1 (0000a840)     _da_mid
0000a864     2a1 (0000a840)     _da_temp
0000a86c     2a1 (0000a840)     _da
0000a874     2a1 (0000a840)     _da_scale

0000a880     2a2 (0000a880)     _Flag
0000a88a     2a2 (0000a880)     _OffsetAin_adc_B
0000a894     2a2 (0000a880)     _ScaleAin_adc_B
0000a89e     2a2 (0000a880)     _SPI_data_TX
0000a8ae     2a2 (0000a880)     _SPI_data_RX

0000a8c0     2a3 (0000a8c0)     _SpdObs

0000a900     2a4 (0000a900)     _INV

0000aa40     2a9 (0000aa40)     _MCBSP
0000aa44     2a9 (0000aa40)     _I2C
0000aa48     2a9 (0000aa40)     _SCI
0000aa4c     2a9 (0000aa40)     _SDFM
0000aa52     2a9 (0000aa40)     _EQEP
0000aa5a     2a9 (0000aa40)     _SPI
0000aa62     2a9 (0000aa40)     _ECAP

0000aa80     2aa (0000aa80)     _EPWM
0000aa9a     2aa (0000aa80)     _CpuTimer1
0000aaa2     2aa (0000aa80)     _CpuTimer2
0000aaaa     2aa (0000aa80)     _CpuTimer0
0000aab2     2aa (0000aa80)     _offset_cnt
0000aab4     2aa (0000aa80)     _offsetMaxCnt
0000aab6     2aa (0000aa80)     _offsetLoopCnt
0000aab8     2aa (0000aa80)     _Offset_ADC_b
0000aaba     2aa (0000aa80)     _Offset_ADC_a

0000aac0     2ab (0000aac0)     _ezDSP_nEndPos
0000aac1     2ab (0000aac0)     _ezDSP_nMaxBuffSize
0000aac2     2ab (0000aac0)     _ezDSP_nStartPos
0000aac3     2ab (0000aac0)     _ezDSP_ringBuffer
0000aaf5     2ab (0000aac0)     _Fault_ADC_B_SOC_H
0000aaf6     2ab (0000aac0)     _Fault
0000aaf8     2ab (0000aac0)     _Fault_ADC_A_SOC_L
0000aafb     2ab (0000aac0)     _Fault_ADC_A_SOC_H
0000aafe     2ab (0000aac0)     __lock

0000ab00     2ac (0000ab00)     _test_cnt
0000ab01     2ac (0000ab00)     _spi_cnt
0000ab02     2ac (0000ab00)     _sync_cnt
0000ab03     2ac (0000ab00)     _cc_cnt
0000ab04     2ac (0000ab00)     _test_val2
0000ab05     2ac (0000ab00)     _isSwitchOn
0000ab06     2ac (0000ab00)     _test_val1
0000ab07     2ac (0000ab00)     _gptest
0000ab08     2ac (0000ab00)     _test_cnt2
0000ab09     2ac (0000ab00)     _DIST_status
0000ab0a     2ac (0000ab00)     _DIST_mode
0000ab0b     2ac (0000ab00)     _check_sum_sucess
0000ab0c     2ac (0000ab00)     _pin_pin
0000ab0e     2ac (0000ab00)     _temp_float
0000ab10     2ac (0000ab00)     _tempRX
0000ab12     2ac (0000ab00)     _spiTime
0000ab14     2ac (0000ab00)     _Idse_ref_CC
0000ab16     2ac (0000ab00)     _Iqse_ref_CC
0000ab18     2ac (0000ab00)     _test_d
0000ab1a     2ac (0000ab00)     _sync_count3
0000ab1c     2ac (0000ab00)     _ccTimer0start
0000ab1e     2ac (0000ab00)     _sync_count
0000ab20     2ac (0000ab00)     _ccTime
0000ab22     2ac (0000ab00)     _tempTX
0000ab24     2ac (0000ab00)     _sync_count2
0000ab26     2ac (0000ab00)     _spiTimer0start
0000ab28     2ac (0000ab00)     _ezDSP_uWrongISRCount
0000ab29     2ac (0000ab00)     _ezDSP_ucRx
0000ab2a     2ac (0000ab00)     _ezDSP_uPECount
0000ab2b     2ac (0000ab00)     _ezDSP_uBRKDTCount
0000ab2c     2ac (0000ab00)     _ezDSP_uOECount
0000ab2d     2ac (0000ab00)     _ezDSP_uAddrRdCnt
0000ab2e     2ac (0000ab00)     _ezDSP_uDataRdCnt
0000ab2f     2ac (0000ab00)     _ezDSP_uChksum
0000ab30     2ac (0000ab00)     _ezDSP_uState
0000ab31     2ac (0000ab00)     _ezDSP_uData
0000ab32     2ac (0000ab00)     _ezDSP_uFECount
0000ab33     2ac (0000ab00)     _ezDSP_Version_SCI
0000ab34     2ac (0000ab00)     _ezDSP_uRead8BPossible
0000ab35     2ac (0000ab00)     _ezDSP_uRead16BPossible
0000ab36     2ac (0000ab00)     _ezDSP_ulData
0000ab38     2ac (0000ab00)     _ezDSP_ulAddr
0000ab3a     2ac (0000ab00)     _ezDSP_fFloat
0000ab3c     2ac (0000ab00)     _ezDSP_ullData

0000ab40     2ad (0000ab40)     ___TI_enable_exit_profile_output
0000ab42     2ad (0000ab40)     ___TI_cleanup_ptr
0000ab44     2ad (0000ab40)     ___TI_dtors_ptr
0000ab46     2ad (0000ab40)     _ePWMinit
0000ab48     2ad (0000ab40)     _loopCnt
0000ab4a     2ad (0000ab40)     __unlock
0000ab4c     2ad (0000ab40)     _errno

00047000    11c0 (00047000)     _Emif1Regs

00047800    11e0 (00047800)     _Emif2Regs

0005d000    1740 (0005d000)     _DevCfgRegs

0005d180    1746 (0005d180)     _AnalogSubsysRegs

0005d200    1748 (0005d200)     _ClkCfgRegs

0005d300    174c (0005d300)     _CpuSysRegs

0005e608    1798 (0005e600)     _RomPrefetchRegs

0005f000    17c0 (0005f000)     _DcsmZ1Regs

0005f040    17c1 (0005f040)     _DcsmZ2Regs
0005f070    17c1 (0005f040)     _DcsmCommonRegs

0005f400    17d0 (0005f400)     _MemCfgRegs

0005f480    17d2 (0005f480)     _Emif1ConfigRegs
0005f4a0    17d2 (0005f480)     _Emif2ConfigRegs

0005f4c0    17d3 (0005f4c0)     _AccessProtectionRegs

0005f500    17d4 (0005f500)     _MemoryErrorRegs

0005f540    17d5 (0005f540)     _RomWaitStateRegs

0005f800    17e0 (0005f800)     _Flash0CtrlRegs

0005fb00    17ec (0005fb00)     _Flash0EccRegs

0005fc00    17f0 (0005fc00)     _Flash1CtrlRegs

0005ff00    17fc (0005ff00)     _Flash1EccRegs

00078000    1e00 (00078000)     _DcsmZ1Otp

00078200    1e08 (00078200)     _DcsmZ2Otp

00090000    2400 (00090000)     _PieVectTableInit


GLOBAL SYMBOLS: SORTED ALPHABETICALLY BY Name 

page  address   name                                  
----  -------   ----                                  
abs   ffffffff  .text                                 
0     00084728  C$$EXIT                               
0     000843c8  FS$$DIV                               
0     00084816  LL$$AND                               
0     000847c5  LL$$CMP                               
0     0008481e  LL$$OR                                
0     00084826  LL$$XOR                               
0     000847d7  ULL$$CMP                              
0     00082382  _ADCA1_ISR                            
0     00082602  _ADCA2_ISR                            
0     0008260c  _ADCA3_ISR                            
0     00082616  _ADCA4_ISR                            
0     000825f8  _ADCA_EVT_ISR                         
0     0008238c  _ADCB1_ISR                            
0     0008262a  _ADCB2_ISR                            
0     00082634  _ADCB3_ISR                            
0     0008263e  _ADCB4_ISR                            
0     00082620  _ADCB_EVT_ISR                         
0     00082396  _ADCC1_ISR                            
0     00082792  _ADCC2_ISR                            
0     0008279c  _ADCC3_ISR                            
0     000827a6  _ADCC4_ISR                            
0     00082788  _ADCC_EVT_ISR                         
0     000823b4  _ADCD1_ISR                            
0     000827ba  _ADCD2_ISR                            
0     000827c4  _ADCD3_ISR                            
0     000827ce  _ADCD4_ISR                            
0     000827b0  _ADCD_EVT_ISR                         
0     0008426b  _ADCEVT_PPB_CLEAR                     
0     00082c3e  _AD_Process                           
0     0008280a  _AUX_PLL_SLIP_ISR                     
1     0005f4c0  _AccessProtectionRegs                 
0     00083e1d  _AdcSetMode                           
1     00007400  _AdcaRegs                             
1     00000b00  _AdcaResultRegs                       
1     00007480  _AdcbRegs                             
1     00000b20  _AdcbResultRegs                       
1     00007500  _AdccRegs                             
1     00000b40  _AdccResultRegs                       
1     00007580  _AdcdRegs                             
1     00000b60  _AdcdResultRegs                       
0     00084467  _AddRing                              
1     0005d180  _AnalogSubsysRegs                     
0     000839f6  _AuxAuxClkSel                         
0     000839e0  _AuxIntOsc2Sel                        
0     000839ea  _AuxXtalOscSel                        
0     000825d0  _CANA_1_ISR                           
0     000825da  _CANA_2_ISR                           
0     000825e4  _CANB_1_ISR                           
0     000825ee  _CANB_2_ISR                           
0     00082648  _CLA1_1_ISR                           
0     00082652  _CLA1_2_ISR                           
0     0008265c  _CLA1_3_ISR                           
0     00082666  _CLA1_4_ISR                           
0     00082670  _CLA1_5_ISR                           
0     0008267a  _CLA1_6_ISR                           
0     00082684  _CLA1_7_ISR                           
0     0008268e  _CLA1_8_ISR                           
0     00082814  _CLA_OVERFLOW_ISR                     
0     0008281e  _CLA_UNDERFLOW_ISR                    
0     00083ec0  _CalAdcINL                            
0     0008301c  _CalcChecksum                         
1     00001400  _Cla1Regs                             
0     00000ce0  _Cla1SoftIntRegs                      
1     0005d200  _ClkCfgRegs                           
1     00005c80  _Cmpss1Regs                           
1     00005ca0  _Cmpss2Regs                           
1     00005cc0  _Cmpss3Regs                           
1     00005ce0  _Cmpss4Regs                           
1     00005d00  _Cmpss5Regs                           
1     00005d20  _Cmpss6Regs                           
1     00005d40  _Cmpss7Regs                           
1     00005d60  _Cmpss8Regs                           
0     00084516  _ConfigCpuTimer                       
0     00083d89  _Config_12bit_AdcB                    
0     00083d1a  _Config_16bit_AdcA                    
0     00084100  _ConfigureEPWM                        
1     0005d300  _CpuSysRegs                           
1     0000aaaa  _CpuTimer0                            
1     00000c00  _CpuTimer0Regs                        
1     0000aa9a  _CpuTimer1                            
1     00000c08  _CpuTimer1Regs                        
1     0000aaa2  _CpuTimer2                            
1     00000c10  _CpuTimer2Regs                        
0     0008399f  _CsmUnlock                            
0     00082e80  _Current_Transform                    
0     000822d8  _DATALOG_ISR                          
1     0000ab0a  _DIST_mode                            
1     0000ab09  _DIST_status                          
0     0008251c  _DMA_CH1_ISR                          
0     00082526  _DMA_CH2_ISR                          
0     00082530  _DMA_CH3_ISR                          
0     0008253a  _DMA_CH4_ISR                          
0     00082544  _DMA_CH5_ISR                          
0     0008254e  _DMA_CH6_ISR                          
0     00083efa  _DUTY_OFF                             
1     0000a80c  _DacOffset                            
1     00005c00  _DacaRegs                             
1     00005c10  _DacbRegs                             
1     00005c20  _DaccRegs                             
1     0005f070  _DcsmCommonRegs                       
1     00078000  _DcsmZ1Otp                            
1     0005f000  _DcsmZ1Regs                           
1     00078200  _DcsmZ2Otp                            
1     0005f040  _DcsmZ2Regs                           
1     0005d000  _DevCfgRegs                           
0     00083886  _DisableDog                           
0     00083816  _DisablePeripheralClocks              
1     00007980  _DmaClaSrcSelRegs                     
1     00001000  _DmaRegs                              
1     0000aa62  _ECAP                                 
0     00082472  _ECAP1_ISR                            
0     0008247c  _ECAP2_ISR                            
0     00082486  _ECAP3_ISR                            
0     00082490  _ECAP4_ISR                            
0     0008249a  _ECAP5_ISR                            
0     000824a4  _ECAP6_ISR                            
1     00005000  _ECap1Regs                            
1     00005020  _ECap2Regs                            
1     00005040  _ECap3Regs                            
1     00005060  _ECap4Regs                            
1     00005080  _ECap5Regs                            
1     000050a0  _ECap6Regs                            
0     000827d8  _EMIF_ERROR_ISR                       
0     00082832  _EMPTY_ISR                            
0     000822ec  _EMU_ISR                              
1     0000aa80  _EPWM                                 
0     0008272e  _EPWM10_ISR                           
0     00082706  _EPWM10_TZ_ISR                        
0     00082738  _EPWM11_ISR                           
0     00082710  _EPWM11_TZ_ISR                        
0     00082742  _EPWM12_ISR                           
0     0008271a  _EPWM12_TZ_ISR                        
0     00082422  _EPWM1_ISR                            
0     000823d2  _EPWM1_TZ_ISR                         
0     0008242c  _EPWM2_ISR                            
0     000823dc  _EPWM2_TZ_ISR                         
0     00082436  _EPWM3_ISR                            
0     000823e6  _EPWM3_TZ_ISR                         
0     00082440  _EPWM4_ISR                            
0     000823f0  _EPWM4_TZ_ISR                         
0     0008244a  _EPWM5_ISR                            
0     000823fa  _EPWM5_TZ_ISR                         
0     00082454  _EPWM6_ISR                            
0     00082404  _EPWM6_TZ_ISR                         
0     0008245e  _EPWM7_ISR                            
0     0008240e  _EPWM7_TZ_ISR                         
0     00082468  _EPWM8_ISR                            
0     00082418  _EPWM8_TZ_ISR                         
0     00082724  _EPWM9_ISR                            
0     000826fc  _EPWM9_TZ_ISR                         
1     00004900  _EPwm10Regs                           
1     00004a00  _EPwm11Regs                           
1     00004b00  _EPwm12Regs                           
1     00004000  _EPwm1Regs                            
0     000840da  _EPwm1_MasterSetup                    
1     00004100  _EPwm2Regs                            
1     00004200  _EPwm3Regs                            
1     00004300  _EPwm4Regs                            
1     00004400  _EPwm5Regs                            
1     00004500  _EPwm6Regs                            
1     00004600  _EPwm7Regs                            
1     00004700  _EPwm8Regs                            
1     00004800  _EPwm9Regs                            
1     00007a00  _EPwmXbarRegs                         
1     0000aa52  _EQEP                                 
0     000824ae  _EQEP1_ISR                            
0     000824b8  _EQEP2_ISR                            
0     000824c2  _EQEP3_ISR                            
1     00005100  _EQep1Regs                            
1     00005140  _EQep2Regs                            
1     00005180  _EQep3Regs                            
1     0005f480  _Emif1ConfigRegs                      
1     00047000  _Emif1Regs                            
1     0005f4a0  _Emif2ConfigRegs                      
1     00047800  _Emif2Regs                            
1     00000d01  _EmuBMode                             
1     00000d00  _EmuKey                               
0     00084770  _EnableInterrupts                     
0     00084493  _ExtractRing                          
0     00008000  _F28x_usDelay                         
0     000827ec  _FLASH_CORRECTABLE_ERROR_ISR          
0     000826c0  _FPU_OVERFLOW_ISR                     
0     000826ca  _FPU_UNDERFLOW_ISR                    
1     0000aaf6  _Fault                                
0     0008465d  _FaultISR                             
1     0000aafb  _Fault_ADC_A_SOC_H                    
1     0000aaf8  _Fault_ADC_A_SOC_L                    
1     0000aaf5  _Fault_ADC_B_SOC_H                    
1     0000a880  _Flag                                 
1     0005f800  _Flash0CtrlRegs                       
1     0005fb00  _Flash0EccRegs                        
1     0005fc00  _Flash1CtrlRegs                       
1     0005ff00  _Flash1EccRegs                        
1     0000a83a  _Fsamp                                
1     0000a82e  _Fsw                                  
0     00083cc1  _GPIO_EnableUnbondedIOPullups         
0     00083c9c  _GPIO_EnableUnbondedIOPullupsFor100Pin
0     00083c83  _GPIO_EnableUnbondedIOPullupsFor176Pin
0     00083cd7  _GPIO_ReadPin                         
0     00083c28  _GPIO_SetupLock                       
0     00083b08  _GPIO_SetupPinMux                     
0     00083b94  _GPIO_SetupPinOptions                 
0     00083c51  _GPIO_SetupXINT1Gpio                  
0     00083c5b  _GPIO_SetupXINT2Gpio                  
0     00083c65  _GPIO_SetupXINT3Gpio                  
0     00083c6f  _GPIO_SetupXINT4Gpio                  
0     00083c79  _GPIO_SetupXINT5Gpio                  
0     00083cee  _GPIO_WritePin                        
0     000844c1  _GetSizeRing                          
1     00007c00  _GpioCtrlRegs                         
1     00007f00  _GpioDataRegs                         
0     00083a79  _Gpio_setup                           
0     00083a14  _HALT                                 
0     00083a25  _HIB                                  
0     00082cb0  _HINV_Process                         
0     00082da6  _HPwmUpdate                           
1     0000aa44  _I2C                                  
0     00082562  _I2CA_FIFO_ISR                        
0     00082558  _I2CA_ISR                             
0     00082576  _I2CB_FIFO_ISR                        
0     0008256c  _I2CB_ISR                             
1     00007300  _I2caRegs                             
1     00007340  _I2cbRegs                             
0     00083a00  _IDLE                                 
0     00082300  _ILLEGAL_ISR                          
1     0000a900  _INV                                  
0     00082f09  _INV_Process                          
1     0000a83c  _INV_Tsamp                            
1     0000a816  _INV_Vdc                              
0     000826d4  _IPC0_ISR                             
0     000826de  _IPC1_ISR                             
0     000826e8  _IPC2_ISR                             
0     000826f2  _IPC3_ISR                             
1     0000a840  _Ia_present                           
1     0000a844  _Ib_present                           
1     0000a838  _Ic_present                           
1     0000ab14  _Idse_ref_CC                          
1     0000a828  _Ih_ref                               
1     0000a82c  _Ih_ref_CC                            
1     0000a830  _Ih_ref_amp                           
1     0000a826  _Ih_ref_offset                        
1     0000a834  _Ih_ref_old                           
1     0000a82a  _Ih_ref_theta                         
1     0000a824  _Ih_ref_w                             
0     00083d0c  _InitAdc                              
0     00083918  _InitAuxPll                           
0     000844d5  _InitCpuTimers                        
0     00084000  _InitEPwm                             
0     000840c9  _InitEPwm10Gpio                       
0     00084096  _InitEPwm2Gpio                        
0     000840a7  _InitEPwm6Gpio                        
0     000840b8  _InitEPwm7Gpio                        
0     000841c4  _InitFault                            
0     00083f1e  _InitFlags                            
0     0008382e  _InitFlash_Bank0                      
0     00083853  _InitFlash_Bank1                      
0     00083a39  _InitGpio                             
0     00083f2d  _InitParameters                       
0     00083792  _InitPeripheralClocks                 
0     00084751  _InitPieCtrl                          
0     00084779  _InitPieVectTable                     
0     000846f1  _InitSpiGpio                          
0     00084712  _InitSpiaGpio                         
0     0008375d  _InitSysCtrl                          
0     00083894  _InitSysPll                           
0     00083fee  _InitXbar                             
1     00007900  _InputXbarRegs                        
1     0000ab16  _Iqse_ref_CC                          
0     000844cd  _IsRingEmpty                          
1     0000aa40  _MCBSP                                
0     000824f4  _MCBSPA_RX_ISR                        
0     000824fe  _MCBSPA_TX_ISR                        
0     00082508  _MCBSPB_RX_ISR                        
0     00082512  _MCBSPB_TX_ISR                        
1     00006000  _McbspaRegs                           
1     00006040  _McbspbRegs                           
1     0005f400  _MemCfgRegs                           
1     0005f500  _MemoryErrorRegs                      
0     000822f6  _NMI_ISR                              
0     0008283f  _NOTUSED_ISR                          
1     00007060  _NmiIntruptRegs                       
1     0000a856  _OffsetAin_adc_A                      
1     0000a88a  _OffsetAin_adc_B                      
1     0000aaba  _Offset_ADC_a                         
1     0000aab8  _Offset_ADC_b                         
1     00007a80  _OutputXbarRegs                       
0     00082828  _PIE_RESERVED_ISR                     
1     0000a809  _PWM_style                            
1     00000ce0  _PieCtrlRegs                          
1     00000d00  _PieVectTable                         
0     00090000  _PieVectTableInit                     
0     00082f93  _PwmUpdate                            
0     000827f6  _RAM_ACCESS_VIOLATION_ISR             
0     000827e2  _RAM_CORRECTABLE_ERROR_ISR            
0     000822e2  _RTOS_ISR                             
0     00086004  _RamfuncsLoadEnd                      
abs   00000004  _RamfuncsLoadSize                     
0     00086000  _RamfuncsLoadStart                    
0     00008004  _RamfuncsRunEnd                       
abs   00000004  _RamfuncsRunSize                      
0     00008000  _RamfuncsRunStart                     
0     000844a7  _ReadRing                             
0     00082fa6  _ResetHINV                            
0     00084450  _ResetRing                            
1     0005e608  _RomPrefetchRegs                      
1     0005f540  _RomWaitStateRegs                     
1     0000aa48  _SCI                                  
0     000825a8  _SCIA_RX_ISR                          
0     000825b2  _SCIA_TX_ISR                          
0     000825bc  _SCIB_RX_ISR                          
0     000825c6  _SCIB_TX_ISR                          
0     00082580  _SCIC_RX_ISR                          
0     0008258a  _SCIC_TX_ISR                          
0     00082594  _SCID_RX_ISR                          
0     0008259e  _SCID_TX_ISR                          
0     0008274c  _SD1_ISR                              
0     00082756  _SD2_ISR                              
1     0000aa4c  _SDFM                                 
1     0000aa5a  _SPI                                  
0     000824cc  _SPIA_RX_ISR                          
0     000824d6  _SPIA_TX_ISR                          
0     000824e0  _SPIB_RX_ISR                          
0     000824ea  _SPIB_TX_ISR                          
0     00082760  _SPIC_RX_ISR                          
0     0008276a  _SPIC_TX_ISR                          
1     0000a80f  _SPI_DAT_FILL                         
0     00082849  _SPI_RXINT                            
1     0000a8ae  _SPI_data_RX                          
1     0000a89e  _SPI_data_TX                          
1     0000a804  _SPI_test                             
1     0000a803  _SPI_test1                            
1     0000a80e  _SPI_test2                            
0     00083a09  _STANDBY                              
0     00082800  _SYS_PLL_SLIP_ISR                     
1     0000a850  _ScaleAin_adc_A                       
1     0000a894  _ScaleAin_adc_B                       
1     00007200  _SciaRegs                             
1     00007210  _ScibRegs                             
1     00007220  _ScicRegs                             
1     00007230  _ScidRegs                             
1     00005e00  _Sdfm1Regs                            
1     00005e80  _Sdfm2Regs                            
0     00083878  _ServiceDog                           
1     0000a8c0  _SpdObs                               
1     00006100  _SpiaRegs                             
1     00006110  _SpibRegs                             
1     00006120  _SpicRegs                             
0     00082fcb  _SwitchOff                            
0     00082fef  _SwitchOn                             
0     000839c0  _SysIntOsc1Sel                        
0     000839ca  _SysIntOsc2Sel                        
0     000839d4  _SysXtalOscSel                        
0     000823be  _TIMER0_ISR                           
0     000822c4  _TIMER1_ISR                           
0     000822ce  _TIMER2_ISR                           
1     00007940  _TrigRegs                             
1     0000a83e  _Tsamp                                
0     00082774  _UPPA_ISR                             
0     0008277e  _USBA_ISR                             
0     00082364  _USER10_ISR                           
0     0008236e  _USER11_ISR                           
0     00082378  _USER12_ISR                           
0     0008230a  _USER1_ISR                            
0     00082314  _USER2_ISR                            
0     0008231e  _USER3_ISR                            
0     00082328  _USER4_ISR                            
0     00082332  _USER5_ISR                            
0     0008233c  _USER6_ISR                            
0     00082346  _USER7_ISR                            
0     00082350  _USER8_ISR                            
0     0008235a  _USER9_ISR                            
1     00006200  _UppRegs                              
0     000826b6  _VCU_ISR                              
1     0000a842  _V_ff                                 
0     000823c8  _WAKE_ISR                             
1     00007000  _WdRegs                               
0     000823a0  _XINT1_ISR                            
0     000823aa  _XINT2_ISR                            
0     00082698  _XINT3_ISR                            
0     000826a2  _XINT4_ISR                            
0     000826ac  _XINT5_ISR                            
1     00007920  _XbarRegs                             
1     00007070  _XintRegs                             
1     00000700  __STACK_END                           
abs   00000300  __STACK_SIZE                          
1     0000ab42  ___TI_cleanup_ptr                     
1     0000ab44  ___TI_dtors_ptr                       
1     0000ab40  ___TI_enable_exit_profile_output      
abs   ffffffff  ___TI_pprof_out_hndl                  
abs   ffffffff  ___TI_prof_data_size                  
abs   ffffffff  ___TI_prof_data_start                 
abs   ffffffff  ___binit__                            
abs   ffffffff  ___c_args__                           
0     00082000  ___cinit__                            
abs   ffffffff  ___etext__                            
abs   ffffffff  ___pinit__                            
abs   ffffffff  ___text__                             
0     000847fd  __args_main                           
1     0000aafe  __lock                                
0     00084847  __nop                                 
0     00084843  __register_lock                       
0     0008483f  __register_unlock                     
1     00000400  __stack                               
0     00083fff  __system_post_cinit                   
0     00084850  __system_pre_init                     
1     0000ab4a  __unlock                              
0     00084728  _abort                                
0     000845b7  _c_int00                              
0     00082a33  _cc                                   
1     0000ab20  _ccTime                               
1     0000ab1c  _ccTimer0start                        
1     0000ab03  _cc_cnt                               
1     0000ab0b  _check_sum_sucess                     
1     0000a808  _cnt_delay                            
0     00082ca0  _convert_binary_to_float              
0     00082c92  _convert_float_to_binary              
0     000846ab  _copy_in                              
0     0008482e  _copysign                             
0     0008482e  _copysignf                            
1     0000a832  _d_ext                                
1     0000a86c  _da                                   
1     0000a848  _da_data                              
1     0000a85c  _da_mid                               
1     0000a874  _da_scale                             
1     0000a864  _da_temp                              
1     0000a84c  _da_type                              
0     000847e3  _ddcopy                               
0     00083f04  _delaycc                              
1     0000a802  _disconnect_cnt                       
0     000847e3  _dpcopy                               
1     0000ab46  _ePWMinit                             
0     0008460d  _easyDSP_SCI_Init                     
0     0008302c  _easy_RXINT_ISR                       
0     00083399  _easy_TXINT_ISR                       
1     0000ab4c  _errno                                
0     0008472a  _exit                                 
1     0000ab33  _ezDSP_Version_SCI                    
1     0000ab3a  _ezDSP_fFloat                         
1     0000aac0  _ezDSP_nEndPos                        
1     0000aac1  _ezDSP_nMaxBuffSize                   
1     0000aac2  _ezDSP_nStartPos                      
1     0000aac3  _ezDSP_ringBuffer                     
1     0000ab2d  _ezDSP_uAddrRdCnt                     
1     0000ab2b  _ezDSP_uBRKDTCount                    
1     0000ab2f  _ezDSP_uChksum                        
1     0000ab31  _ezDSP_uData                          
1     0000ab2e  _ezDSP_uDataRdCnt                     
1     0000ab32  _ezDSP_uFECount                       
1     0000ab2c  _ezDSP_uOECount                       
1     0000ab2a  _ezDSP_uPECount                       
1     0000ab35  _ezDSP_uRead16BPossible               
1     0000ab34  _ezDSP_uRead8BPossible                
1     0000ab30  _ezDSP_uState                         
1     0000ab28  _ezDSP_uWrongISRCount                 
1     0000ab29  _ezDSP_ucRx                           
1     0000ab38  _ezDSP_ulAddr                         
1     0000ab36  _ezDSP_ulData                         
1     0000ab3c  _ezDSP_ullData                        
1     0000a812  _fault_cnt                            
1     0000ab07  _gptest                               
1     0000a81a  _half_Vdc                             
1     0000a822  _iden_duty                            
1     0000a80d  _input_relay_on                       
1     0000ab05  _isSwitchOn                           
0     00084550  _ldexp                                
0     00084550  _ldexpf                               
1     0000ab48  _loopCnt                              
0     00084321  _main                                 
1     0000a807  _maxCount_ePWM                        
1     0000a805  _maxCount_ePWM_safe                   
1     0000a806  _minCount_ePWM_safe                   
0     00084274  _offset                               
1     0000aab6  _offsetLoopCnt                        
1     0000aab4  _offsetMaxCnt                         
1     0000aab2  _offset_cnt                           
0     000847e3  _pdcopy                               
1     0000ab0c  _pin_pin                              
0     000833de  _pow                                  
0     000833de  _powf                                 
0     000847e3  _ppcopy                               
1     0000a836  _present_current_ratio                
0     00082c5d  _ready_SPI                            
0     00084550  _scalbn                               
0     00084550  _scalbnf                              
1     0000ab12  _spiTime                              
1     0000ab26  _spiTimer0start                       
1     0000ab01  _spi_cnt                              
0     000847a0  _sqrt                                 
0     000847a0  _sqrtf                                
1     0000ab02  _sync_cnt                             
1     0000ab1e  _sync_count                           
1     0000ab24  _sync_count2                          
1     0000ab1a  _sync_count3                          
1     0000ab10  _tempRX                               
1     0000ab22  _tempTX                               
1     0000ab0e  _temp_float                           
1     0000a81c  _temp_sum                             
1     0000a800  _temp_sum_h                           
1     0000a801  _temp_sum_l                           
1     0000ab00  _test_cnt                             
1     0000ab08  _test_cnt2                            
1     0000ab18  _test_d                               
1     0000a818  _test_f                               
1     0000a814  _test_fault_a                         
1     0000a846  _test_fault_b                         
1     0000a81e  _test_fault_c                         
1     0000a811  _test_spi_a                           
1     0000a810  _test_spi_b                           
1     0000a80b  _test_spi_c                           
1     0000a80a  _test_spi_d                           
1     0000a820  _test_theta                           
1     0000ab06  _test_val1                            
1     0000ab04  _test_val2                            
abs   ffffffff  binit                                 
0     00082000  cinit                                 
0     00080000  code_start                            
abs   ffffffff  etext                                 
abs   ffffffff  pinit                                 


GLOBAL SYMBOLS: SORTED BY Symbol Address 

page  address   name                                  
----  -------   ----                                  
0     00000ce0  _Cla1SoftIntRegs                      
0     00008000  _F28x_usDelay                         
0     00008000  _RamfuncsRunStart                     
0     00008004  _RamfuncsRunEnd                       
0     00080000  code_start                            
0     00082000  ___cinit__                            
0     00082000  cinit                                 
0     000822c4  _TIMER1_ISR                           
0     000822ce  _TIMER2_ISR                           
0     000822d8  _DATALOG_ISR                          
0     000822e2  _RTOS_ISR                             
0     000822ec  _EMU_ISR                              
0     000822f6  _NMI_ISR                              
0     00082300  _ILLEGAL_ISR                          
0     0008230a  _USER1_ISR                            
0     00082314  _USER2_ISR                            
0     0008231e  _USER3_ISR                            
0     00082328  _USER4_ISR                            
0     00082332  _USER5_ISR                            
0     0008233c  _USER6_ISR                            
0     00082346  _USER7_ISR                            
0     00082350  _USER8_ISR                            
0     0008235a  _USER9_ISR                            
0     00082364  _USER10_ISR                           
0     0008236e  _USER11_ISR                           
0     00082378  _USER12_ISR                           
0     00082382  _ADCA1_ISR                            
0     0008238c  _ADCB1_ISR                            
0     00082396  _ADCC1_ISR                            
0     000823a0  _XINT1_ISR                            
0     000823aa  _XINT2_ISR                            
0     000823b4  _ADCD1_ISR                            
0     000823be  _TIMER0_ISR                           
0     000823c8  _WAKE_ISR                             
0     000823d2  _EPWM1_TZ_ISR                         
0     000823dc  _EPWM2_TZ_ISR                         
0     000823e6  _EPWM3_TZ_ISR                         
0     000823f0  _EPWM4_TZ_ISR                         
0     000823fa  _EPWM5_TZ_ISR                         
0     00082404  _EPWM6_TZ_ISR                         
[...]
0     0008302c  _easy_RXINT_ISR                       
0     00083399  _easy_TXINT_ISR                       
0     000833de  _pow                                  
0     000833de  _powf                                 
0     0008375d  _InitSysCtrl                          
0     00083792  _InitPeripheralClocks                 
0     00083816  _DisablePeripheralClocks              
0     0008382e  _InitFlash_Bank0                      
0     00083853  _InitFlash_Bank1                      
0     00083878  _ServiceDog                           
0     00083886  _DisableDog                           
0     00083894  _InitSysPll                           
0     00083918  _InitAuxPll                           
0     0008399f  _CsmUnlock                            
0     000839c0  _SysIntOsc1Sel                        
0     000839ca  _SysIntOsc2Sel                        
0     000839d4  _SysXtalOscSel                        
0     000839e0  _AuxIntOsc2Sel                        
0     000839ea  _AuxXtalOscSel                        
0     000839f6  _AuxAuxClkSel                         
0     00083a00  _IDLE                                 
0     00083a09  _STANDBY                              
0     00083a14  _HALT                                 
0     00083a25  _HIB                                  
0     00083a39  _InitGpio                             
0     00083a79  _Gpio_setup                           
0     00083b08  _GPIO_SetupPinMux                     
0     00083b94  _GPIO_SetupPinOptions                 
0     00083c28  _GPIO_SetupLock                       
0     00083c51  _GPIO_SetupXINT1Gpio                  
0     00083c5b  _GPIO_SetupXINT2Gpio                  
0     00083c65  _GPIO_SetupXINT3Gpio                  
0     00083c6f  _GPIO_SetupXINT4Gpio                  
0     00083c79  _GPIO_SetupXINT5Gpio                  
0     00083c83  _GPIO_EnableUnbondedIOPullupsFor176Pin
0     00083c9c  _GPIO_EnableUnbondedIOPullupsFor100Pin
0     00083cc1  _GPIO_EnableUnbondedIOPullups         
0     00083cd7  _GPIO_ReadPin                         
0     00083cee  _GPIO_WritePin                        
0     00083d0c  _InitAdc                              
0     00083d1a  _Config_16bit_AdcA                    
0     00083d89  _Config_12bit_AdcB                    
0     00083e1d  _AdcSetMode                           
0     00083ec0  _CalAdcINL                            
0     00083efa  _DUTY_OFF                             
0     00083f04  _delaycc                              
0     00083f1e  _InitFlags                            
0     00083f2d  _InitParameters                       
0     00083fee  _InitXbar                             
0     00083fff  __system_post_cinit                   
0     00084000  _InitEPwm                             
0     00084096  _InitEPwm2Gpio                        
0     000840a7  _InitEPwm6Gpio                        
0     000840b8  _InitEPwm7Gpio                        
0     000840c9  _InitEPwm10Gpio                       
0     000840da  _EPwm1_MasterSetup                    
0     00084100  _ConfigureEPWM                        
0     000841c4  _InitFault                            
0     0008426b  _ADCEVT_PPB_CLEAR                     
0     00084274  _offset                               
0     00084321  _main                                 
0     000843c8  FS$$DIV                               
0     00084450  _ResetRing                            
0     00084467  _AddRing                              
0     00084493  _ExtractRing                          
0     000844a7  _ReadRing                             
0     000844c1  _GetSizeRing                          
0     000844cd  _IsRingEmpty                          
0     000844d5  _InitCpuTimers                        
0     00084516  _ConfigCpuTimer                       
0     00084550  _ldexp                                
0     00084550  _ldexpf                               
0     00084550  _scalbn                               
0     00084550  _scalbnf                              
0     000845b7  _c_int00                              
0     0008460d  _easyDSP_SCI_Init                     
0     0008465d  _FaultISR                             
0     000846ab  _copy_in                              
0     000846f1  _InitSpiGpio                          
0     00084712  _InitSpiaGpio                         
0     00084728  C$$EXIT                               
0     00084728  _abort                                
0     0008472a  _exit                                 
0     00084751  _InitPieCtrl                          
0     00084770  _EnableInterrupts                     
0     00084779  _InitPieVectTable                     
0     000847a0  _sqrt                                 
0     000847a0  _sqrtf                                
0     000847c5  LL$$CMP                               
0     000847d7  ULL$$CMP                              
0     000847e3  _ddcopy                               
0     000847e3  _dpcopy                               
0     000847e3  _pdcopy                               
0     000847e3  _ppcopy                               
0     000847fd  __args_main                           
0     00084816  LL$$AND                               
0     0008481e  LL$$OR                                
0     00084826  LL$$XOR                               
0     0008482e  _copysign                             
0     0008482e  _copysignf                            
0     0008483f  __register_unlock                     
0     00084843  __register_lock                       
0     00084847  __nop                                 
0     00084850  __system_pre_init                     
0     00086000  _RamfuncsLoadStart                    
0     00086004  _RamfuncsLoadEnd                      
0     00090000  _PieVectTableInit                     
1     00000400  __stack                               
1     00000700  __STACK_END                           
1     00000b00  _AdcaResultRegs                       
1     00000b20  _AdcbResultRegs                       
1     00000b40  _AdccResultRegs                       
1     00000b60  _AdcdResultRegs                       
1     00000c00  _CpuTimer0Regs                        
1     00000c08  _CpuTimer1Regs                        
1     00000c10  _CpuTimer2Regs                        
1     00000ce0  _PieCtrlRegs                          
1     00000d00  _EmuKey                               
1     00000d00  _PieVectTable                         
1     00000d01  _EmuBMode                             
1     00001000  _DmaRegs                              
1     00001400  _Cla1Regs                             
1     00004000  _EPwm1Regs                            
1     00004100  _EPwm2Regs                            
1     00004200  _EPwm3Regs                            
1     00004300  _EPwm4Regs                            
1     00004400  _EPwm5Regs                            
1     00004500  _EPwm6Regs                            
1     00004600  _EPwm7Regs                            
1     00004700  _EPwm8Regs                            
1     00004800  _EPwm9Regs                            
1     00004900  _EPwm10Regs                           
1     00004a00  _EPwm11Regs                           
1     00004b00  _EPwm12Regs                           
1     00005000  _ECap1Regs                            
1     00005020  _ECap2Regs                            
1     00005040  _ECap3Regs                            
1     00005060  _ECap4Regs                            
1     00005080  _ECap5Regs                            
1     000050a0  _ECap6Regs                            
1     00005100  _EQep1Regs                            
1     00005140  _EQep2Regs                            
1     00005180  _EQep3Regs                            
1     00005c00  _DacaRegs                             
1     00005c10  _DacbRegs                             
1     00005c20  _DaccRegs                             
1     00005c80  _Cmpss1Regs                           
1     00005ca0  _Cmpss2Regs                           
1     00005cc0  _Cmpss3Regs                           
1     00005ce0  _Cmpss4Regs                           
1     00005d00  _Cmpss5Regs                           
1     00005d20  _Cmpss6Regs                           
1     00005d40  _Cmpss7Regs                           
1     00005d60  _Cmpss8Regs                           
1     00005e00  _Sdfm1Regs                            
1     00005e80  _Sdfm2Regs                            
1     00006000  _McbspaRegs                           
1     00006040  _McbspbRegs                           
1     00006100  _SpiaRegs                             
1     00006110  _SpibRegs                             
1     00006120  _SpicRegs                             
1     00006200  _UppRegs                              
1     00007000  _WdRegs                               
1     00007060  _NmiIntruptRegs                       
1     00007070  _XintRegs                             
1     00007200  _SciaRegs                             
1     00007210  _ScibRegs                             
1     00007220  _ScicRegs                             
1     00007230  _ScidRegs                             
1     00007300  _I2caRegs                             
1     00007340  _I2cbRegs                             
1     00007400  _AdcaRegs                             
1     00007480  _AdcbRegs                             
1     00007500  _AdccRegs                             
1     00007580  _AdcdRegs                             
1     00007900  _InputXbarRegs                        
1     00007920  _XbarRegs                             
1     00007940  _TrigRegs                             
1     00007980  _DmaClaSrcSelRegs                     
1     00007a00  _EPwmXbarRegs                         
1     00007a80  _OutputXbarRegs                       
1     00007c00  _GpioCtrlRegs                         
1     00007f00  _GpioDataRegs                         
1     0000a800  _temp_sum_h                           
1     0000a801  _temp_sum_l                           
1     0000a802  _disconnect_cnt                       
1     0000a803  _SPI_test1                            
1     0000a804  _SPI_test                             
1     0000a805  _maxCount_ePWM_safe                   
1     0000a806  _minCount_ePWM_safe                   
1     0000a807  _maxCount_ePWM                        
1     0000a808  _cnt_delay                            
1     0000a809  _PWM_style                            
1     0000a80a  _test_spi_d                           
1     0000a80b  _test_spi_c                           
1     0000a80c  _DacOffset                            
1     0000a80d  _input_relay_on                       
1     0000a80e  _SPI_test2                            
1     0000a80f  _SPI_DAT_FILL                         
1     0000a810  _test_spi_b                           
1     0000a811  _test_spi_a                           
1     0000a812  _fault_cnt                            
1     0000a814  _test_fault_a                         
1     0000a816  _INV_Vdc                              
1     0000a818  _test_f                               
1     0000a81a  _half_Vdc                             
1     0000a81c  _temp_sum                             
1     0000a81e  _test_fault_c                         
1     0000a820  _test_theta                           
1     0000a822  _iden_duty                            
1     0000a824  _Ih_ref_w                             
1     0000a826  _Ih_ref_offset                        
1     0000a828  _Ih_ref                               
1     0000a82a  _Ih_ref_theta                         
1     0000a82c  _Ih_ref_CC                            
1     0000a82e  _Fsw                                  
1     0000a830  _Ih_ref_amp                           
1     0000a832  _d_ext                                
1     0000a834  _Ih_ref_old                           
1     0000a836  _present_current_ratio                
1     0000a838  _Ic_present                           
1     0000a83a  _Fsamp                                
1     0000a83c  _INV_Tsamp                            
1     0000a83e  _Tsamp                                
1     0000a840  _Ia_present                           
1     0000a842  _V_ff                                 
1     0000a844  _Ib_present                           
1     0000a846  _test_fault_b                         
1     0000a848  _da_data                              
1     0000a84c  _da_type                              
1     0000a850  _ScaleAin_adc_A                       
1     0000a856  _OffsetAin_adc_A                      
1     0000a85c  _da_mid                               
1     0000a864  _da_temp                              
1     0000a86c  _da                                   
1     0000a874  _da_scale                             
1     0000a880  _Flag                                 
1     0000a88a  _OffsetAin_adc_B                      
1     0000a894  _ScaleAin_adc_B                       
1     0000a89e  _SPI_data_TX                          
1     0000a8ae  _SPI_data_RX                          
1     0000a8c0  _SpdObs                               
1     0000a900  _INV                                  
1     0000aa40  _MCBSP                                
1     0000aa44  _I2C                                  
1     0000aa48  _SCI                                  
1     0000aa4c  _SDFM                                 
1     0000aa52  _EQEP                                 
1     0000aa5a  _SPI                                  
1     0000aa62  _ECAP                                 
1     0000aa80  _EPWM                                 
1     0000aa9a  _CpuTimer1                            
1     0000aaa2  _CpuTimer2                            
1     0000aaaa  _CpuTimer0                            
1     0000aab2  _offset_cnt                           
1     0000aab4  _offsetMaxCnt                         
1     0000aab6  _offsetLoopCnt                        
1     0000aab8  _Offset_ADC_b                         
1     0000aaba  _Offset_ADC_a                         
1     0000aac0  _ezDSP_nEndPos                        
1     0000aac1  _ezDSP_nMaxBuffSize                   
1     0000aac2  _ezDSP_nStartPos                      
1     0000aac3  _ezDSP_ringBuffer                     
1     0000aaf5  _Fault_ADC_B_SOC_H                    
1     0000aaf6  _Fault                                
1     0000aaf8  _Fault_ADC_A_SOC_L                    
1     0000aafb  _Fault_ADC_A_SOC_H                    
1     0000aafe  __lock                                
1     0000ab00  _test_cnt                             
1     0000ab01  _spi_cnt                              
1     0000ab02  _sync_cnt                             
1     0000ab03  _cc_cnt                               
1     0000ab04  _test_val2                            
1     0000ab05  _isSwitchOn                           
1     0000ab06  _test_val1                            
1     0000ab07  _gptest                               
1     0000ab08  _test_cnt2                            
1     0000ab09  _DIST_status                          
1     0000ab0a  _DIST_mode                            
1     0000ab0b  _check_sum_sucess                     
1     0000ab0c  _pin_pin                              
1     0000ab0e  _temp_float                           
1     0000ab10  _tempRX                               
1     0000ab12  _spiTime                              
1     0000ab14  _Idse_ref_CC                          
1     0000ab16  _Iqse_ref_CC                          
1     0000ab18  _test_d                               
1     0000ab1a  _sync_count3                          
1     0000ab1c  _ccTimer0start                        
1     0000ab1e  _sync_count                           
1     0000ab20  _ccTime                               
1     0000ab22  _tempTX                               
1     0000ab24  _sync_count2                          
1     0000ab26  _spiTimer0start                       
1     0000ab28  _ezDSP_uWrongISRCount                 
1     0000ab29  _ezDSP_ucRx                           
1     0000ab2a  _ezDSP_uPECount                       
1     0000ab2b  _ezDSP_uBRKDTCount                    
1     0000ab2c  _ezDSP_uOECount                       
1     0000ab2d  _ezDSP_uAddrRdCnt                     
1     0000ab2e  _ezDSP_uDataRdCnt                     
1     0000ab2f  _ezDSP_uChksum                        
1     0000ab30  _ezDSP_uState                         
1     0000ab31  _ezDSP_uData                          
1     0000ab32  _ezDSP_uFECount                       
1     0000ab33  _ezDSP_Version_SCI                    
1     0000ab34  _ezDSP_uRead8BPossible                
1     0000ab35  _ezDSP_uRead16BPossible               
1     0000ab36  _ezDSP_ulData                         
1     0000ab38  _ezDSP_ulAddr                         
1     0000ab3a  _ezDSP_fFloat                         
1     0000ab3c  _ezDSP_ullData                        
1     0000ab40  ___TI_enable_exit_profile_output      
1     0000ab42  ___TI_cleanup_ptr                     
1     0000ab44  ___TI_dtors_ptr                       
1     0000ab46  _ePWMinit                             
1     0000ab48  _loopCnt                              
1     0000ab4a  __unlock                              
1     0000ab4c  _errno                                
1     00047000  _Emif1Regs                            
1     00047800  _Emif2Regs                            
1     0005d000  _DevCfgRegs                           
1     0005d180  _AnalogSubsysRegs                     
1     0005d200  _ClkCfgRegs                           
1     0005d300  _CpuSysRegs                           
1     0005e608  _RomPrefetchRegs                      
1     0005f000  _DcsmZ1Regs                           
1     0005f040  _DcsmZ2Regs                           
1     0005f070  _DcsmCommonRegs                       
1     0005f400  _MemCfgRegs                           
1     0005f480  _Emif1ConfigRegs                      
1     0005f4a0  _Emif2ConfigRegs                      
1     0005f4c0  _AccessProtectionRegs                 
1     0005f500  _MemoryErrorRegs                      
1     0005f540  _RomWaitStateRegs                     
1     0005f800  _Flash0CtrlRegs                       
1     0005fb00  _Flash0EccRegs                        
1     0005fc00  _Flash1CtrlRegs                       
1     0005ff00  _Flash1EccRegs                        
1     00078000  _DcsmZ1Otp                            
1     00078200  _DcsmZ2Otp                            
abs   00000004  _RamfuncsLoadSize                     
abs   00000004  _RamfuncsRunSize                      
abs   00000300  __STACK_SIZE                          
abs   ffffffff  .text                                 
abs   ffffffff  ___TI_pprof_out_hndl                  
abs   ffffffff  ___TI_prof_data_size                  
abs   ffffffff  ___TI_prof_data_start                 
abs   ffffffff  ___binit__                            
abs   ffffffff  ___c_args__                           
abs   ffffffff  ___etext__                            
abs   ffffffff  ___pinit__                            
abs   ffffffff  ___text__                             
abs   ffffffff  binit                                 
abs   ffffffff  etext                                 
abs   ffffffff  pinit                                 

[519 symbols]
