******************************************************************************
             TMS320C2000 Linker PC v15.12.6                    
******************************************************************************
>> Linked Sat Apr 04 04:29:41 2020

OUTPUT FILE NAME:   <Micro_DIST.out>
ENTRY POINT SYMBOL: "code_start"  address: 00080000


MEMORY CONFIGURATION

         name            origin    length      used     unused   attr    fill
----------------------  --------  ---------  --------  --------  ----  --------
PAGE 0:
  RAMM0                 00000122   000002de  00000000  000002de  RWIX
  RAMLS0                00008000   00000800  00000004  000007fc  RWIX
  RAMLS1                00008800   00000800  00000000  00000800  RWIX
  RAMLS2                00009000   00000800  00000000  00000800  RWIX
  RAMLS3                00009800   00000800  00000000  00000800  RWIX
  RAMLS4                0000a000   00000800  00000000  00000800  RWIX
  RAMD0                 0000b000   00000800  00000000  00000800  RWIX
  RAMGS14               0001a000   00001000  00000000  00001000  RWIX
  RAMGS15               0001b000   00001000  00000000  00001000  RWIX
  BEGIN                 00080000   00000002  00000002  00000000  RWIX
  FLASHA                00080002   00001ffe  00000000  00001ffe  RWIX
  FLASHB                00082000   00002000  00001ffc  00000004  RWIX
  FLASHC                00084000   00002000  00001ff9  00000007  RWIX
  FLASHD                00086000   00002000  00000977  00001689  RWIX
  FLASHE                00088000   00008000  00000000  00008000  RWIX
  FLASHF                00090000   00008000  000001c2  00007e3e  RWIX
  FLASHG                00098000   00008000  00000000  00008000  RWIX
  FLASHH                000a0000   00008000  00000000  00008000  RWIX
  FLASHI                000a8000   00008000  00000000  00008000  RWIX
  FLASHJ                000b0000   00008000  00000000  00008000  RWIX
  FLASHK                000b8000   00002000  00000000  00002000  RWIX
  FLASHL                000ba000   00002000  00000000  00002000  RWIX
  FLASHM                000bc000   00002000  00000000  00002000  RWIX
  FLASHN                000be000   00002000  00000000  00002000  RWIX
  FLASHO                000c0000   00002000  00000000  00002000  RWIX
  FLASHP                000c2000   00002000  00000000  00002000  RWIX
  FLASHQ                000c4000   00002000  00000000  00002000  RWIX
  FLASHR                000c6000   00002000  00000000  00002000  RWIX
  FLASHS                000c8000   00008000  00000000  00008000  RWIX
  FLASHT                000d0000   00008000  00000000  00008000  RWIX
  FLASHU                000d8000   00008000  00000000  00008000  RWIX
  FLASHV                000e0000   00008000  00000000  00008000  RWIX
  FLASHW                000e8000   00008000  00000000  00008000  RWIX
  FLASHX                000f0000   00008000  00000000  00008000  RWIX
  FLASHY                000f8000   00002000  00000000  00002000  RWIX
  FLASHZ                000fa000   00002000  00000000  00002000  RWIX
  FLASHAA               000fc000   00002000  00000000  00002000  RWIX
  FLASHAB               000fe000   00002000  00000000  00002000  RWIX
  RESET                 003fffc0   00000002  00000000  00000002  RWIX

PAGE 1:
  BOOT_RSVD             00000002   00000120  00000000  00000120  RWIX
  RAMM1                 00000400   00000400  00000300  00000100  RWIX
  ADCA_RESULT           00000b00   00000020  00000018  00000008  RWIX
  ADCB_RESULT           00000b20   00000020  00000018  00000008  RWIX
  ADCC_RESULT           00000b40   00000020  00000018  00000008  RWIX
  ADCD_RESULT           00000b60   00000020  00000018  00000008  RWIX
  CPU_TIMER0            00000c00   00000008  00000008  00000000  RWIX
  CPU_TIMER1            00000c08   00000008  00000008  00000000  RWIX
  CPU_TIMER2            00000c10   00000008  00000008  00000000  RWIX
  PIE_CTRL              00000ce0   00000020  0000001a  00000006  RWIX
  PIE_VECT              00000d00   00000200  000001c0  00000040  RWIX
  DMA                   00001000   00000200  000000e0  00000120  RWIX
  CLA1                  00001400   00000040  0000003e  00000002  RWIX
  EPWM1                 00004000   00000100  00000100  00000000  RWIX
  EPWM2                 00004100   00000100  00000100  00000000  RWIX
  EPWM3                 00004200   00000100  00000100  00000000  RWIX
  EPWM4                 00004300   00000100  00000100  00000000  RWIX
  EPWM5                 00004400   00000100  00000100  00000000  RWIX
  EPWM6                 00004500   00000100  00000100  00000000  RWIX
  EPWM7                 00004600   00000100  00000100  00000000  RWIX
  EPWM8                 00004700   00000100  00000100  00000000  RWIX
  EPWM9                 00004800   00000100  00000100  00000000  RWIX
  EPWM10                00004900   00000100  00000100  00000000  RWIX
  EPWM11                00004a00   00000100  00000100  00000000  RWIX
  EPWM12                00004b00   00000100  00000100  00000000  RWIX
  ECAP1                 00005000   00000020  00000020  00000000  RWIX
  ECAP2                 00005020   00000020  00000020  00000000  RWIX
  ECAP3                 00005040   00000020  00000020  00000000  RWIX
  ECAP4                 00005060   00000020  00000020  00000000  RWIX
  ECAP5                 00005080   00000020  00000020  00000000  RWIX
  ECAP6                 000050a0   00000020  00000020  00000000  RWIX
  EQEP1                 00005100   00000040  00000022  0000001e  RWIX
  EQEP2                 00005140   00000040  00000022  0000001e  RWIX
  EQEP3                 00005180   00000040  00000022  0000001e  RWIX
  DACA                  00005c00   00000010  00000008  00000008  RWIX
  DACB                  00005c10   00000010  00000008  00000008  RWIX
  DACC                  00005c20   00000010  00000008  00000008  RWIX
  CMPSS1                00005c80   00000020  00000020  00000000  RWIX
  CMPSS2                00005ca0   00000020  00000020  00000000  RWIX
  CMPSS3                00005cc0   00000020  00000020  00000000  RWIX
  CMPSS4                00005ce0   00000020  00000020  00000000  RWIX
  CMPSS5                00005d00   00000020  00000020  00000000  RWIX
  CMPSS6                00005d20   00000020  00000020  00000000  RWIX
  CMPSS7                00005d40   00000020  00000020  00000000  RWIX
  CMPSS8                00005d60   00000020  00000020  00000000  RWIX
  SDFM1                 00005e00   00000080  00000080  00000000  RWIX
  SDFM2                 00005e80   00000080  00000080  00000000  RWIX
  MCBSPA                00006000   00000040  00000024  0000001c  RWIX
  MCBSPB                00006040   00000040  00000024  0000001c  RWIX
  SPIA                  00006100   00000010  00000010  00000000  RWIX
  SPIB                  00006110   00000010  00000010  00000000  RWIX
  SPIC                  00006120   00000010  00000010  00000000  RWIX
  SPID                  00006130   00000010  00000000  00000010  RWIX
  UPP                   00006200   00000100  00000048  000000b8  RWIX
  WD                    00007000   00000040  0000002b  00000015  RWIX
  NMIINTRUPT            00007060   00000010  00000007  00000009  RWIX
  XINT                  00007070   00000010  0000000b  00000005  RWIX
  SCIA                  00007200   00000010  00000010  00000000  RWIX
  SCIB                  00007210   00000010  00000010  00000000  RWIX
  SCIC                  00007220   00000010  00000010  00000000  RWIX
  SCID                  00007230   00000010  00000010  00000000  RWIX
  I2CA                  00007300   00000040  00000022  0000001e  RWIX
  I2CB                  00007340   00000040  00000022  0000001e  RWIX
  ADCA                  00007400   00000080  00000080  00000000  RWIX
  ADCB                  00007480   00000080  00000080  00000000  RWIX
  ADCC                  00007500   00000080  00000080  00000000  RWIX
  ADCD                  00007580   00000080  00000080  00000000  RWIX
  INPUT_XBAR            00007900   00000020  00000020  00000000  RWIX
  XBAR                  00007920   00000020  00000020  00000000  RWIX
  TRIG                  00007940   00000010  00000006  0000000a  RWIX
  DMACLASRCSEL          00007980   00000040  0000001a  00000026  RWIX
  EPWM_XBAR             00007a00   00000040  00000040  00000000  RWIX
  CLB_XBAR              00007a40   00000040  00000000  00000040  RWIX
  OUTPUT_XBAR           00007a80   00000040  00000040  00000000  RWIX
  GPIOCTRL              00007c00   00000180  00000180  00000000  RWIX
  GPIODAT               00007f00   00000030  00000030  00000000  RWIX
  RAMLS5                0000a800   00000800  00000600  00000200  RWIX
  RAMD1                 0000b800   00000800  00000000  00000800  RWIX
  RAMGS0                0000c000   00001000  00000000  00001000  RWIX
  RAMGS1                0000d000   00001000  00000000  00001000  RWIX
  RAMGS2                0000e000   00001000  00000000  00001000  RWIX
  RAMGS3                0000f000   00001000  00000000  00001000  RWIX
  RAMGS4                00010000   00001000  00000000  00001000  RWIX
  RAMGS5                00011000   00001000  00000000  00001000  RWIX
  RAMGS6                00012000   00001000  00000000  00001000  RWIX
  RAMGS7                00013000   00001000  00000000  00001000  RWIX
  RAMGS8                00014000   00001000  00000000  00001000  RWIX
  RAMGS9                00015000   00001000  00000000  00001000  RWIX
  RAMGS10               00016000   00001000  00000000  00001000  RWIX
  RAMGS11               00017000   00001000  00000000  00001000  RWIX
  RAMGS12               00018000   00001000  00000000  00001000  RWIX
  RAMGS13               00019000   00001000  00000000  00001000  RWIX
  EMIF1                 00047000   00000800  00000070  00000790  RWIX
  EMIF2                 00047800   00000800  00000070  00000790  RWIX
  DEV_CFG               0005d000   00000180  0000012e  00000052  RWIX
  ANALOG_SUBSYS         0005d180   00000080  00000048  00000038  RWIX
  CLK_CFG               0005d200   00000100  00000032  000000ce  RWIX
  CPU_SYS               0005d300   00000100  00000082  0000007e  RWIX
  ROMPREFETCH           0005e608   00000002  00000002  00000000  RWIX
  DCSM_Z1               0005f000   00000030  00000024  0000000c  RWIX
  DCSM_Z2               0005f040   00000030  00000024  0000000c  RWIX
  DCSM_COMMON           0005f070   00000010  00000008  00000008  RWIX
  MEMCFG                0005f400   00000080  00000080  00000000  RWIX
  EMIF1CONFIG           0005f480   00000020  00000020  00000000  RWIX
  EMIF2CONFIG           0005f4a0   00000020  00000020  00000000  RWIX
  ACCESSPROTECTION      0005f4c0   00000040  00000040  00000000  RWIX
  MEMORYERROR           0005f500   00000040  00000040  00000000  RWIX
  ROMWAITSTATE          0005f540   00000002  00000002  00000000  RWIX
  FLASH0_CTRL           0005f800   00000300  00000182  0000017e  RWIX
  FLASH0_ECC            0005fb00   00000040  00000028  00000018  RWIX
  FLASH1_CTRL           0005fc00   00000300  00000182  0000017e  RWIX
  FLASH1_ECC            0005ff00   00000040  00000028  00000018  RWIX
  DCSM_Z1_OTP           00078000   00000020  00000020  00000000  RWIX
  DCSM_Z2_OTP           00078200   00000020  00000020  00000000  RWIX


SECTION ALLOCATION MAP

 output                                  attributes/
section   page    origin      length       input sections
--------  ----  ----------  ----------   ----------------
codestart 
*          0    00080000    00000002     
                  00080000    00000002     F2837xS_CodeStartBranch.obj (codestart)

.cinit     0    00082000    0000055b     
                  00082000    000003c6     F2837xS_variable.obj (.cinit)
                  000823c6    00000062     F2837xS_struct.obj (.cinit)
                  00082428    00000061     cc.obj (.cinit)
                  00082489    0000004e     easy2837xS_sci_v8.4.obj (.cinit)
                  000824d7    0000003a     main.obj (.cinit)
                  00082511    00000014     F2837xS_fault.obj (.cinit)
                  00082525    0000000e     rts2800_fpu32.lib : exit.obj (.cinit)
                  00082533    0000000c     RingBuff.obj (.cinit)
                  0008253f    0000000c     cc_spi_func.obj (.cinit)
                  0008254b    00000005     rts2800_fpu32.lib : _lock.obj (.cinit:__lock)
                  00082550    00000005                       : _lock.obj (.cinit:__unlock)
                  00082555    00000004     socket.obj (.cinit)
                  00082559    00000002     --HOLE-- [fill = 0]

.pinit     0    00082000    00000000     UNINITIALIZED

ramfuncs   0    00086000    00000004     RUN ADDR = 00008000
                  00086000    00000004     F2837xS_usDelay.obj (ramfuncs)

.stack     1    00000400    00000300     UNINITIALIZED
                  00000400    00000300     --HOLE--

.reset     0    003fffc0    00000002     DSECT
                  003fffc0    00000002     rts2800_fpu32.lib : boot.obj (.reset)

.text.1    0    0008255c    00001aa1     
                  0008255c    00001262     cc_spi_func.obj (.text)
                  000837be    0000068e     cc.obj (.text:retain)
                  00083e4c    00000190     F2837xS_DA.obj (.text)
                  00083fdc    0000001e     rts2800_fpu32.lib : ll_cmp.obj (.text)
                  00083ffa    00000002                       : pre_init.obj (.text)
                  00083ffc    00000001                       : startup.obj (.text)

.text.2    0    00084000    00001ff9     
                  00084000    000009c4     w5300.obj (.text)
                  000849c4    00000585     F2837xS_DefaultISR.obj (.text:retain)
                  00084f49    000004c2     F2837xS_Gpio.obj (.text)
                  0008540b    000003bb     easy2837xS_sci_v8.4.obj (.text:retain)
                  000857c6    00000313     socket.obj (.text)
                  00085ad9    000002dc     F2837xS_SysCtrl.obj (.text)
                  00085db5    000001ee     F2837xS_Adc.obj (.text)
                  00085fa3    00000056     rts2800_fpu32.lib : boot.obj (.text)

.text.3    0    00086004    00000973     
                  00086004    000001ea     cc.obj (.text)
                  000861ee    0000013f     F2837xS_EPwm.obj (.text)
                  0008632d    0000010f     F2837xS_variable.obj (.text)
                  0008643c    000000da     data_form_change.obj (.text)
                  00086516    000000c5     main.obj (.text)
                  000865db    00000088     rts2800_fpu32.lib : fs_div.obj (.text)
                  00086663    00000085     RingBuff.obj (.text)
                  000866e8    0000007b     F2837xS_CpuTimers.obj (.text)
                  00086763    00000050     easy2837xS_sci_v8.4.obj (.text)
                  000867b3    0000004f     F2837xS_fault.obj (.text:retain)
                  00086802    00000046     rts2800_fpu32.lib : cpy_tbl.obj (.text)
                  00086848    0000003f     F2837xS_Emif.obj (.text)
                  00086887    00000029     rts2800_fpu32.lib : exit.obj (.text)
                  000868b0    00000028     F2837xS_PieCtrl.obj (.text)
                  000868d8    00000026     F2837xS_PieVect.obj (.text)
                  000868fe    0000001d     F2837xS_Xbar.obj (.text)
                  0008691b    0000001a     rts2800_fpu32.lib : cpy_utils.obj (.text)
                  00086935    00000019                       : args_main.obj (.text)
                  0008694e    00000018                       : ll_aox.obj (.text)
                  00086966    00000009                       : _lock.obj (.text)
                  0008696f    00000008     F2837xS_CodeStartBranch.obj (.text)

.econst    0    00090000    000001c2     
                  00090000    000001c0     F2837xS_PieVect.obj (.econst:_PieVectTableInit)
                  000901c0    00000002     socket.obj (.econst:.string)

AdcaResultFile 
*          1    00000b00    00000018     UNINITIALIZED
                  00000b00    00000018     F2837xS_GlobalVariableDefs.obj (AdcaResultFile)

AdcbResultFile 
*          1    00000b20    00000018     UNINITIALIZED
                  00000b20    00000018     F2837xS_GlobalVariableDefs.obj (AdcbResultFile)

AdccResultFile 
*          1    00000b40    00000018     UNINITIALIZED
                  00000b40    00000018     F2837xS_GlobalVariableDefs.obj (AdccResultFile)

AdcdResultFile 
*          1    00000b60    00000018     UNINITIALIZED
                  00000b60    00000018     F2837xS_GlobalVariableDefs.obj (AdcdResultFile)

CpuTimer0RegsFile 
*          1    00000c00    00000008     UNINITIALIZED
                  00000c00    00000008     F2837xS_GlobalVariableDefs.obj (CpuTimer0RegsFile)

CpuTimer1RegsFile 
*          1    00000c08    00000008     UNINITIALIZED
                  00000c08    00000008     F2837xS_GlobalVariableDefs.obj (CpuTimer1RegsFile)

CpuTimer2RegsFile 
*          1    00000c10    00000008     UNINITIALIZED
                  00000c10    00000008     F2837xS_GlobalVariableDefs.obj (CpuTimer2RegsFile)

PieCtrlRegsFile 
*          1    00000ce0    0000001a     UNINITIALIZED
                  00000ce0    0000001a     F2837xS_GlobalVariableDefs.obj (PieCtrlRegsFile)

PieVectTableFile 
*          1    00000d00    000001c0     UNINITIALIZED
                  00000d00    000001c0     F2837xS_GlobalVariableDefs.obj (PieVectTableFile)

EmuKeyVar 
*          1    00000d00    00000001     UNINITIALIZED
                  00000d00    00000001     F2837xS_GlobalVariableDefs.obj (EmuKeyVar)

EmuBModeVar 
*          1    00000d01    00000001     UNINITIALIZED
                  00000d01    00000001     F2837xS_GlobalVariableDefs.obj (EmuBModeVar)

FlashCallbackVar 
*          1    00000d02    00000000     UNINITIALIZED

FlashScalingVar 
*          1    00000d02    00000000     UNINITIALIZED

DmaRegsFile 
*          1    00001000    000000e0     UNINITIALIZED
                  00001000    000000e0     F2837xS_GlobalVariableDefs.obj (DmaRegsFile)

Cla1RegsFile 
*          1    00001400    0000003e     UNINITIALIZED
                  00001400    0000003e     F2837xS_GlobalVariableDefs.obj (Cla1RegsFile)

EPwm1RegsFile 
*          1    00004000    00000100     UNINITIALIZED
                  00004000    00000100     F2837xS_GlobalVariableDefs.obj (EPwm1RegsFile)

EPwm2RegsFile 
*          1    00004100    00000100     UNINITIALIZED
                  00004100    00000100     F2837xS_GlobalVariableDefs.obj (EPwm2RegsFile)

EPwm3RegsFile 
*          1    00004200    00000100     UNINITIALIZED
                  00004200    00000100     F2837xS_GlobalVariableDefs.obj (EPwm3RegsFile)

EPwm4RegsFile 
*          1    00004300    00000100     UNINITIALIZED
                  00004300    00000100     F2837xS_GlobalVariableDefs.obj (EPwm4RegsFile)

EPwm5RegsFile 
*          1    00004400    00000100     UNINITIALIZED
                  00004400    00000100     F2837xS_GlobalVariableDefs.obj (EPwm5RegsFile)

EPwm6RegsFile 
*          1    00004500    00000100     UNINITIALIZED
                  00004500    00000100     F2837xS_GlobalVariableDefs.obj (EPwm6RegsFile)

EPwm7RegsFile 
*          1    00004600    00000100     UNINITIALIZED
                  00004600    00000100     F2837xS_GlobalVariableDefs.obj (EPwm7RegsFile)

EPwm8RegsFile 
*          1    00004700    00000100     UNINITIALIZED
                  00004700    00000100     F2837xS_GlobalVariableDefs.obj (EPwm8RegsFile)

EPwm9RegsFile 
*          1    00004800    00000100     UNINITIALIZED
                  00004800    00000100     F2837xS_GlobalVariableDefs.obj (EPwm9RegsFile)

EPwm10RegsFile 
*          1    00004900    00000100     UNINITIALIZED
                  00004900    00000100     F2837xS_GlobalVariableDefs.obj (EPwm10RegsFile)

EPwm11RegsFile 
*          1    00004a00    00000100     UNINITIALIZED
                  00004a00    00000100     F2837xS_GlobalVariableDefs.obj (EPwm11RegsFile)

EPwm12RegsFile 
*          1    00004b00    00000100     UNINITIALIZED
                  00004b00    00000100     F2837xS_GlobalVariableDefs.obj (EPwm12RegsFile)

ECap1RegsFile 
*          1    00005000    00000020     UNINITIALIZED
                  00005000    00000020     F2837xS_GlobalVariableDefs.obj (ECap1RegsFile)

ECap2RegsFile 
*          1    00005020    00000020     UNINITIALIZED
                  00005020    00000020     F2837xS_GlobalVariableDefs.obj (ECap2RegsFile)

ECap3RegsFile 
*          1    00005040    00000020     UNINITIALIZED
                  00005040    00000020     F2837xS_GlobalVariableDefs.obj (ECap3RegsFile)

ECap4RegsFile 
*          1    00005060    00000020     UNINITIALIZED
                  00005060    00000020     F2837xS_GlobalVariableDefs.obj (ECap4RegsFile)

ECap5RegsFile 
*          1    00005080    00000020     UNINITIALIZED
                  00005080    00000020     F2837xS_GlobalVariableDefs.obj (ECap5RegsFile)

ECap6RegsFile 
*          1    000050a0    00000020     UNINITIALIZED
                  000050a0    00000020     F2837xS_GlobalVariableDefs.obj (ECap6RegsFile)

EQep1RegsFile 
*          1    00005100    00000022     UNINITIALIZED
                  00005100    00000022     F2837xS_GlobalVariableDefs.obj (EQep1RegsFile)

EQep2RegsFile 
*          1    00005140    00000022     UNINITIALIZED
                  00005140    00000022     F2837xS_GlobalVariableDefs.obj (EQep2RegsFile)

EQep3RegsFile 
*          1    00005180    00000022     UNINITIALIZED
                  00005180    00000022     F2837xS_GlobalVariableDefs.obj (EQep3RegsFile)

DacaRegsFile 
*          1    00005c00    00000008     UNINITIALIZED
                  00005c00    00000008     F2837xS_GlobalVariableDefs.obj (DacaRegsFile)

DacbRegsFile 
*          1    00005c10    00000008     UNINITIALIZED
                  00005c10    00000008     F2837xS_GlobalVariableDefs.obj (DacbRegsFile)

DaccRegsFile 
*          1    00005c20    00000008     UNINITIALIZED
                  00005c20    00000008     F2837xS_GlobalVariableDefs.obj (DaccRegsFile)

Cmpss1RegsFile 
*          1    00005c80    00000020     UNINITIALIZED
                  00005c80    00000020     F2837xS_GlobalVariableDefs.obj (Cmpss1RegsFile)

Cmpss2RegsFile 
*          1    00005ca0    00000020     UNINITIALIZED
                  00005ca0    00000020     F2837xS_GlobalVariableDefs.obj (Cmpss2RegsFile)

Cmpss3RegsFile 
*          1    00005cc0    00000020     UNINITIALIZED
                  00005cc0    00000020     F2837xS_GlobalVariableDefs.obj (Cmpss3RegsFile)

Cmpss4RegsFile 
*          1    00005ce0    00000020     UNINITIALIZED
                  00005ce0    00000020     F2837xS_GlobalVariableDefs.obj (Cmpss4RegsFile)

Cmpss5RegsFile 
*          1    00005d00    00000020     UNINITIALIZED
                  00005d00    00000020     F2837xS_GlobalVariableDefs.obj (Cmpss5RegsFile)

Cmpss6RegsFile 
*          1    00005d20    00000020     UNINITIALIZED
                  00005d20    00000020     F2837xS_GlobalVariableDefs.obj (Cmpss6RegsFile)

Cmpss7RegsFile 
*          1    00005d40    00000020     UNINITIALIZED
                  00005d40    00000020     F2837xS_GlobalVariableDefs.obj (Cmpss7RegsFile)

Cmpss8RegsFile 
*          1    00005d60    00000020     UNINITIALIZED
                  00005d60    00000020     F2837xS_GlobalVariableDefs.obj (Cmpss8RegsFile)

Sdfm1RegsFile 
*          1    00005e00    00000080     UNINITIALIZED
                  00005e00    00000080     F2837xS_GlobalVariableDefs.obj (Sdfm1RegsFile)

Sdfm2RegsFile 
*          1    00005e80    00000080     UNINITIALIZED
                  00005e80    00000080     F2837xS_GlobalVariableDefs.obj (Sdfm2RegsFile)

McbspaRegsFile 
*          1    00006000    00000024     UNINITIALIZED
                  00006000    00000024     F2837xS_GlobalVariableDefs.obj (McbspaRegsFile)

McbspbRegsFile 
*          1    00006040    00000024     UNINITIALIZED
                  00006040    00000024     F2837xS_GlobalVariableDefs.obj (McbspbRegsFile)

SpiaRegsFile 
*          1    00006100    00000010     UNINITIALIZED
                  00006100    00000010     F2837xS_GlobalVariableDefs.obj (SpiaRegsFile)

SpibRegsFile 
*          1    00006110    00000010     UNINITIALIZED
                  00006110    00000010     F2837xS_GlobalVariableDefs.obj (SpibRegsFile)

SpicRegsFile 
*          1    00006120    00000010     UNINITIALIZED
                  00006120    00000010     F2837xS_GlobalVariableDefs.obj (SpicRegsFile)

UppRegsFile 
*          1    00006200    00000048     UNINITIALIZED
                  00006200    00000048     F2837xS_GlobalVariableDefs.obj (UppRegsFile)

WdRegsFile 
*          1    00007000    0000002b     UNINITIALIZED
                  00007000    0000002b     F2837xS_GlobalVariableDefs.obj (WdRegsFile)

NmiIntruptRegsFile 
*          1    00007060    00000007     UNINITIALIZED
                  00007060    00000007     F2837xS_GlobalVariableDefs.obj (NmiIntruptRegsFile)

XintRegsFile 
*          1    00007070    0000000b     UNINITIALIZED
                  00007070    0000000b     F2837xS_GlobalVariableDefs.obj (XintRegsFile)

SciaRegsFile 
*          1    00007200    00000010     UNINITIALIZED
                  00007200    00000010     F2837xS_GlobalVariableDefs.obj (SciaRegsFile)

ScibRegsFile 
*          1    00007210    00000010     UNINITIALIZED
                  00007210    00000010     F2837xS_GlobalVariableDefs.obj (ScibRegsFile)

ScicRegsFile 
*          1    00007220    00000010     UNINITIALIZED
                  00007220    00000010     F2837xS_GlobalVariableDefs.obj (ScicRegsFile)

ScidRegsFile 
*          1    00007230    00000010     UNINITIALIZED
                  00007230    00000010     F2837xS_GlobalVariableDefs.obj (ScidRegsFile)

I2caRegsFile 
*          1    00007300    00000022     UNINITIALIZED
                  00007300    00000022     F2837xS_GlobalVariableDefs.obj (I2caRegsFile)

I2cbRegsFile 
*          1    00007340    00000022     UNINITIALIZED
                  00007340    00000022     F2837xS_GlobalVariableDefs.obj (I2cbRegsFile)

AdcaRegsFile 
*          1    00007400    00000080     UNINITIALIZED
                  00007400    00000080     F2837xS_GlobalVariableDefs.obj (AdcaRegsFile)

AdcbRegsFile 
*          1    00007480    00000080     UNINITIALIZED
                  00007480    00000080     F2837xS_GlobalVariableDefs.obj (AdcbRegsFile)

AdccRegsFile 
*          1    00007500    00000080     UNINITIALIZED
                  00007500    00000080     F2837xS_GlobalVariableDefs.obj (AdccRegsFile)

AdcdRegsFile 
*          1    00007580    00000080     UNINITIALIZED
                  00007580    00000080     F2837xS_GlobalVariableDefs.obj (AdcdRegsFile)

InputXbarRegsFile 
*          1    00007900    00000020     UNINITIALIZED
                  00007900    00000020     F2837xS_GlobalVariableDefs.obj (InputXbarRegsFile)

XbarRegsFile 
*          1    00007920    00000020     UNINITIALIZED
                  00007920    00000020     F2837xS_GlobalVariableDefs.obj (XbarRegsFile)

TrigRegsFile 
*          1    00007940    00000006     UNINITIALIZED
                  00007940    00000006     F2837xS_GlobalVariableDefs.obj (TrigRegsFile)

DmaClaSrcSelRegsFile 
*          1    00007980    0000001a     UNINITIALIZED
                  00007980    0000001a     F2837xS_GlobalVariableDefs.obj (DmaClaSrcSelRegsFile)

EPwmXbarRegsFile 
*          1    00007a00    00000040     UNINITIALIZED
                  00007a00    00000040     F2837xS_GlobalVariableDefs.obj (EPwmXbarRegsFile)

OutputXbarRegsFile 
*          1    00007a80    00000040     UNINITIALIZED
                  00007a80    00000040     F2837xS_GlobalVariableDefs.obj (OutputXbarRegsFile)

GpioCtrlRegsFile 
*          1    00007c00    00000180     UNINITIALIZED
                  00007c00    00000180     F2837xS_GlobalVariableDefs.obj (GpioCtrlRegsFile)

GpioDataRegsFile 
*          1    00007f00    00000030     UNINITIALIZED
                  00007f00    00000030     F2837xS_GlobalVariableDefs.obj (GpioDataRegsFile)

.ebss.1    1    0000a800    0000057c     UNINITIALIZED
                  0000a800    00000486     F2837xS_variable.obj (.ebss)
                  0000ac86    00000035     RingBuff.obj (.ebss)
                  0000acbb    00000001     --HOLE--
                  0000acbc    00000002     rts2800_fpu32.lib : _lock.obj (.ebss:__lock)
                  0000acbe    00000002                       : _lock.obj (.ebss:__unlock)
                  0000acc0    0000005a     F2837xS_struct.obj (.ebss)
                  0000ad1a    00000020     main.obj (.ebss)
                  0000ad3a    00000006     rts2800_fpu32.lib : exit.obj (.ebss)
                  0000ad40    00000032     cc.obj (.ebss)
                  0000ad72    0000000a     F2837xS_fault.obj (.ebss)

.ebss.2    1    0000ad80    0000003a     UNINITIALIZED
                  0000ad80    00000030     w5300.obj (.ebss)
                  0000adb0    0000000a     socket.obj (.ebss)

.ebss.3    1    0000adc0    00000032     UNINITIALIZED
                  0000adc0    0000001a     cc_spi_func.obj (.ebss)
                  0000adda    00000018     F2837xS_CpuTimers.obj (.ebss)

.ebss.4    1    0000ae00    00000018     UNINITIALIZED
                  0000ae00    00000018     easy2837xS_sci_v8.4.obj (.ebss)

Emif1RegsFile 
*          1    00047000    00000070     UNINITIALIZED
                  00047000    00000070     F2837xS_GlobalVariableDefs.obj (Emif1RegsFile)

Emif2RegsFile 
*          1    00047800    00000070     UNINITIALIZED
                  00047800    00000070     F2837xS_GlobalVariableDefs.obj (Emif2RegsFile)

DevCfgRegsFile 
*          1    0005d000    0000012e     UNINITIALIZED
                  0005d000    0000012e     F2837xS_GlobalVariableDefs.obj (DevCfgRegsFile)

AnalogSubsysRegsFile 
*          1    0005d180    00000048     UNINITIALIZED
                  0005d180    00000048     F2837xS_GlobalVariableDefs.obj (AnalogSubsysRegsFile)

Cla1SoftIntRegsFile 
*          1    00000ce0    00000004     DSECT
                  00000ce0    00000004     F2837xS_GlobalVariableDefs.obj (Cla1SoftIntRegsFile)

ClkCfgRegsFile 
*          1    0005d200    00000032     UNINITIALIZED
                  0005d200    00000032     F2837xS_GlobalVariableDefs.obj (ClkCfgRegsFile)

CpuSysRegsFile 
*          1    0005d300    00000082     UNINITIALIZED
                  0005d300    00000082     F2837xS_GlobalVariableDefs.obj (CpuSysRegsFile)

RomPrefetchRegsFile 
*          1    0005e608    00000002     UNINITIALIZED
                  0005e608    00000002     F2837xS_GlobalVariableDefs.obj (RomPrefetchRegsFile)

DcsmZ1RegsFile 
*          1    0005f000    00000024     UNINITIALIZED
                  0005f000    00000024     F2837xS_GlobalVariableDefs.obj (DcsmZ1RegsFile)

DcsmZ2RegsFile 
*          1    0005f040    00000024     UNINITIALIZED
                  0005f040    00000024     F2837xS_GlobalVariableDefs.obj (DcsmZ2RegsFile)

DcsmCommonRegsFile 
*          1    0005f070    00000008     UNINITIALIZED
                  0005f070    00000008     F2837xS_GlobalVariableDefs.obj (DcsmCommonRegsFile)

MemCfgRegsFile 
*          1    0005f400    00000080     UNINITIALIZED
                  0005f400    00000080     F2837xS_GlobalVariableDefs.obj (MemCfgRegsFile)

Emif1ConfigRegsFile 
*          1    0005f480    00000020     UNINITIALIZED
                  0005f480    00000020     F2837xS_GlobalVariableDefs.obj (Emif1ConfigRegsFile)

Emif2ConfigRegsFile 
*          1    0005f4a0    00000020     UNINITIALIZED
                  0005f4a0    00000020     F2837xS_GlobalVariableDefs.obj (Emif2ConfigRegsFile)

AccessProtectionRegsFile 
*          1    0005f4c0    00000040     UNINITIALIZED
                  0005f4c0    00000040     F2837xS_GlobalVariableDefs.obj (AccessProtectionRegsFile)

MemoryErrorRegsFile 
*          1    0005f500    00000040     UNINITIALIZED
                  0005f500    00000040     F2837xS_GlobalVariableDefs.obj (MemoryErrorRegsFile)

RomWaitStateRegsFile 
*          1    0005f540    00000002     UNINITIALIZED
                  0005f540    00000002     F2837xS_GlobalVariableDefs.obj (RomWaitStateRegsFile)

Flash0CtrlRegsFile 
*          1    0005f800    00000182     UNINITIALIZED
                  0005f800    00000182     F2837xS_GlobalVariableDefs.obj (Flash0CtrlRegsFile)

Flash0EccRegsFile 
*          1    0005fb00    00000028     UNINITIALIZED
                  0005fb00    00000028     F2837xS_GlobalVariableDefs.obj (Flash0EccRegsFile)

Flash1CtrlRegsFile 
*          1    0005fc00    00000182     UNINITIALIZED
                  0005fc00    00000182     F2837xS_GlobalVariableDefs.obj (Flash1CtrlRegsFile)

Flash1EccRegsFile 
*          1    0005ff00    00000028     UNINITIALIZED
                  0005ff00    00000028     F2837xS_GlobalVariableDefs.obj (Flash1EccRegsFile)

DcsmZ1OtpFile 
*          1    00078000    00000020     NOLOAD SECTION
                  00078000    00000020     F2837xS_GlobalVariableDefs.obj (DcsmZ1OtpFile)

DcsmZ2OtpFile 
*          1    00078200    00000020     NOLOAD SECTION
                  00078200    00000020     F2837xS_GlobalVariableDefs.obj (DcsmZ2OtpFile)

MODULE SUMMARY

       Module                           code    ro data   rw data
       ------                           ----    -------   -------
    .\source\
       F2837xS_GlobalVariableDefs.obj   0       0         8435   
       cc_spi_func.obj                  4706    0         38     
       w5300.obj                        2500    0         48     
       F2837xS_variable.obj             271     0         2124   
       cc.obj                           2168    0         147    
       F2837xS_DefaultISR.obj           1413    0         0      
       F2837xS_Gpio.obj                 1218    0         0      
       easy2837xS_sci_v8.4.obj          1035    0         102    
       socket.obj                       787     0         16     
       F2837xS_SysCtrl.obj              732     0         0      
       F2837xS_Adc.obj                  494     0         0      
       F2837xS_PieVect.obj              38      0         448    
       F2837xS_DA.obj                   400     0         0      
       F2837xS_EPwm.obj                 319     0         0      
       main.obj                         197     0         90     
       data_form_change.obj             218     0         0      
       RingBuff.obj                     133     0         65     
       F2837xS_struct.obj               0       0         188    
       F2837xS_CpuTimers.obj            123     0         24     
       F2837xS_fault.obj                79      0         30     
       F2837xS_Emif.obj                 63      0         0      
       F2837xS_PieCtrl.obj              40      0         0      
       F2837xS_Xbar.obj                 29      0         0      
       F2837xS_CodeStartBranch.obj      10      0         0      
       F2837xS_usDelay.obj              8       0         0      
    +--+--------------------------------+-------+---------+---------+
       Total:                           16981   0         11755  
                                                                 
    C:/ti/ccsv7/tools/compiler/ti-cgt-c2000_15.12.6.LTS/lib/rts2800_fpu32.lib
       fs_div.obj                       136     0         0      
       boot.obj                         86      0         0      
       cpy_tbl.obj                      70      0         0      
       exit.obj                         41      0         20     
       ll_cmp.obj                       30      0         0      
       cpy_utils.obj                    26      0         0      
       args_main.obj                    25      0         0      
       ll_aox.obj                       24      0         0      
       _lock.obj                        9       0         14     
       pre_init.obj                     2       0         0      
       startup.obj                      1       0         0      
    +--+--------------------------------+-------+---------+---------+
       Total:                           450     0         34     
                                                                 
       Stack:                           0       0         768    
    +--+--------------------------------+-------+---------+---------+
       Grand Total:                     17431   0         12557  


GLOBAL DATA SYMBOLS: SORTED BY DATA PAGE

address     data page           name
--------    ----------------    ----
00000400      10 (00000400)     __stack

00000b00      2c (00000b00)     _AdcaResultRegs
00000b20      2c (00000b00)     _AdcbResultRegs

00000b40      2d (00000b40)     _AdccResultRegs
00000b60      2d (00000b40)     _AdcdResultRegs

00000c00      30 (00000c00)     _CpuTimer0Regs
00000c08      30 (00000c00)     _CpuTimer1Regs
00000c10      30 (00000c00)     _CpuTimer2Regs

00000ce0      33 (00000cc0)     _Cla1SoftIntRegs
00000ce0      33 (00000cc0)     _PieCtrlRegs

00000d00      34 (00000d00)     _EmuKey
00000d00      34 (00000d00)     _PieVectTable
00000d01      34 (00000d00)     _EmuBMode

00001000      40 (00001000)     _DmaRegs

00001400      50 (00001400)     _Cla1Regs

00004000     100 (00004000)     _EPwm1Regs

00004100     104 (00004100)     _EPwm2Regs

00004200     108 (00004200)     _EPwm3Regs

00004300     10c (00004300)     _EPwm4Regs

00004400     110 (00004400)     _EPwm5Regs

00004500     114 (00004500)     _EPwm6Regs

00004600     118 (00004600)     _EPwm7Regs

00004700     11c (00004700)     _EPwm8Regs

00004800     120 (00004800)     _EPwm9Regs

00004900     124 (00004900)     _EPwm10Regs

00004a00     128 (00004a00)     _EPwm11Regs

00004b00     12c (00004b00)     _EPwm12Regs

00005000     140 (00005000)     _ECap1Regs
00005020     140 (00005000)     _ECap2Regs

00005040     141 (00005040)     _ECap3Regs
00005060     141 (00005040)     _ECap4Regs

00005080     142 (00005080)     _ECap5Regs
000050a0     142 (00005080)     _ECap6Regs

00005100     144 (00005100)     _EQep1Regs

00005140     145 (00005140)     _EQep2Regs

00005180     146 (00005180)     _EQep3Regs

00005c00     170 (00005c00)     _DacaRegs
00005c10     170 (00005c00)     _DacbRegs
00005c20     170 (00005c00)     _DaccRegs

00005c80     172 (00005c80)     _Cmpss1Regs
00005ca0     172 (00005c80)     _Cmpss2Regs

00005cc0     173 (00005cc0)     _Cmpss3Regs
00005ce0     173 (00005cc0)     _Cmpss4Regs

00005d00     174 (00005d00)     _Cmpss5Regs
00005d20     174 (00005d00)     _Cmpss6Regs

00005d40     175 (00005d40)     _Cmpss7Regs
00005d60     175 (00005d40)     _Cmpss8Regs

00005e00     178 (00005e00)     _Sdfm1Regs

00005e80     17a (00005e80)     _Sdfm2Regs

00006000     180 (00006000)     _McbspaRegs

00006040     181 (00006040)     _McbspbRegs

00006100     184 (00006100)     _SpiaRegs
00006110     184 (00006100)     _SpibRegs
00006120     184 (00006100)     _SpicRegs

00006200     188 (00006200)     _UppRegs

00007000     1c0 (00007000)     _WdRegs

00007060     1c1 (00007040)     _NmiIntruptRegs
00007070     1c1 (00007040)     _XintRegs

00007200     1c8 (00007200)     _SciaRegs
00007210     1c8 (00007200)     _ScibRegs
00007220     1c8 (00007200)     _ScicRegs
00007230     1c8 (00007200)     _ScidRegs

00007300     1cc (00007300)     _I2caRegs

00007340     1cd (00007340)     _I2cbRegs

00007400     1d0 (00007400)     _AdcaRegs

00007480     1d2 (00007480)     _AdcbRegs

00007500     1d4 (00007500)     _AdccRegs

00007580     1d6 (00007580)     _AdcdRegs

00007900     1e4 (00007900)     _InputXbarRegs
00007920     1e4 (00007900)     _XbarRegs

00007940     1e5 (00007940)     _TrigRegs

00007980     1e6 (00007980)     _DmaClaSrcSelRegs

00007a00     1e8 (00007a00)     _EPwmXbarRegs

00007a80     1ea (00007a80)     _OutputXbarRegs

00007c00     1f0 (00007c00)     _GpioCtrlRegs

00007f00     1fc (00007f00)     _GpioDataRegs

0000a800     2a0 (0000a800)     _SPI_TEST3
0000a801     2a0 (0000a800)     _SPI_TEST2
0000a802     2a0 (0000a800)     _Dout1
0000a803     2a0 (0000a800)     _SPI_TEST0
0000a804     2a0 (0000a800)     _cnt_delay
0000a805     2a0 (0000a800)     _SPI_TEST4
0000a806     2a0 (0000a800)     _SPI_TEST1
0000a807     2a0 (0000a800)     _Kp_L
0000a808     2a0 (0000a800)     _Kp_H
0000a809     2a0 (0000a800)     _Ki_L
0000a80a     2a0 (0000a800)     _Dout3
0000a80b     2a0 (0000a800)     _Dout2
0000a80c     2a0 (0000a800)     _Ki_H
0000a80d     2a0 (0000a800)     _FanCon
0000a80e     2a0 (0000a800)     _test3
0000a80f     2a0 (0000a800)     _disconnect_cnt
0000a810     2a0 (0000a800)     _mode_changed
0000a811     2a0 (0000a800)     _maxCount_ePWM
0000a812     2a0 (0000a800)     _reset_inv_total_cnt
0000a813     2a0 (0000a800)     _DacOffset
0000a814     2a0 (0000a800)     _reset_inv_waiting
0000a815     2a0 (0000a800)     _using_inv_num
0000a816     2a0 (0000a800)     _check_header_flag
0000a817     2a0 (0000a800)     _write_info
0000a818     2a0 (0000a800)     _read_info
0000a819     2a0 (0000a800)     _W5300_MODE
0000a81a     2a0 (0000a800)     _recv_cnt
0000a81c     2a0 (0000a800)     _Ki_ulong
0000a81e     2a0 (0000a800)     _Ki
0000a820     2a0 (0000a800)     _send_len
0000a822     2a0 (0000a800)     _recv_len
0000a824     2a0 (0000a800)     _default_Kp
0000a826     2a0 (0000a800)     _default_Ki
0000a828     2a0 (0000a800)     _Kp
0000a82a     2a0 (0000a800)     _INV_Vdc
0000a82c     2a0 (0000a800)     _half_Vdc
0000a82e     2a0 (0000a800)     _test_fault_a
0000a830     2a0 (0000a800)     _Tsamp
0000a832     2a0 (0000a800)     _reset_inv_num
0000a834     2a0 (0000a800)     _test_f
0000a836     2a0 (0000a800)     _Fsamp
0000a838     2a0 (0000a800)     _test_theta
0000a83a     2a0 (0000a800)     _Kp_ulong
0000a83c     2a0 (0000a800)     _test_fault_b
0000a83e     2a0 (0000a800)     _INV_Tsamp

0000a840     2a1 (0000a840)     _Fsw
0000a842     2a1 (0000a840)     _test_fault_c
0000a844     2a1 (0000a840)     _INV_status
0000a848     2a1 (0000a840)     _da_data
0000a84c     2a1 (0000a840)     _da_type
0000a850     2a1 (0000a840)     _gw_set
0000a854     2a1 (0000a840)     _sn_set
0000a858     2a1 (0000a840)     _ip_set
0000a85c     2a1 (0000a840)     _ScaleAin_adc_A
0000a862     2a1 (0000a840)     _mac_set
0000a868     2a1 (0000a840)     _OffsetAin_adc_A
0000a86e     2a1 (0000a840)     _tx_mem_conf
0000a876     2a1 (0000a840)     _rx_mem_conf

0000a880     2a2 (0000a880)     _da
0000a888     2a2 (0000a880)     _Flag
0000a890     2a2 (0000a880)     _da_temp
0000a898     2a2 (0000a880)     _da_scale
0000a8a0     2a2 (0000a880)     _da_mid
0000a8a8     2a2 (0000a880)     _reset_inv_list
0000a8b0     2a2 (0000a880)     _ScaleAin_adc_B

0000a8c0     2a3 (0000a8c0)     _OffsetAin_adc_B
0000a8ca     2a3 (0000a8c0)     _current_sen
0000a8da     2a3 (0000a8c0)     _current_ref_set
0000a8ea     2a3 (0000a8c0)     _current_reference

0000a900     2a4 (0000a900)     _current_ref
0000a910     2a4 (0000a900)     _INV_data_buf
0000a920     2a4 (0000a900)     _voltage_reference

0000a940     2a5 (0000a940)     _current_sen_debug
0000a960     2a5 (0000a940)     _UDP_data

0000a980     2a6 (0000a980)     _recv_buf

0000aa80     2aa (0000aa80)     _send_buf

0000ab80     2ae (0000ab80)     _INV

0000ac86     2b2 (0000ac80)     _ezDSP_nEndPos
0000ac87     2b2 (0000ac80)     _ezDSP_nMaxBuffSize
0000ac88     2b2 (0000ac80)     _ezDSP_nStartPos
0000ac89     2b2 (0000ac80)     _ezDSP_ringBuffer
0000acbc     2b2 (0000ac80)     __lock
0000acbe     2b2 (0000ac80)     __unlock

0000acc0     2b3 (0000acc0)     _MCBSP
0000acc4     2b3 (0000acc0)     _I2C
0000acc8     2b3 (0000acc0)     _SCI
0000accc     2b3 (0000acc0)     _SDFM
0000acd2     2b3 (0000acc0)     _EQEP
0000acda     2b3 (0000acc0)     _SPI
0000ace2     2b3 (0000acc0)     _ECAP

0000ad00     2b4 (0000ad00)     _EPWM
0000ad1a     2b4 (0000ad00)     _receive_veri
0000ad1b     2b4 (0000ad00)     _len_veri
0000ad1c     2b4 (0000ad00)     _port_veri
0000ad1d     2b4 (0000ad00)     _idr_veri
0000ad1e     2b4 (0000ad00)     _time_a
0000ad20     2b4 (0000ad00)     _loopCnt
0000ad22     2b4 (0000ad00)     _time_udp
0000ad24     2b4 (0000ad00)     _gw_veri
0000ad28     2b4 (0000ad00)     _ip_veri
0000ad2c     2b4 (0000ad00)     _sock_flags
0000ad30     2b4 (0000ad00)     _sn_veri
0000ad34     2b4 (0000ad00)     _mac_veri
0000ad3a     2b4 (0000ad00)     ___TI_enable_exit_profile_output
0000ad3c     2b4 (0000ad00)     ___TI_cleanup_ptr
0000ad3e     2b4 (0000ad00)     ___TI_dtors_ptr

0000ad40     2b5 (0000ad40)     _UDP_status
0000ad41     2b5 (0000ad40)     _send_fail
0000ad42     2b5 (0000ad40)     _UDP_RX_flag
0000ad43     2b5 (0000ad40)     _sen_mode
0000ad44     2b5 (0000ad40)     _destport_veri
0000ad45     2b5 (0000ad40)     _is_ready
0000ad46     2b5 (0000ad40)     _temp_sum_l
0000ad47     2b5 (0000ad40)     _cc_cnt
0000ad48     2b5 (0000ad40)     _temp_sum_h
0000ad49     2b5 (0000ad40)     _iter
0000ad4a     2b5 (0000ad40)     _is_debug_mode
0000ad4b     2b5 (0000ad40)     _cc_debug_cnt
0000ad4c     2b5 (0000ad40)     _destport
0000ad4d     2b5 (0000ad40)     _coil_num
0000ad4e     2b5 (0000ad40)     _PC_status
0000ad4f     2b5 (0000ad40)     _recv_temp_l
0000ad50     2b5 (0000ad40)     _i
0000ad51     2b5 (0000ad40)     _recv_temp_h
0000ad52     2b5 (0000ad40)     _recv_temp
0000ad53     2b5 (0000ad40)     _recv_iter
0000ad54     2b5 (0000ad40)     _PC_mode
0000ad55     2b5 (0000ad40)     _ref_num
0000ad57     2b5 (0000ad40)     _ref_gen_mode
0000ad58     2b5 (0000ad40)     _ccTime
0000ad5a     2b5 (0000ad40)     _ccTimer1start
0000ad5c     2b5 (0000ad40)     _a
0000ad5e     2b5 (0000ad40)     _temp_sum
0000ad60     2b5 (0000ad40)     _temp_float
0000ad62     2b5 (0000ad40)     _destip
0000ad66     2b5 (0000ad40)     _destip_veri
0000ad6a     2b5 (0000ad40)     _error_cnt
0000ad72     2b5 (0000ad40)     _fault_cnt
0000ad73     2b5 (0000ad40)     _Fault_ADC_B_SOC_H
0000ad74     2b5 (0000ad40)     _Fault
0000ad76     2b5 (0000ad40)     _Fault_ADC_A_SOC_L
0000ad79     2b5 (0000ad40)     _Fault_ADC_A_SOC_H

0000ad88     2b6 (0000ad80)     _SOCK_INT
0000ad90     2b6 (0000ad80)     _TXMEM_SIZE
0000ada0     2b6 (0000ad80)     _RXMEM_SIZE
0000adb0     2b6 (0000ad80)     _UPDATE_ADDR_PORT
0000adb1     2b6 (0000ad80)     _iinchip_source_port
0000adb2     2b6 (0000ad80)     _check_sendok_flag

0000adc0     2b7 (0000adc0)     _check_sum_fail
0000adc8     2b7 (0000adc0)     _check_sum_cnt
0000add0     2b7 (0000adc0)     _debug_val
0000adda     2b7 (0000adc0)     _CpuTimer1
0000ade2     2b7 (0000adc0)     _CpuTimer2
0000adea     2b7 (0000adc0)     _CpuTimer0

0000ae00     2b8 (0000ae00)     _ezDSP_uWrongISRCount
0000ae01     2b8 (0000ae00)     _ezDSP_ucRx
0000ae02     2b8 (0000ae00)     _ezDSP_uPECount
0000ae03     2b8 (0000ae00)     _ezDSP_uBRKDTCount
0000ae04     2b8 (0000ae00)     _ezDSP_uOECount
0000ae05     2b8 (0000ae00)     _ezDSP_uAddrRdCnt
0000ae06     2b8 (0000ae00)     _ezDSP_uDataRdCnt
0000ae07     2b8 (0000ae00)     _ezDSP_uChksum
0000ae08     2b8 (0000ae00)     _ezDSP_uState
0000ae09     2b8 (0000ae00)     _ezDSP_uData
0000ae0a     2b8 (0000ae00)     _ezDSP_uFECount
0000ae0b     2b8 (0000ae00)     _ezDSP_uRead8BPossible
0000ae0c     2b8 (0000ae00)     _ezDSP_uRead16BPossible
0000ae0d     2b8 (0000ae00)     _ezDSP_Version_SCI
0000ae0e     2b8 (0000ae00)     _ezDSP_ulAddr
0000ae10     2b8 (0000ae00)     _ezDSP_fFloat
0000ae12     2b8 (0000ae00)     _ezDSP_ulData
0000ae14     2b8 (0000ae00)     _ezDSP_ullData

00047000    11c0 (00047000)     _Emif1Regs

00047800    11e0 (00047800)     _Emif2Regs

0005d000    1740 (0005d000)     _DevCfgRegs

0005d180    1746 (0005d180)     _AnalogSubsysRegs

0005d200    1748 (0005d200)     _ClkCfgRegs

0005d300    174c (0005d300)     _CpuSysRegs

0005e608    1798 (0005e600)     _RomPrefetchRegs

0005f000    17c0 (0005f000)     _DcsmZ1Regs

0005f040    17c1 (0005f040)     _DcsmZ2Regs
0005f070    17c1 (0005f040)     _DcsmCommonRegs

0005f400    17d0 (0005f400)     _MemCfgRegs

0005f480    17d2 (0005f480)     _Emif1ConfigRegs
0005f4a0    17d2 (0005f480)     _Emif2ConfigRegs

0005f4c0    17d3 (0005f4c0)     _AccessProtectionRegs

0005f500    17d4 (0005f500)     _MemoryErrorRegs

0005f540    17d5 (0005f540)     _RomWaitStateRegs

0005f800    17e0 (0005f800)     _Flash0CtrlRegs

0005fb00    17ec (0005fb00)     _Flash0EccRegs

0005fc00    17f0 (0005fc00)     _Flash1CtrlRegs

0005ff00    17fc (0005ff00)     _Flash1EccRegs

00078000    1e00 (00078000)     _DcsmZ1Otp

00078200    1e08 (00078200)     _DcsmZ2Otp

00090000    2400 (00090000)     _PieVectTableInit


GLOBAL SYMBOLS: SORTED ALPHABETICALLY BY Name 

page  address   name                                  
----  -------   ----                                  
abs   ffffffff  .text                                 
0     00086887  C$$EXIT                               
0     000865db  FS$$DIV                               
0     0008694e  LL$$AND                               
0     00083fdc  LL$$CMP                               
0     00086956  LL$$OR                                
0     0008695e  LL$$XOR                               
0     00083fee  ULL$$CMP                              
0     00084a82  _ADCA1_ISR                            
0     00084d02  _ADCA2_ISR                            
0     00084d0c  _ADCA3_ISR                            
0     00084d16  _ADCA4_ISR                            
0     00084cf8  _ADCA_EVT_ISR                         
0     00084a8c  _ADCB1_ISR                            
0     00084d2a  _ADCB2_ISR                            
0     00084d34  _ADCB3_ISR                            
0     00084d3e  _ADCB4_ISR                            
0     00084d20  _ADCB_EVT_ISR                         
0     00084a96  _ADCC1_ISR                            
0     00084e92  _ADCC2_ISR                            
0     00084e9c  _ADCC3_ISR                            
0     00084ea6  _ADCC4_ISR                            
0     00084e88  _ADCC_EVT_ISR                         
0     00084ab4  _ADCD1_ISR                            
0     00084eba  _ADCD2_ISR                            
0     00084ec4  _ADCD3_ISR                            
0     00084ece  _ADCD4_ISR                            
0     00084eb0  _ADCD_EVT_ISR                         
0     00086873  _ASync_cs2_config                     
0     00086879  _ASync_cs3_config                     
0     00086881  _ASync_cs4_config                     
0     00086850  _ASync_wait_config                    
0     00084f0a  _AUX_PLL_SLIP_ISR                     
1     0005f4c0  _AccessProtectionRegs                 
0     00085ec6  _AdcSetMode                           
1     00007400  _AdcaRegs                             
1     00000b00  _AdcaResultRegs                       
1     00007480  _AdcbRegs                             
1     00000b20  _AdcbResultRegs                       
1     00007500  _AdccRegs                             
1     00000b40  _AdccResultRegs                       
1     00007580  _AdcdRegs                             
1     00000b60  _AdcdResultRegs                       
0     0008667a  _AddRing                              
0     0008649f  _AddSendBinaryData                    
0     0008645d  _AddSendFloatData                     
0     0008643c  _AddSendHeaderData                    
0     00086488  _AddSendShortBinaryData               
1     0005d180  _AnalogSubsysRegs                     
0     00085d72  _AuxAuxClkSel                         
0     00085d5c  _AuxIntOsc2Sel                        
0     00085d66  _AuxXtalOscSel                        
0     00084cd0  _CANA_1_ISR                           
0     00084cda  _CANA_2_ISR                           
0     00084ce4  _CANB_1_ISR                           
0     00084cee  _CANB_2_ISR                           
0     00084d48  _CLA1_1_ISR                           
0     00084d52  _CLA1_2_ISR                           
0     00084d5c  _CLA1_3_ISR                           
0     00084d66  _CLA1_4_ISR                           
0     00084d70  _CLA1_5_ISR                           
0     00084d7a  _CLA1_6_ISR                           
0     00084d84  _CLA1_7_ISR                           
0     00084d8e  _CLA1_8_ISR                           
0     00084f14  _CLA_OVERFLOW_ISR                     
0     00084f1e  _CLA_UNDERFLOW_ISR                    
0     00085f69  _CalAdcINL                            
0     000837ae  _CalcChecksum                         
1     00001400  _Cla1Regs                             
0     00000ce0  _Cla1SoftIntRegs                      
1     0005d200  _ClkCfgRegs                           
1     00005c80  _Cmpss1Regs                           
1     00005ca0  _Cmpss2Regs                           
1     00005cc0  _Cmpss3Regs                           
1     00005ce0  _Cmpss4Regs                           
1     00005d00  _Cmpss5Regs                           
1     00005d20  _Cmpss6Regs                           
1     00005d40  _Cmpss7Regs                           
1     00005d60  _Cmpss8Regs                           
0     00086729  _ConfigCpuTimer                       
0     00085e32  _Config_12bit_AdcB                    
0     00085dc3  _Config_16bit_AdcA                    
0     00086260  _ConfigureEPWM                        
1     0005d300  _CpuSysRegs                           
1     0000adea  _CpuTimer0                            
1     00000c00  _CpuTimer0Regs                        
1     0000adda  _CpuTimer1                            
1     00000c08  _CpuTimer1Regs                        
1     0000ade2  _CpuTimer2                            
1     00000c10  _CpuTimer2Regs                        
0     00085d1b  _CsmUnlock                            
0     000849d8  _DATALOG_ISR                          
0     00084c1c  _DMA_CH1_ISR                          
0     00084c26  _DMA_CH2_ISR                          
0     00084c30  _DMA_CH3_ISR                          
0     00084c3a  _DMA_CH4_ISR                          
0     00084c44  _DMA_CH5_ISR                          
0     00084c4e  _DMA_CH6_ISR                          
0     0008632d  _DUTY_OFF                             
1     0000a813  _DacOffset                            
1     00005c00  _DacaRegs                             
1     00005c10  _DacbRegs                             
1     00005c20  _DaccRegs                             
1     0005f070  _DcsmCommonRegs                       
1     00078000  _DcsmZ1Otp                            
1     0005f000  _DcsmZ1Regs                           
1     00078200  _DcsmZ2Otp                            
1     0005f040  _DcsmZ2Regs                           
1     0005d000  _DevCfgRegs                           
0     00085c02  _DisableDog                           
0     00085b92  _DisablePeripheralClocks              
1     00007980  _DmaClaSrcSelRegs                     
1     00001000  _DmaRegs                              
1     0000a802  _Dout1                                
1     0000a80b  _Dout2                                
1     0000a80a  _Dout3                                
1     0000ace2  _ECAP                                 
0     00084b72  _ECAP1_ISR                            
0     00084b7c  _ECAP2_ISR                            
0     00084b86  _ECAP3_ISR                            
0     00084b90  _ECAP4_ISR                            
0     00084b9a  _ECAP5_ISR                            
0     00084ba4  _ECAP6_ISR                            
1     00005000  _ECap1Regs                            
1     00005020  _ECap2Regs                            
1     00005040  _ECap3Regs                            
1     00005060  _ECap4Regs                            
1     00005080  _ECap5Regs                            
1     000050a0  _ECap6Regs                            
0     00084ed8  _EMIF_ERROR_ISR                       
0     00084f32  _EMPTY_ISR                            
0     000849ec  _EMU_ISR                              
1     0000ad00  _EPWM                                 
0     00084e2e  _EPWM10_ISR                           
0     00084e06  _EPWM10_TZ_ISR                        
0     00084e38  _EPWM11_ISR                           
0     00084e10  _EPWM11_TZ_ISR                        
0     00084e42  _EPWM12_ISR                           
0     00084e1a  _EPWM12_TZ_ISR                        
0     00084b22  _EPWM1_ISR                            
0     00084ad2  _EPWM1_TZ_ISR                         
0     00084b2c  _EPWM2_ISR                            
0     00084adc  _EPWM2_TZ_ISR                         
0     00084b36  _EPWM3_ISR                            
0     00084ae6  _EPWM3_TZ_ISR                         
0     00084b40  _EPWM4_ISR                            
0     00084af0  _EPWM4_TZ_ISR                         
0     00084b4a  _EPWM5_ISR                            
0     00084afa  _EPWM5_TZ_ISR                         
0     00084b54  _EPWM6_ISR                            
0     00084b04  _EPWM6_TZ_ISR                         
0     00084b5e  _EPWM7_ISR                            
0     00084b0e  _EPWM7_TZ_ISR                         
0     00084b68  _EPWM8_ISR                            
0     00084b18  _EPWM8_TZ_ISR                         
0     00084e24  _EPWM9_ISR                            
0     00084dfc  _EPWM9_TZ_ISR                         
1     00004900  _EPwm10Regs                           
1     00004a00  _EPwm11Regs                           
1     00004b00  _EPwm12Regs                           
1     00004000  _EPwm1Regs                            
0     0008623f  _EPwm1_MasterSetup                    
1     00004100  _EPwm2Regs                            
1     00004200  _EPwm3Regs                            
1     00004300  _EPwm4Regs                            
1     00004400  _EPwm5Regs                            
1     00004500  _EPwm6Regs                            
1     00004600  _EPwm7Regs                            
1     00004700  _EPwm8Regs                            
1     00004800  _EPwm9Regs                            
1     00007a00  _EPwmXbarRegs                         
1     0000acd2  _EQEP                                 
0     00084bae  _EQEP1_ISR                            
0     00084bb8  _EQEP2_ISR                            
0     00084bc2  _EQEP3_ISR                            
1     00005100  _EQep1Regs                            
1     00005140  _EQep2Regs                            
1     00005180  _EQep3Regs                            
1     0005f480  _Emif1ConfigRegs                      
0     00086848  _Emif1Initialize                      
1     00047000  _Emif1Regs                            
1     0005f4a0  _Emif2ConfigRegs                      
1     00047800  _Emif2Regs                            
1     00000d01  _EmuBMode                             
1     00000d00  _EmuKey                               
0     000868cf  _EnableInterrupts                     
0     000866a6  _ExtractRing                          
0     00008000  _F28x_usDelay                         
0     00084eec  _FLASH_CORRECTABLE_ERROR_ISR          
0     00084dc0  _FPU_OVERFLOW_ISR                     
0     00084dca  _FPU_UNDERFLOW_ISR                    
1     0000a80d  _FanCon                               
1     0000ad74  _Fault                                
0     000867b3  _FaultISR                             
1     0000ad79  _Fault_ADC_A_SOC_H                    
1     0000ad76  _Fault_ADC_A_SOC_L                    
1     0000ad73  _Fault_ADC_B_SOC_H                    
1     0000a888  _Flag                                 
1     0005f800  _Flash0CtrlRegs                       
1     0005fb00  _Flash0EccRegs                        
1     0005fc00  _Flash1CtrlRegs                       
1     0005ff00  _Flash1EccRegs                        
1     0000a836  _Fsamp                                
1     0000a840  _Fsw                                  
0     000853c0  _GPIO_EnableUnbondedIOPullups         
0     0008539b  _GPIO_EnableUnbondedIOPullupsFor100Pin
0     00085382  _GPIO_EnableUnbondedIOPullupsFor176Pin
0     000853d6  _GPIO_ReadPin                         
0     00085327  _GPIO_SetupLock                       
0     00085207  _GPIO_SetupPinMux                     
0     00085293  _GPIO_SetupPinOptions                 
0     00085350  _GPIO_SetupXINT1Gpio                  
0     0008535a  _GPIO_SetupXINT2Gpio                  
0     00085364  _GPIO_SetupXINT3Gpio                  
0     0008536e  _GPIO_SetupXINT4Gpio                  
0     00085378  _GPIO_SetupXINT5Gpio                  
0     000853ed  _GPIO_WritePin                        
0     000866d4  _GetSizeRing                          
1     00007c00  _GpioCtrlRegs                         
1     00007f00  _GpioDataRegs                         
0     00084f89  _Gpio_setup                           
0     00085d90  _HALT                                 
0     00085da1  _HIB                                  
1     0000acc4  _I2C                                  
0     00084c62  _I2CA_FIFO_ISR                        
0     00084c58  _I2CA_ISR                             
0     00084c76  _I2CB_FIFO_ISR                        
0     00084c6c  _I2CB_ISR                             
1     00007300  _I2caRegs                             
1     00007340  _I2cbRegs                             
0     00085d7c  _IDLE                                 
0     00084000  _IINCHIP_READ                         
0     00084006  _IINCHIP_WRITE                        
0     00084a00  _ILLEGAL_ISR                          
1     0000ab80  _INV                                  
1     0000a83e  _INV_Tsamp                            
1     0000a82a  _INV_Vdc                              
1     0000a910  _INV_data_buf                         
1     0000a844  _INV_status                           
0     00084dd4  _IPC0_ISR                             
0     00084dde  _IPC1_ISR                             
0     00084de8  _IPC2_ISR                             
0     00084df2  _IPC3_ISR                             
0     00085db5  _InitAdc                              
0     00085c94  _InitAuxPll                           
0     000863db  _InitController                       
0     000866e8  _InitCpuTimers                        
0     000861ee  _InitEPwm                             
0     0008622e  _InitEPwm2Gpio                        
0     00086351  _InitFlags                            
0     00085baa  _InitFlash_Bank0                      
0     00085bcf  _InitFlash_Bank1                      
0     00084f49  _InitGpio                             
0     0008635f  _InitParameters                       
0     00085b0e  _InitPeripheralClocks                 
0     000868b0  _InitPieCtrl                          
0     000868d8  _InitPieVectTable                     
0     00083e4c  _InitSpiDac                           
0     00085ad9  _InitSysCtrl                          
0     00085c10  _InitSysPll                           
0     000868fe  _InitXbar                             
1     00007900  _InputXbarRegs                        
0     000866e0  _IsRingEmpty                          
1     0000a81e  _Ki                                   
1     0000a80c  _Ki_H                                 
1     0000a809  _Ki_L                                 
1     0000a81c  _Ki_ulong                             
1     0000a828  _Kp                                   
1     0000a808  _Kp_H                                 
1     0000a807  _Kp_L                                 
1     0000a83a  _Kp_ulong                             
1     0000acc0  _MCBSP                                
0     00084bf4  _MCBSPA_RX_ISR                        
0     00084bfe  _MCBSPA_TX_ISR                        
0     00084c08  _MCBSPB_RX_ISR                        
0     00084c12  _MCBSPB_TX_ISR                        
1     00006000  _McbspaRegs                           
1     00006040  _McbspbRegs                           
1     0005f400  _MemCfgRegs                           
1     0005f500  _MemoryErrorRegs                      
0     000849f6  _NMI_ISR                              
0     00084f3f  _NOTUSED_ISR                          
1     00007060  _NmiIntruptRegs                       
1     0000a868  _OffsetAin_adc_A                      
1     0000a8c0  _OffsetAin_adc_B                      
1     00007a80  _OutputXbarRegs                       
1     0000ad54  _PC_mode                              
1     0000ad4e  _PC_status                            
0     00084f28  _PIE_RESERVED_ISR                     
1     00000ce0  _PieCtrlRegs                          
1     00000d00  _PieVectTable                         
0     00090000  _PieVectTableInit                     
0     00084ef6  _RAM_ACCESS_VIOLATION_ISR             
0     00084ee2  _RAM_CORRECTABLE_ERROR_ISR            
0     000849e2  _RTOS_ISR                             
1     0000ada0  _RXMEM_SIZE                           
0     00086004  _RamfuncsLoadEnd                      
abs   00000004  _RamfuncsLoadSize                     
0     00086000  _RamfuncsLoadStart                    
0     00008004  _RamfuncsRunEnd                       
abs   00000004  _RamfuncsRunSize                      
0     00008000  _RamfuncsRunStart                     
0     000864be  _ReadRecvFloatData                    
0     000864d3  _ReadRecvIntData                      
0     000864e7  _ReadRecvShortData                    
0     000866ba  _ReadRing                             
0     00086663  _ResetRing                            
1     0005e608  _RomPrefetchRegs                      
1     0005f540  _RomWaitStateRegs                     
1     0000acc8  _SCI                                  
0     00084ca8  _SCIA_RX_ISR                          
0     00084cb2  _SCIA_TX_ISR                          
0     00084cbc  _SCIB_RX_ISR                          
0     00084cc6  _SCIB_TX_ISR                          
0     00084c80  _SCIC_RX_ISR                          
0     00084c8a  _SCIC_TX_ISR                          
0     00084c94  _SCID_RX_ISR                          
0     00084c9e  _SCID_TX_ISR                          
0     00084e4c  _SD1_ISR                              
0     00084e56  _SD2_ISR                              
1     0000accc  _SDFM                                 
1     0000ad88  _SOCK_INT                             
1     0000acda  _SPI                                  
0     00084bcc  _SPIA_RX_ISR                          
0     00084bd6  _SPIA_TX_ISR                          
0     00084be0  _SPIB_RX_ISR                          
0     00084bea  _SPIB_TX_ISR                          
0     00084e60  _SPIC_RX_ISR                          
0     00084e6a  _SPIC_TX_ISR                          
1     0000a803  _SPI_TEST0                            
1     0000a806  _SPI_TEST1                            
1     0000a801  _SPI_TEST2                            
1     0000a800  _SPI_TEST3                            
1     0000a805  _SPI_TEST4                            
0     00085d85  _STANDBY                              
0     00084f00  _SYS_PLL_SLIP_ISR                     
1     0000a85c  _ScaleAin_adc_A                       
1     0000a8b0  _ScaleAin_adc_B                       
1     00007200  _SciaRegs                             
1     00007210  _ScibRegs                             
1     00007220  _ScicRegs                             
1     00007230  _ScidRegs                             
1     00005e00  _Sdfm1Regs                            
1     00005e80  _Sdfm2Regs                            
0     00085bf4  _ServiceDog                           
0     00083eab  _SpiDacOut                            
1     00006100  _SpiaRegs                             
1     00006110  _SpibRegs                             
1     00006120  _SpicRegs                             
0     00085d3c  _SysIntOsc1Sel                        
0     00085d46  _SysIntOsc2Sel                        
0     00085d50  _SysXtalOscSel                        
0     00084abe  _TIMER0_ISR                           
0     000849c4  _TIMER1_ISR                           
0     000849ce  _TIMER2_ISR                           
1     0000ad90  _TXMEM_SIZE                           
1     00007940  _TrigRegs                             
1     0000a830  _Tsamp                                
1     0000ad42  _UDP_RX_flag                          
1     0000a960  _UDP_data                             
1     0000ad40  _UDP_status                           
1     0000adb0  _UPDATE_ADDR_PORT                     
0     00084e74  _UPPA_ISR                             
0     00084e7e  _USBA_ISR                             
0     00084a64  _USER10_ISR                           
0     00084a6e  _USER11_ISR                           
0     00084a78  _USER12_ISR                           
0     00084a0a  _USER1_ISR                            
0     00084a14  _USER2_ISR                            
0     00084a1e  _USER3_ISR                            
0     00084a28  _USER4_ISR                            
0     00084a32  _USER5_ISR                            
0     00084a3c  _USER6_ISR                            
0     00084a46  _USER7_ISR                            
0     00084a50  _USER8_ISR                            
0     00084a5a  _USER9_ISR                            
1     00006200  _UppRegs                              
0     00084db6  _VCU_ISR                              
1     0000a819  _W5300_MODE                           
0     00084ac8  _WAKE_ISR                             
1     00007000  _WdRegs                               
0     00084aa0  _XINT1_ISR                            
0     00084aaa  _XINT2_ISR                            
0     00084d98  _XINT3_ISR                            
0     00084da2  _XINT4_ISR                            
0     00084dac  _XINT5_ISR                            
1     00007920  _XbarRegs                             
1     00007070  _XintRegs                             
1     00000700  __STACK_END                           
abs   00000300  __STACK_SIZE                          
1     0000ad3c  ___TI_cleanup_ptr                     
1     0000ad3e  ___TI_dtors_ptr                       
1     0000ad3a  ___TI_enable_exit_profile_output      
abs   ffffffff  ___TI_pprof_out_hndl                  
abs   ffffffff  ___TI_prof_data_size                  
abs   ffffffff  ___TI_prof_data_start                 
abs   ffffffff  ___binit__                            
abs   ffffffff  ___c_args__                           
0     00082000  ___cinit__                            
abs   ffffffff  ___etext__                            
abs   ffffffff  ___pinit__                            
abs   ffffffff  ___text__                             
0     00086935  __args_main                           
0     00085827  __close                               
1     0000acbc  __lock                                
0     0008696e  __nop                                 
0     0008696a  __register_lock                       
0     00086966  __register_unlock                     
1     00000400  __stack                               
0     00083ffc  __system_post_cinit                   
0     00083ffa  __system_pre_init                     
1     0000acbe  __unlock                              
1     0000ad5c  _a                                    
0     00086887  _abort                                
0     00085fa3  _c_int00                              
0     000837be  _cc                                   
1     0000ad58  _ccTime                               
1     0000ad5a  _ccTimer1start                        
1     0000ad47  _cc_cnt                               
0     00083cf4  _cc_debug                             
1     0000ad4b  _cc_debug_cnt                         
1     0000a816  _check_header_flag                    
1     0000adb2  _check_sendok_flag                    
1     0000adc8  _check_sum_cnt                        
1     0000adc0  _check_sum_fail                       
0     000840fe  _clearSUBR                            
1     0000a804  _cnt_delay                            
1     0000ad4d  _coil_num                             
0     00085872  _connect                              
0     00086506  _convert_binary_to_float              
0     000864f8  _convert_float_to_binary              
0     00086802  _copy_in                              
1     0000a900  _current_ref                          
1     0000a8da  _current_ref_set                      
1     0000a8ea  _current_reference                    
1     0000a8ca  _current_sen                          
1     0000a940  _current_sen_debug                    
1     0000a880  _da                                   
1     0000a848  _da_data                              
1     0000a8a0  _da_mid                               
1     0000a898  _da_scale                             
1     0000a890  _da_temp                              
1     0000a84c  _da_type                              
0     0008691b  _ddcopy                               
0     00083302  _debug_mode_spi_func                  
1     0000add0  _debug_val                            
1     0000a826  _default_Ki                           
1     0000a824  _default_Kp                           
0     00086337  _delaycc                              
1     0000ad62  _destip                               
1     0000ad66  _destip_veri                          
1     0000ad4c  _destport                             
1     0000ad44  _destport_veri                        
0     0008592d  _disconnect                           
1     0000a80f  _disconnect_cnt                       
0     0008691b  _dpcopy                               
0     00086763  _easyDSP_SCI_Init                     
0     0008540b  _easy_RXINT_ISR                       
0     00085778  _easy_TXINT_ISR                       
1     0000ad6a  _error_cnt                            
0     00086889  _exit                                 
1     0000ae0d  _ezDSP_Version_SCI                    
1     0000ae10  _ezDSP_fFloat                         
1     0000ac86  _ezDSP_nEndPos                        
1     0000ac87  _ezDSP_nMaxBuffSize                   
1     0000ac88  _ezDSP_nStartPos                      
1     0000ac89  _ezDSP_ringBuffer                     
1     0000ae05  _ezDSP_uAddrRdCnt                     
1     0000ae03  _ezDSP_uBRKDTCount                    
1     0000ae07  _ezDSP_uChksum                        
1     0000ae09  _ezDSP_uData                          
1     0000ae06  _ezDSP_uDataRdCnt                     
1     0000ae0a  _ezDSP_uFECount                       
1     0000ae04  _ezDSP_uOECount                       
1     0000ae02  _ezDSP_uPECount                       
1     0000ae0c  _ezDSP_uRead16BPossible               
1     0000ae0b  _ezDSP_uRead8BPossible                
1     0000ae08  _ezDSP_uState                         
1     0000ae00  _ezDSP_uWrongISRCount                 
1     0000ae01  _ezDSP_ucRx                           
1     0000ae0e  _ezDSP_ulAddr                         
1     0000ae12  _ezDSP_ulData                         
1     0000ae14  _ezDSP_ullData                        
1     0000ad72  _fault_cnt                            
0     000841fb  _getFMTUR                             
0     00084092  _getGAR                               
0     00084271  _getIDR                               
0     0008497c  _getIINCHIP_RxMAX                     
0     00084970  _getIINCHIP_TxMAX                     
0     0008402a  _getIMR                               
0     0008401a  _getIR                                
0     0008400e  _getMR                                
0     00084176  _getPATR                              
0     000841a2  _getPDHAR                             
0     0008418c  _getPMAGICR                           
0     0008419c  _getPSIDR                             
0     0008417c  _getPTIMER                            
0     00084239  _getPn_BDPTHR                         
0     00084201  _getPn_BRDYR                          
0     00084166  _getRCR                               
0     00084156  _getRTR                               
0     0008403a  _getSHAR                              
0     00084119  _getSIPR                              
0     000840c9  _getSUBR                              
0     000842ab  _getSn_CR                             
0     000843a9  _getSn_DHAR                           
0     000844c6  _getSn_DIPR                           
0     000847f7  _getSn_FRAGR                          
0     000842fc  _getSn_IMR                            
0     00084334  _getSn_IR                             
0     000845ac  _getSn_KPALVTR                        
0     00084277  _getSn_MR                             
0     00084574  _getSn_MSSR                           
0     00084733  _getSn_PROTOR                         
0     00084718  _getSn_RX_FIFOR                       
0     000846b7  _getSn_RX_RSR                         
0     0008436c  _getSn_SSR                            
0     00084787  _getSn_TOSR                           
0     000847bf  _getSn_TTLR                           
0     00084674  _getSn_TX_FSR                         
0     00084600  _getSn_TX_WRSR                        
0     000841d3  _getUIPR                              
0     000841f5  _getUPORTR                            
1     0000a850  _gw_set                               
1     0000ad24  _gw_veri                              
1     0000a82c  _half_Vdc                             
1     0000ad50  _i                                    
0     00082e80  _idle_mode_spi_func                   
1     0000ad1d  _idr_veri                             
0     0008482f  _iinchip_init                         
1     0000adb1  _iinchip_source_port                  
0     0008255c  _init_mode_spi_func                   
0     00082ae6  _inv_test_mode_spi_func               
1     0000a858  _ip_set                               
1     0000ad28  _ip_veri                              
1     0000ad4a  _is_debug_mode                        
1     0000ad45  _is_ready                             
1     0000ad49  _iter                                 
1     0000ad1b  _len_veri                             
[...]
0     00085d66  _AuxXtalOscSel                        
0     00085d72  _AuxAuxClkSel                         
0     00085d7c  _IDLE                                 
0     00085d85  _STANDBY                              
0     00085d90  _HALT                                 
0     00085da1  _HIB                                  
0     00085db5  _InitAdc                              
0     00085dc3  _Config_16bit_AdcA                    
0     00085e32  _Config_12bit_AdcB                    
0     00085ec6  _AdcSetMode                           
0     00085f69  _CalAdcINL                            
0     00085fa3  _c_int00                              
0     00086000  _RamfuncsLoadStart                    
0     00086004  _RamfuncsLoadEnd                      
0     00086004  _reset_INV_boards                     
0     000861ee  _InitEPwm                             
0     0008622e  _InitEPwm2Gpio                        
0     0008623f  _EPwm1_MasterSetup                    
0     00086260  _ConfigureEPWM                        
0     0008632d  _DUTY_OFF                             
0     00086337  _delaycc                              
0     00086351  _InitFlags                            
0     0008635f  _InitParameters                       
0     000863db  _InitController                       
0     0008643c  _AddSendHeaderData                    
0     0008645d  _AddSendFloatData                     
0     00086488  _AddSendShortBinaryData               
0     0008649f  _AddSendBinaryData                    
0     000864be  _ReadRecvFloatData                    
0     000864d3  _ReadRecvIntData                      
0     000864e7  _ReadRecvShortData                    
0     000864f8  _convert_float_to_binary              
0     00086506  _convert_binary_to_float              
0     00086516  _main                                 
0     000865cc  _reset_iinchip                        
0     000865db  FS$$DIV                               
0     00086663  _ResetRing                            
0     0008667a  _AddRing                              
0     000866a6  _ExtractRing                          
0     000866ba  _ReadRing                             
0     000866d4  _GetSizeRing                          
0     000866e0  _IsRingEmpty                          
0     000866e8  _InitCpuTimers                        
0     00086729  _ConfigCpuTimer                       
0     00086763  _easyDSP_SCI_Init                     
0     000867b3  _FaultISR                             
0     00086802  _copy_in                              
0     00086848  _Emif1Initialize                      
0     00086850  _ASync_wait_config                    
0     00086873  _ASync_cs2_config                     
0     00086879  _ASync_cs3_config                     
0     00086881  _ASync_cs4_config                     
0     00086887  C$$EXIT                               
0     00086887  _abort                                
0     00086889  _exit                                 
0     000868b0  _InitPieCtrl                          
0     000868cf  _EnableInterrupts                     
0     000868d8  _InitPieVectTable                     
0     000868fe  _InitXbar                             
0     0008691b  _ddcopy                               
0     0008691b  _dpcopy                               
0     0008691b  _pdcopy                               
0     0008691b  _ppcopy                               
0     00086935  __args_main                           
0     0008694e  LL$$AND                               
0     00086956  LL$$OR                                
0     0008695e  LL$$XOR                               
0     00086966  __register_unlock                     
0     0008696a  __register_lock                       
0     0008696e  __nop                                 
0     00090000  _PieVectTableInit                     
1     00000400  __stack                               
1     00000700  __STACK_END                           
1     00000b00  _AdcaResultRegs                       
1     00000b20  _AdcbResultRegs                       
1     00000b40  _AdccResultRegs                       
1     00000b60  _AdcdResultRegs                       
1     00000c00  _CpuTimer0Regs                        
1     00000c08  _CpuTimer1Regs                        
1     00000c10  _CpuTimer2Regs                        
1     00000ce0  _PieCtrlRegs                          
1     00000d00  _EmuKey                               
1     00000d00  _PieVectTable                         
1     00000d01  _EmuBMode                             
1     00001000  _DmaRegs                              
1     00001400  _Cla1Regs                             
1     00004000  _EPwm1Regs                            
1     00004100  _EPwm2Regs                            
1     00004200  _EPwm3Regs                            
1     00004300  _EPwm4Regs                            
1     00004400  _EPwm5Regs                            
1     00004500  _EPwm6Regs                            
1     00004600  _EPwm7Regs                            
1     00004700  _EPwm8Regs                            
1     00004800  _EPwm9Regs                            
1     00004900  _EPwm10Regs                           
1     00004a00  _EPwm11Regs                           
1     00004b00  _EPwm12Regs                           
1     00005000  _ECap1Regs                            
1     00005020  _ECap2Regs                            
1     00005040  _ECap3Regs                            
1     00005060  _ECap4Regs                            
1     00005080  _ECap5Regs                            
1     000050a0  _ECap6Regs                            
1     00005100  _EQep1Regs                            
1     00005140  _EQep2Regs                            
1     00005180  _EQep3Regs                            
1     00005c00  _DacaRegs                             
1     00005c10  _DacbRegs                             
1     00005c20  _DaccRegs                             
1     00005c80  _Cmpss1Regs                           
1     00005ca0  _Cmpss2Regs                           
1     00005cc0  _Cmpss3Regs                           
1     00005ce0  _Cmpss4Regs                           
1     00005d00  _Cmpss5Regs                           
1     00005d20  _Cmpss6Regs                           
1     00005d40  _Cmpss7Regs                           
1     00005d60  _Cmpss8Regs                           
1     00005e00  _Sdfm1Regs                            
1     00005e80  _Sdfm2Regs                            
1     00006000  _McbspaRegs                           
1     00006040  _McbspbRegs                           
1     00006100  _SpiaRegs                             
1     00006110  _SpibRegs                             
1     00006120  _SpicRegs                             
1     00006200  _UppRegs                              
1     00007000  _WdRegs                               
1     00007060  _NmiIntruptRegs                       
1     00007070  _XintRegs                             
1     00007200  _SciaRegs                             
1     00007210  _ScibRegs                             
1     00007220  _ScicRegs                             
1     00007230  _ScidRegs                             
1     00007300  _I2caRegs                             
1     00007340  _I2cbRegs                             
1     00007400  _AdcaRegs                             
1     00007480  _AdcbRegs                             
1     00007500  _AdccRegs                             
1     00007580  _AdcdRegs                             
1     00007900  _InputXbarRegs                        
1     00007920  _XbarRegs                             
1     00007940  _TrigRegs                             
1     00007980  _DmaClaSrcSelRegs                     
1     00007a00  _EPwmXbarRegs                         
1     00007a80  _OutputXbarRegs                       
1     00007c00  _GpioCtrlRegs                         
1     00007f00  _GpioDataRegs                         
1     0000a800  _SPI_TEST3                            
1     0000a801  _SPI_TEST2                            
1     0000a802  _Dout1                                
1     0000a803  _SPI_TEST0                            
1     0000a804  _cnt_delay                            
1     0000a805  _SPI_TEST4                            
1     0000a806  _SPI_TEST1                            
1     0000a807  _Kp_L                                 
1     0000a808  _Kp_H                                 
1     0000a809  _Ki_L                                 
1     0000a80a  _Dout3                                
1     0000a80b  _Dout2                                
1     0000a80c  _Ki_H                                 
1     0000a80d  _FanCon                               
1     0000a80e  _test3                                
1     0000a80f  _disconnect_cnt                       
1     0000a810  _mode_changed                         
1     0000a811  _maxCount_ePWM                        
1     0000a812  _reset_inv_total_cnt                  
1     0000a813  _DacOffset                            
1     0000a814  _reset_inv_waiting                    
1     0000a815  _using_inv_num                        
1     0000a816  _check_header_flag                    
1     0000a817  _write_info                           
1     0000a818  _read_info                            
1     0000a819  _W5300_MODE                           
1     0000a81a  _recv_cnt                             
1     0000a81c  _Ki_ulong                             
1     0000a81e  _Ki                                   
1     0000a820  _send_len                             
1     0000a822  _recv_len                             
1     0000a824  _default_Kp                           
1     0000a826  _default_Ki                           
1     0000a828  _Kp                                   
1     0000a82a  _INV_Vdc                              
1     0000a82c  _half_Vdc                             
1     0000a82e  _test_fault_a                         
1     0000a830  _Tsamp                                
1     0000a832  _reset_inv_num                        
1     0000a834  _test_f                               
1     0000a836  _Fsamp                                
1     0000a838  _test_theta                           
1     0000a83a  _Kp_ulong                             
1     0000a83c  _test_fault_b                         
1     0000a83e  _INV_Tsamp                            
1     0000a840  _Fsw                                  
1     0000a842  _test_fault_c                         
1     0000a844  _INV_status                           
1     0000a848  _da_data                              
1     0000a84c  _da_type                              
1     0000a850  _gw_set                               
1     0000a854  _sn_set                               
1     0000a858  _ip_set                               
1     0000a85c  _ScaleAin_adc_A                       
1     0000a862  _mac_set                              
1     0000a868  _OffsetAin_adc_A                      
1     0000a86e  _tx_mem_conf                          
1     0000a876  _rx_mem_conf                          
1     0000a880  _da                                   
1     0000a888  _Flag                                 
1     0000a890  _da_temp                              
1     0000a898  _da_scale                             
1     0000a8a0  _da_mid                               
1     0000a8a8  _reset_inv_list                       
1     0000a8b0  _ScaleAin_adc_B                       
1     0000a8c0  _OffsetAin_adc_B                      
1     0000a8ca  _current_sen                          
1     0000a8da  _current_ref_set                      
1     0000a8ea  _current_reference                    
1     0000a900  _current_ref                          
1     0000a910  _INV_data_buf                         
1     0000a920  _voltage_reference                    
1     0000a940  _current_sen_debug                    
1     0000a960  _UDP_data                             
1     0000a980  _recv_buf                             
1     0000aa80  _send_buf                             
1     0000ab80  _INV                                  
1     0000ac86  _ezDSP_nEndPos                        
1     0000ac87  _ezDSP_nMaxBuffSize                   
1     0000ac88  _ezDSP_nStartPos                      
1     0000ac89  _ezDSP_ringBuffer                     
1     0000acbc  __lock                                
1     0000acbe  __unlock                              
1     0000acc0  _MCBSP                                
1     0000acc4  _I2C                                  
1     0000acc8  _SCI                                  
1     0000accc  _SDFM                                 
1     0000acd2  _EQEP                                 
1     0000acda  _SPI                                  
1     0000ace2  _ECAP                                 
1     0000ad00  _EPWM                                 
1     0000ad1a  _receive_veri                         
1     0000ad1b  _len_veri                             
1     0000ad1c  _port_veri                            
1     0000ad1d  _idr_veri                             
1     0000ad1e  _time_a                               
1     0000ad20  _loopCnt                              
1     0000ad22  _time_udp                             
1     0000ad24  _gw_veri                              
1     0000ad28  _ip_veri                              
1     0000ad2c  _sock_flags                           
1     0000ad30  _sn_veri                              
1     0000ad34  _mac_veri                             
1     0000ad3a  ___TI_enable_exit_profile_output      
1     0000ad3c  ___TI_cleanup_ptr                     
1     0000ad3e  ___TI_dtors_ptr                       
1     0000ad40  _UDP_status                           
1     0000ad41  _send_fail                            
1     0000ad42  _UDP_RX_flag                          
1     0000ad43  _sen_mode                             
1     0000ad44  _destport_veri                        
1     0000ad45  _is_ready                             
1     0000ad46  _temp_sum_l                           
1     0000ad47  _cc_cnt                               
1     0000ad48  _temp_sum_h                           
1     0000ad49  _iter                                 
1     0000ad4a  _is_debug_mode                        
1     0000ad4b  _cc_debug_cnt                         
1     0000ad4c  _destport                             
1     0000ad4d  _coil_num                             
1     0000ad4e  _PC_status                            
1     0000ad4f  _recv_temp_l                          
1     0000ad50  _i                                    
1     0000ad51  _recv_temp_h                          
1     0000ad52  _recv_temp                            
1     0000ad53  _recv_iter                            
1     0000ad54  _PC_mode                              
1     0000ad55  _ref_num                              
1     0000ad57  _ref_gen_mode                         
1     0000ad58  _ccTime                               
1     0000ad5a  _ccTimer1start                        
1     0000ad5c  _a                                    
1     0000ad5e  _temp_sum                             
1     0000ad60  _temp_float                           
1     0000ad62  _destip                               
1     0000ad66  _destip_veri                          
1     0000ad6a  _error_cnt                            
1     0000ad72  _fault_cnt                            
1     0000ad73  _Fault_ADC_B_SOC_H                    
1     0000ad74  _Fault                                
1     0000ad76  _Fault_ADC_A_SOC_L                    
1     0000ad79  _Fault_ADC_A_SOC_H                    
1     0000ad88  _SOCK_INT                             
1     0000ad90  _TXMEM_SIZE                           
1     0000ada0  _RXMEM_SIZE                           
1     0000adb0  _UPDATE_ADDR_PORT                     
1     0000adb1  _iinchip_source_port                  
1     0000adb2  _check_sendok_flag                    
1     0000adc0  _check_sum_fail                       
1     0000adc8  _check_sum_cnt                        
1     0000add0  _debug_val                            
1     0000adda  _CpuTimer1                            
1     0000ade2  _CpuTimer2                            
1     0000adea  _CpuTimer0                            
1     0000ae00  _ezDSP_uWrongISRCount                 
1     0000ae01  _ezDSP_ucRx                           
1     0000ae02  _ezDSP_uPECount                       
1     0000ae03  _ezDSP_uBRKDTCount                    
1     0000ae04  _ezDSP_uOECount                       
1     0000ae05  _ezDSP_uAddrRdCnt                     
1     0000ae06  _ezDSP_uDataRdCnt                     
1     0000ae07  _ezDSP_uChksum                        
1     0000ae08  _ezDSP_uState                         
1     0000ae09  _ezDSP_uData                          
1     0000ae0a  _ezDSP_uFECount                       
1     0000ae0b  _ezDSP_uRead8BPossible                
1     0000ae0c  _ezDSP_uRead16BPossible               
1     0000ae0d  _ezDSP_Version_SCI                    
1     0000ae0e  _ezDSP_ulAddr                         
1     0000ae10  _ezDSP_fFloat                         
1     0000ae12  _ezDSP_ulData                         
1     0000ae14  _ezDSP_ullData                        
1     00047000  _Emif1Regs                            
1     00047800  _Emif2Regs                            
1     0005d000  _DevCfgRegs                           
1     0005d180  _AnalogSubsysRegs                     
1     0005d200  _ClkCfgRegs                           
1     0005d300  _CpuSysRegs                           
1     0005e608  _RomPrefetchRegs                      
1     0005f000  _DcsmZ1Regs                           
1     0005f040  _DcsmZ2Regs                           
1     0005f070  _DcsmCommonRegs                       
1     0005f400  _MemCfgRegs                           
1     0005f480  _Emif1ConfigRegs                      
1     0005f4a0  _Emif2ConfigRegs                      
1     0005f4c0  _AccessProtectionRegs                 
1     0005f500  _MemoryErrorRegs                      
1     0005f540  _RomWaitStateRegs                     
1     0005f800  _Flash0CtrlRegs                       
1     0005fb00  _Flash0EccRegs                        
1     0005fc00  _Flash1CtrlRegs                       
1     0005ff00  _Flash1EccRegs                        
1     00078000  _DcsmZ1Otp                            
1     00078200  _DcsmZ2Otp                            
abs   00000004  _RamfuncsLoadSize                     
abs   00000004  _RamfuncsRunSize                      
abs   00000300  __STACK_SIZE                          
abs   ffffffff  .text                                 
abs   ffffffff  ___TI_pprof_out_hndl                  
abs   ffffffff  ___TI_prof_data_size                  
abs   ffffffff  ___TI_prof_data_start                 
abs   ffffffff  ___binit__                            
abs   ffffffff  ___c_args__                           
abs   ffffffff  ___etext__                            
abs   ffffffff  ___pinit__                            
abs   ffffffff  ___text__                             
abs   ffffffff  binit                                 
abs   ffffffff  etext                                 
abs   ffffffff  pinit                                 

[636 symbols]
